../Core/Src/main.c:157:5:main	272	static
../Core/Src/main.c:241:6:SystemClock_Config	88	static
../Core/Src/main.c:284:6:writeSD_rData	8	static
../Core/Src/main.c:296:6:writeSD	16	static
../Core/Src/main.c:306:6:readData	8	static
../Core/Src/main.c:340:6:writeData	128	static
../Core/Src/main.c:414:6:recieveTransmitData	24	static
../Core/Src/main.c:430:6:cheakAll	8	static
../Core/Src/main.c:495:6:initVariables	8	static
../Core/Src/main.c:504:6:SvSend	16	static
../Core/Src/main.c:507:6:SvGet	16	static
../Core/Src/main.c:529:6:Error_Handler	4	static,ignoring_inline_asm
