../Core/Src/led.c:14:6:dot	8	static
../Core/Src/led.c:20:6:dash	8	static
../Core/Src/led.c:26:6:timeout	8	static
../Core/Src/led.c:31:6:letter_s	16	static
../Core/Src/led.c:37:6:letter_p	8	static
../Core/Src/led.c:44:6:letter_o	16	static
../Core/Src/led.c:49:6:letter_r	8	static
../Core/Src/led.c:55:6:letter_a	8	static
../Core/Src/led.c:60:6:letter_d	8	static
../Core/Src/led.c:66:6:letter_i	8	static
../Core/Src/led.c:71:6:letter_k	8	static
../Core/Src/led.c:81:6:word_SOS	8	static
../Core/Src/led.c:86:6:word_Sporadik	8	static
