Archive member included to satisfy reference by file (symbol)

C:/ST/STM32CubeIDE_1.18.1/STM32CubeIDE/plugins/com.st.stm32cube.ide.mcu.externaltools.gnu-tools-for-stm32.13.3.rel1.win32_1.0.0.202411081344/tools/bin/../lib/gcc/arm-none-eabi/13.3.1/../../../../arm-none-eabi/lib/thumb/v7e-m+fp/hard\libc_nano.a(libc_a-exit.o)
                              C:/ST/STM32CubeIDE_1.18.1/STM32CubeIDE/plugins/com.st.stm32cube.ide.mcu.externaltools.gnu-tools-for-stm32.13.3.rel1.win32_1.0.0.202411081344/tools/bin/../lib/gcc/arm-none-eabi/13.3.1/../../../../arm-none-eabi/lib/thumb/v7e-m+fp/hard/crt0.o (exit)
C:/ST/STM32CubeIDE_1.18.1/STM32CubeIDE/plugins/com.st.stm32cube.ide.mcu.externaltools.gnu-tools-for-stm32.13.3.rel1.win32_1.0.0.202411081344/tools/bin/../lib/gcc/arm-none-eabi/13.3.1/../../../../arm-none-eabi/lib/thumb/v7e-m+fp/hard\libc_nano.a(libc_a-findfp.o)
                              C:/ST/STM32CubeIDE_1.18.1/STM32CubeIDE/plugins/com.st.stm32cube.ide.mcu.externaltools.gnu-tools-for-stm32.13.3.rel1.win32_1.0.0.202411081344/tools/bin/../lib/gcc/arm-none-eabi/13.3.1/../../../../arm-none-eabi/lib/thumb/v7e-m+fp/hard\libc_nano.a(libc_a-exit.o) (__stdio_exit_handler)
C:/ST/STM32CubeIDE_1.18.1/STM32CubeIDE/plugins/com.st.stm32cube.ide.mcu.externaltools.gnu-tools-for-stm32.13.3.rel1.win32_1.0.0.202411081344/tools/bin/../lib/gcc/arm-none-eabi/13.3.1/../../../../arm-none-eabi/lib/thumb/v7e-m+fp/hard\libc_nano.a(libc_a-fwalk.o)
                              C:/ST/STM32CubeIDE_1.18.1/STM32CubeIDE/plugins/com.st.stm32cube.ide.mcu.externaltools.gnu-tools-for-stm32.13.3.rel1.win32_1.0.0.202411081344/tools/bin/../lib/gcc/arm-none-eabi/13.3.1/../../../../arm-none-eabi/lib/thumb/v7e-m+fp/hard\libc_nano.a(libc_a-findfp.o) (_fwalk_sglue)
C:/ST/STM32CubeIDE_1.18.1/STM32CubeIDE/plugins/com.st.stm32cube.ide.mcu.externaltools.gnu-tools-for-stm32.13.3.rel1.win32_1.0.0.202411081344/tools/bin/../lib/gcc/arm-none-eabi/13.3.1/../../../../arm-none-eabi/lib/thumb/v7e-m+fp/hard\libc_nano.a(libc_a-stdio.o)
                              C:/ST/STM32CubeIDE_1.18.1/STM32CubeIDE/plugins/com.st.stm32cube.ide.mcu.externaltools.gnu-tools-for-stm32.13.3.rel1.win32_1.0.0.202411081344/tools/bin/../lib/gcc/arm-none-eabi/13.3.1/../../../../arm-none-eabi/lib/thumb/v7e-m+fp/hard\libc_nano.a(libc_a-findfp.o) (__sread)
C:/ST/STM32CubeIDE_1.18.1/STM32CubeIDE/plugins/com.st.stm32cube.ide.mcu.externaltools.gnu-tools-for-stm32.13.3.rel1.win32_1.0.0.202411081344/tools/bin/../lib/gcc/arm-none-eabi/13.3.1/../../../../arm-none-eabi/lib/thumb/v7e-m+fp/hard\libc_nano.a(libc_a-memset.o)
                              C:/ST/STM32CubeIDE_1.18.1/STM32CubeIDE/plugins/com.st.stm32cube.ide.mcu.externaltools.gnu-tools-for-stm32.13.3.rel1.win32_1.0.0.202411081344/tools/bin/../lib/gcc/arm-none-eabi/13.3.1/../../../../arm-none-eabi/lib/thumb/v7e-m+fp/hard/crt0.o (memset)
C:/ST/STM32CubeIDE_1.18.1/STM32CubeIDE/plugins/com.st.stm32cube.ide.mcu.externaltools.gnu-tools-for-stm32.13.3.rel1.win32_1.0.0.202411081344/tools/bin/../lib/gcc/arm-none-eabi/13.3.1/../../../../arm-none-eabi/lib/thumb/v7e-m+fp/hard\libc_nano.a(libc_a-closer.o)
                              C:/ST/STM32CubeIDE_1.18.1/STM32CubeIDE/plugins/com.st.stm32cube.ide.mcu.externaltools.gnu-tools-for-stm32.13.3.rel1.win32_1.0.0.202411081344/tools/bin/../lib/gcc/arm-none-eabi/13.3.1/../../../../arm-none-eabi/lib/thumb/v7e-m+fp/hard\libc_nano.a(libc_a-stdio.o) (_close_r)
C:/ST/STM32CubeIDE_1.18.1/STM32CubeIDE/plugins/com.st.stm32cube.ide.mcu.externaltools.gnu-tools-for-stm32.13.3.rel1.win32_1.0.0.202411081344/tools/bin/../lib/gcc/arm-none-eabi/13.3.1/../../../../arm-none-eabi/lib/thumb/v7e-m+fp/hard\libc_nano.a(libc_a-reent.o)
                              C:/ST/STM32CubeIDE_1.18.1/STM32CubeIDE/plugins/com.st.stm32cube.ide.mcu.externaltools.gnu-tools-for-stm32.13.3.rel1.win32_1.0.0.202411081344/tools/bin/../lib/gcc/arm-none-eabi/13.3.1/../../../../arm-none-eabi/lib/thumb/v7e-m+fp/hard\libc_nano.a(libc_a-closer.o) (errno)
C:/ST/STM32CubeIDE_1.18.1/STM32CubeIDE/plugins/com.st.stm32cube.ide.mcu.externaltools.gnu-tools-for-stm32.13.3.rel1.win32_1.0.0.202411081344/tools/bin/../lib/gcc/arm-none-eabi/13.3.1/../../../../arm-none-eabi/lib/thumb/v7e-m+fp/hard\libc_nano.a(libc_a-impure.o)
                              C:/ST/STM32CubeIDE_1.18.1/STM32CubeIDE/plugins/com.st.stm32cube.ide.mcu.externaltools.gnu-tools-for-stm32.13.3.rel1.win32_1.0.0.202411081344/tools/bin/../lib/gcc/arm-none-eabi/13.3.1/../../../../arm-none-eabi/lib/thumb/v7e-m+fp/hard\libc_nano.a(libc_a-reent.o) (_impure_ptr)
C:/ST/STM32CubeIDE_1.18.1/STM32CubeIDE/plugins/com.st.stm32cube.ide.mcu.externaltools.gnu-tools-for-stm32.13.3.rel1.win32_1.0.0.202411081344/tools/bin/../lib/gcc/arm-none-eabi/13.3.1/../../../../arm-none-eabi/lib/thumb/v7e-m+fp/hard\libc_nano.a(libc_a-lseekr.o)
[...]
Memory Configuration

Name             Origin             Length             Attributes
RAM              0x20000000         0x00018000         xrw
FLASH            0x08000000         0x00080000         xr
*default*        0x00000000         0xffffffff

Linker script and memory map

LOAD C:/ST/STM32CubeIDE_1.18.1/STM32CubeIDE/plugins/com.st.stm32cube.ide.mcu.externaltools.gnu-tools-for-stm32.13.3.rel1.win32_1.0.0.202411081344/tools/bin/../lib/gcc/arm-none-eabi/13.3.1/thumb/v7e-m+fp/hard/crti.o
LOAD C:/ST/STM32CubeIDE_1.18.1/STM32CubeIDE/plugins/com.st.stm32cube.ide.mcu.externaltools.gnu-tools-for-stm32.13.3.rel1.win32_1.0.0.202411081344/tools/bin/../lib/gcc/arm-none-eabi/13.3.1/thumb/v7e-m+fp/hard/crtbegin.o
LOAD C:/ST/STM32CubeIDE_1.18.1/STM32CubeIDE/plugins/com.st.stm32cube.ide.mcu.externaltools.gnu-tools-for-stm32.13.3.rel1.win32_1.0.0.202411081344/tools/bin/../lib/gcc/arm-none-eabi/13.3.1/../../../../arm-none-eabi/lib/thumb/v7e-m+fp/hard/crt0.o
LOAD ./Core/Src/accelGyro.o
LOAD ./Core/Src/gpio.o
LOAD ./Core/Src/main.o
LOAD ./Core/Src/myLora.o
LOAD ./Core/Src/pressTemp.o
LOAD ./Core/Src/sdio.o
LOAD ./Core/Src/spi.o
LOAD ./Core/Src/stm32f4xx_hal_msp.o
LOAD ./Core/Src/stm32f4xx_it.o
LOAD ./Core/Src/syscalls.o
LOAD ./Core/Src/sysmem.o
LOAD ./Core/Src/system_stm32f4xx.o
LOAD ./Core/Src/usart.o
LOAD ./Core/Startup/startup_stm32f401retx.o
LOAD ./Drivers/STM32F4xx_HAL_Driver/stm32f4xx_hal.o
LOAD ./Drivers/STM32F4xx_HAL_Driver/stm32f4xx_hal_cortex.o
LOAD ./Drivers/STM32F4xx_HAL_Driver/stm32f4xx_hal_dma.o
LOAD ./Drivers/STM32F4xx_HAL_Driver/stm32f4xx_hal_dma_ex.o
LOAD ./Drivers/STM32F4xx_HAL_Driver/stm32f4xx_hal_exti.o
LOAD ./Drivers/STM32F4xx_HAL_Driver/stm32f4xx_hal_flash.o
LOAD ./Drivers/STM32F4xx_HAL_Driver/stm32f4xx_hal_flash_ex.o
LOAD ./Drivers/STM32F4xx_HAL_Driver/stm32f4xx_hal_flash_ramfunc.o
LOAD ./Drivers/STM32F4xx_HAL_Driver/stm32f4xx_hal_gpio.o
LOAD ./Drivers/STM32F4xx_HAL_Driver/stm32f4xx_hal_mmc.o
LOAD ./Drivers/STM32F4xx_HAL_Driver/stm32f4xx_hal_pwr.o
LOAD ./Drivers/STM32F4xx_HAL_Driver/stm32f4xx_hal_pwr_ex.o
LOAD ./Drivers/STM32F4xx_HAL_Driver/stm32f4xx_hal_rcc.o
LOAD ./Drivers/STM32F4xx_HAL_Driver/stm32f4xx_hal_rcc_ex.o
LOAD ./Drivers/STM32F4xx_HAL_Driver/stm32f4xx_hal_sd.o
LOAD ./Drivers/STM32F4xx_HAL_Driver/stm32f4xx_hal_spi.o
LOAD ./Drivers/STM32F4xx_HAL_Driver/stm32f4xx_hal_uart.o
LOAD ./Drivers/STM32F4xx_HAL_Driver/stm32f4xx_ll_sdmmc.o
LOAD ./FATFS/App/fatfs.o
LOAD ./FATFS/Target/bsp_driver_sd.o
LOAD ./FATFS/Target/sd_diskio.o
LOAD ./Middlewares/FatFs/diskio.o
LOAD ./Middlewares/FatFs/ff.o
LOAD ./Middlewares/FatFs/ff_gen_drv.o
LOAD ./Middlewares/FatFs/syscall.o
START GROUP
LOAD C:/ST/STM32CubeIDE_1.18.1/STM32CubeIDE/plugins/com.st.stm32cube.ide.mcu.externaltools.gnu-tools-for-stm32.13.3.rel1.win32_1.0.0.202411081344/tools/bin/../lib/gcc/arm-none-eabi/13.3.1/../../../../arm-none-eabi/lib/thumb/v7e-m+fp/hard\libc_nano.a
LOAD C:/ST/STM32CubeIDE_1.18.1/STM32CubeIDE/plugins/com.st.stm32cube.ide.mcu.externaltools.gnu-tools-for-stm32.13.3.rel1.win32_1.0.0.202411081344/tools/bin/../lib/gcc/arm-none-eabi/13.3.1/../../../../arm-none-eabi/lib/thumb/v7e-m+fp/hard\libm.a
END GROUP
START GROUP
LOAD C:/ST/STM32CubeIDE_1.18.1/STM32CubeIDE/plugins/com.st.stm32cube.ide.mcu.externaltools.gnu-tools-for-stm32.13.3.rel1.win32_1.0.0.202411081344/tools/bin/../lib/gcc/arm-none-eabi/13.3.1/thumb/v7e-m+fp/hard\libgcc.a
LOAD C:/ST/STM32CubeIDE_1.18.1/STM32CubeIDE/plugins/com.st.stm32cube.ide.mcu.externaltools.gnu-tools-for-stm32.13.3.rel1.win32_1.0.0.202411081344/tools/bin/../lib/gcc/arm-none-eabi/13.3.1/../../../../arm-none-eabi/lib/thumb/v7e-m+fp/hard\libc_nano.a
END GROUP
START GROUP
LOAD C:/ST/STM32CubeIDE_1.18.1/STM32CubeIDE/plugins/com.st.stm32cube.ide.mcu.externaltools.gnu-tools-for-stm32.13.3.rel1.win32_1.0.0.202411081344/tools/bin/../lib/gcc/arm-none-eabi/13.3.1/thumb/v7e-m+fp/hard\libgcc.a
LOAD C:/ST/STM32CubeIDE_1.18.1/STM32CubeIDE/plugins/com.st.stm32cube.ide.mcu.externaltools.gnu-tools-for-stm32.13.3.rel1.win32_1.0.0.202411081344/tools/bin/../lib/gcc/arm-none-eabi/13.3.1/../../../../arm-none-eabi/lib/thumb/v7e-m+fp/hard\libc_nano.a
LOAD C:/ST/STM32CubeIDE_1.18.1/STM32CubeIDE/plugins/com.st.stm32cube.ide.mcu.externaltools.gnu-tools-for-stm32.13.3.rel1.win32_1.0.0.202411081344/tools/bin/../lib/gcc/arm-none-eabi/13.3.1/../../../../arm-none-eabi/lib/thumb/v7e-m+fp/hard\libnosys.a
END GROUP
START GROUP
LOAD C:/ST/STM32CubeIDE_1.18.1/STM32CubeIDE/plugins/com.st.stm32cube.ide.mcu.externaltools.gnu-tools-for-stm32.13.3.rel1.win32_1.0.0.202411081344/tools/bin/../lib/gcc/arm-none-eabi/13.3.1/thumb/v7e-m+fp/hard\libgcc.a
LOAD C:/ST/STM32CubeIDE_1.18.1/STM32CubeIDE/plugins/com.st.stm32cube.ide.mcu.externaltools.gnu-tools-for-stm32.13.3.rel1.win32_1.0.0.202411081344/tools/bin/../lib/gcc/arm-none-eabi/13.3.1/../../../../arm-none-eabi/lib/thumb/v7e-m+fp/hard\libc_nano.a
LOAD C:/ST/STM32CubeIDE_1.18.1/STM32CubeIDE/plugins/com.st.stm32cube.ide.mcu.externaltools.gnu-tools-for-stm32.13.3.rel1.win32_1.0.0.202411081344/tools/bin/../lib/gcc/arm-none-eabi/13.3.1/../../../../arm-none-eabi/lib/thumb/v7e-m+fp/hard\libnosys.a
END GROUP
LOAD C:/ST/STM32CubeIDE_1.18.1/STM32CubeIDE/plugins/com.st.stm32cube.ide.mcu.externaltools.gnu-tools-for-stm32.13.3.rel1.win32_1.0.0.202411081344/tools/bin/../lib/gcc/arm-none-eabi/13.3.1/thumb/v7e-m+fp/hard/crtend.o
LOAD C:/ST/STM32CubeIDE_1.18.1/STM32CubeIDE/plugins/com.st.stm32cube.ide.mcu.externaltools.gnu-tools-for-stm32.13.3.rel1.win32_1.0.0.202411081344/tools/bin/../lib/gcc/arm-none-eabi/13.3.1/thumb/v7e-m+fp/hard/crtn.o
                0x20018000                        _estack = (ORIGIN (RAM) + LENGTH (RAM))
                0x00000200                        _Min_Heap_Size = 0x200
                0x00000400                        _Min_Stack_Size = 0x400

.isr_vector     0x08000000      0x194
                0x08000000                        . = ALIGN (0x4)
 *(.isr_vector)
 .isr_vector    0x08000000      0x194 ./Core/Startup/startup_stm32f401retx.o
                0x08000000                g_pfnVectors
                0x08000194                        . = ALIGN (0x4)

.text           0x08000198     0xa574
                0x08000198                        . = ALIGN (0x4)
 *(.text)
 .text          0x08000198       0x40 C:/ST/STM32CubeIDE_1.18.1/STM32CubeIDE/plugins/com.st.stm32cube.ide.mcu.externaltools.gnu-tools-for-stm32.13.3.rel1.win32_1.0.0.202411081344/tools/bin/../lib/gcc/arm-none-eabi/13.3.1/thumb/v7e-m+fp/hard/crtbegin.o
 .text          0x080001d8      0x378 C:/ST/STM32CubeIDE_1.18.1/STM32CubeIDE/plugins/com.st.stm32cube.ide.mcu.externaltools.gnu-tools-for-stm32.13.3.rel1.win32_1.0.0.202411081344/tools/bin/../lib/gcc/arm-none-eabi/13.3.1/thumb/v7e-m+fp/hard\libgcc.a(_arm_addsubdf3.o)
                0x080001d8                __aeabi_drsub
                0x080001e0                __aeabi_dsub
                0x080001e0                __subdf3
                0x080001e4                __aeabi_dadd
                0x080001e4                __adddf3
                0x0800045c                __floatunsidf
                0x0800045c                __aeabi_ui2d
                0x0800047c                __floatsidf
                0x0800047c                __aeabi_i2d
                0x080004a0                __aeabi_f2d
                0x080004a0                __extendsfdf2
                0x080004e4                __floatundidf
                0x080004e4                __aeabi_ul2d
                0x080004f4                __floatdidf
                0x080004f4                __aeabi_l2d
 .text          0x08000550      0x424 C:/ST/STM32CubeIDE_1.18.1/STM32CubeIDE/plugins/com.st.stm32cube.ide.mcu.externaltools.gnu-tools-for-stm32.13.3.rel1.win32_1.0.0.202411081344/tools/bin/../lib/gcc/arm-none-eabi/13.3.1/thumb/v7e-m+fp/hard\libgcc.a(_arm_muldivdf3.o)
                0x08000550                __aeabi_dmul
                0x08000550                __muldf3
                0x080007a4                __divdf3
                0x080007a4                __aeabi_ddiv
 .text          0x08000974      0x110 C:/ST/STM32CubeIDE_1.18.1/STM32CubeIDE/plugins/com.st.stm32cube.ide.mcu.externaltools.gnu-tools-for-stm32.13.3.rel1.win32_1.0.0.202411081344/tools/bin/../lib/gcc/arm-none-eabi/13.3.1/thumb/v7e-m+fp/hard\libgcc.a(_arm_cmpdf2.o)
                0x08000974                __gtdf2
                0x08000974                __gedf2
                0x0800097c                __ltdf2
                0x0800097c                __ledf2
                0x08000984                __nedf2
                0x08000984                __eqdf2
                0x08000984                __cmpdf2
                0x08000a00                __aeabi_cdrcmple
                0x08000a10                __aeabi_cdcmpeq
                0x08000a10                __aeabi_cdcmple
                0x08000a20                __aeabi_dcmpeq
                0x08000a34                __aeabi_dcmplt
                0x08000a48                __aeabi_dcmple
                0x08000a5c                __aeabi_dcmpge
                0x08000a70                __aeabi_dcmpgt
 .text          0x08000a84       0x2c C:/ST/STM32CubeIDE_1.18.1/STM32CubeIDE/plugins/com.st.stm32cube.ide.mcu.externaltools.gnu-tools-for-stm32.13.3.rel1.win32_1.0.0.202411081344/tools/bin/../lib/gcc/arm-none-eabi/13.3.1/thumb/v7e-m+fp/hard\libgcc.a(_arm_unorddf2.o)
                0x08000a84                __unorddf2
                0x08000a84                __aeabi_dcmpun
 .text          0x08000ab0       0x50 C:/ST/STM32CubeIDE_1.18.1/STM32CubeIDE/plugins/com.st.stm32cube.ide.mcu.externaltools.gnu-tools-for-stm32.13.3.rel1.win32_1.0.0.202411081344/tools/bin/../lib/gcc/arm-none-eabi/13.3.1/thumb/v7e-m+fp/hard\libgcc.a(_arm_fixdfsi.o)
                0x08000ab0                __aeabi_d2iz
                0x08000ab0                __fixdfsi
 .text          0x08000b00       0xa0 C:/ST/STM32CubeIDE_1.18.1/STM32CubeIDE/plugins/com.st.stm32cube.ide.mcu.externaltools.gnu-tools-for-stm32.13.3.rel1.win32_1.0.0.202411081344/tools/bin/../lib/gcc/arm-none-eabi/13.3.1/thumb/v7e-m+fp/hard\libgcc.a(_arm_truncdfsf2.o)
                0x08000b00                __truncdfsf2
                0x08000b00                __aeabi_d2f
 .text          0x08000ba0       0x30 C:/ST/STM32CubeIDE_1.18.1/STM32CubeIDE/plugins/com.st.stm32cube.ide.mcu.externaltools.gnu-tools-for-stm32.13.3.rel1.win32_1.0.0.202411081344/tools/bin/../lib/gcc/arm-none-eabi/13.3.1/thumb/v7e-m+fp/hard\libgcc.a(_aeabi_uldivmod.o)
                0x08000ba0                __aeabi_uldivmod
 .text          0x08000bd0      0x2f8 C:/ST/STM32CubeIDE_1.18.1/STM32CubeIDE/plugins/com.st.stm32cube.ide.mcu.externaltools.gnu-tools-for-stm32.13.3.rel1.win32_1.0.0.202411081344/tools/bin/../lib/gcc/arm-none-eabi/13.3.1/thumb/v7e-m+fp/hard\libgcc.a(_udivmoddi4.o)
                0x08000bd0                __udivmoddi4
 .text          0x08000ec8        0x4 C:/ST/STM32CubeIDE_1.18.1/STM32CubeIDE/plugins/com.st.stm32cube.ide.mcu.externaltools.gnu-tools-for-stm32.13.3.rel1.win32_1.0.0.202411081344/tools/bin/../lib/gcc/arm-none-eabi/13.3.1/thumb/v7e-m+fp/hard\libgcc.a(_dvmd_tls.o)
                0x08000ec8                __aeabi_idiv0
                0x08000ec8                __aeabi_ldiv0
 *(.text*)
 .text.LSM_Init
                0x08000ecc       0x68 ./Core/Src/accelGyro.o
                0x08000ecc                LSM_Init
 .text.LSM_ReadData
                0x08000f34       0xa4 ./Core/Src/accelGyro.o
                0x08000f34                LSM_ReadData
 .text._lsmReadRegs
                0x08000fd8       0x7c ./Core/Src/accelGyro.o
                0x08000fd8                _lsmReadRegs
 .text._lsmReadReg
                0x08001054       0x74 ./Core/Src/accelGyro.o
                0x08001054                _lsmReadReg
 .text._lsmWriteReg
                0x080010c8       0x70 ./Core/Src/accelGyro.o
                0x080010c8                _lsmWriteReg
 .text.MX_GPIO_Init
                0x08001138      0x154 ./Core/Src/gpio.o
                0x08001138                MX_GPIO_Init
 .text.main     0x0800128c       0x98 ./Core/Src/main.o
                0x0800128c                main
 .text.SystemClock_Config
                0x08001324       0xd4 ./Core/Src/main.o
                0x08001324                SystemClock_Config
 .text.writeSD_rData
                0x080013f8       0x5c ./Core/Src/main.o
                0x080013f8                writeSD_rData
 *fill*         0x08001454        0x4 
 .text.readData
                0x08001458      0x1f8 ./Core/Src/main.o
                0x08001458                readData
 .text.writeData
                0x08001650      0x1a4 ./Core/Src/main.o
                0x08001650                writeData
 .text.cheakAll
                0x080017f4      0x188 ./Core/Src/main.o
                0x080017f4                cheakAll
 .text.initVariables
                0x0800197c       0x40 ./Core/Src/main.o
                0x0800197c                initVariables
 .text.SvSend   0x080019bc       0x28 ./Core/Src/main.o
                0x080019bc                SvSend
 .text.SvGet    0x080019e4       0x28 ./Core/Src/main.o
                0x080019e4                SvGet
 .text.Error_Handler
                0x08001a0c        0xc ./Core/Src/main.o
                0x08001a0c                Error_Handler
 .text.LORA_Init
                0x08001a18       0xec ./Core/Src/myLora.o
                0x08001a18                LORA_Init
 .text._loraReadReg
                0x08001b04       0x6c ./Core/Src/myLora.o
                0x08001b04                _loraReadReg
 .text._loraWriteReg
                0x08001b70       0x78 ./Core/Src/myLora.o
                0x08001b70                _loraWriteReg
 .text.LORA_ReceiveData
                0x08001be8      0x168 ./Core/Src/myLora.o
                0x08001be8                LORA_ReceiveData
 .text.LORA_TransmitData
                0x08001d50       0xb0 ./Core/Src/myLora.o
                0x08001d50                LORA_TransmitData
 .text.MS_Init  0x08001e00       0x4c ./Core/Src/pressTemp.o
                0x08001e00                MS_Init
 .text.MS_ReadData
                0x08001e4c       0x26 ./Core/Src/pressTemp.o
                0x08001e4c                MS_ReadData
 .text._msReadAdc
                0x08001e72       0x18 ./Core/Src/pressTemp.o
                0x08001e72                _msReadAdc
 *fill*         0x08001e8a        0x2 
 .text._msReadProm
                0x08001e8c      0x168 ./Core/Src/pressTemp.o
                0x08001e8c                _msReadProm
 .text._calculate
                0x08001ff4      0x280 ./Core/Src/pressTemp.o
                0x08001ff4                _calculate
 .text._msSendCmd
                0x08002274       0x58 ./Core/Src/pressTemp.o
                0x08002274                _msSendCmd
 .text._msSendCmdGetData16
                0x080022cc       0xb0 ./Core/Src/pressTemp.o
                0x080022cc                _msSendCmdGetData16
 .text._msSendCmdGetData32
                0x0800237c      0x128 ./Core/Src/pressTemp.o
                0x0800237c                _msSendCmdGetData32
 .text.MX_SDIO_SD_Init
                0x080024a4       0x44 ./Core/Src/sdio.o
                0x080024a4                MX_SDIO_SD_Init
 .text.HAL_SD_MspInit
                0x080024e8       0xd0 ./Core/Src/sdio.o
                0x080024e8                HAL_SD_MspInit
 .text.MX_SPI1_Init
                0x080025b8       0x6c ./Core/Src/spi.o
                0x080025b8                MX_SPI1_Init
 .text.HAL_SPI_MspInit
                0x08002624       0x90 ./Core/Src/spi.o
                0x08002624                HAL_SPI_MspInit
 .text.HAL_MspInit
                0x080026b4       0x50 ./Core/Src/stm32f4xx_hal_msp.o
                0x080026b4                HAL_MspInit
 .text.NMI_Handler
                0x08002704        0x8 ./Core/Src/stm32f4xx_it.o
                0x08002704                NMI_Handler
 .text.HardFault_Handler
                0x0800270c        0x8 ./Core/Src/stm32f4xx_it.o
                0x0800270c                HardFault_Handler
 .text.MemManage_Handler
                0x08002714        0x8 ./Core/Src/stm32f4xx_it.o
                0x08002714                MemManage_Handler
 .text.BusFault_Handler
                0x0800271c        0x8 ./Core/Src/stm32f4xx_it.o
                0x0800271c                BusFault_Handler
 .text.UsageFault_Handler
                0x08002724        0x8 ./Core/Src/stm32f4xx_it.o
                0x08002724                UsageFault_Handler
 .text.SVC_Handler
                0x0800272c        0xe ./Core/Src/stm32f4xx_it.o
                0x0800272c                SVC_Handler
 .text.DebugMon_Handler
                0x0800273a        0xe ./Core/Src/stm32f4xx_it.o
                0x0800273a                DebugMon_Handler
 .text.PendSV_Handler
                0x08002748        0xe ./Core/Src/stm32f4xx_it.o
                0x08002748                PendSV_Handler
 .text.SysTick_Handler
                0x08002756        0xc ./Core/Src/stm32f4xx_it.o
                0x08002756                SysTick_Handler
 *fill*         0x08002762        0x2 
 .text.SystemInit
                0x08002764       0x24 ./Core/Src/system_stm32f4xx.o
                0x08002764                SystemInit
 .text.MX_USART1_UART_Init
                0x08002788       0x54 ./Core/Src/usart.o
                0x08002788                MX_USART1_UART_Init
 .text.HAL_UART_MspInit
                0x080027dc       0x90 ./Core/Src/usart.o
                0x080027dc                HAL_UART_MspInit
 .text.Reset_Handler
                0x0800286c       0x50 ./Core/Startup/startup_stm32f401retx.o
                0x0800286c                Reset_Handler
 .text.Default_Handler
                0x080028bc        0x2 ./Core/Startup/startup_stm32f401retx.o
                0x080028bc                RTC_Alarm_IRQHandler
                0x080028bc                EXTI2_IRQHandler
                0x080028bc                SPI4_IRQHandler
                0x080028bc                TIM1_CC_IRQHandler
                0x080028bc                DMA2_Stream5_IRQHandler
                0x080028bc                DMA1_Stream5_IRQHandler
                0x080028bc                PVD_IRQHandler
                0x080028bc                SDIO_IRQHandler
                0x080028bc                TAMP_STAMP_IRQHandler
                0x080028bc                EXTI3_IRQHandler
                0x080028bc                TIM1_UP_TIM10_IRQHandler
                0x080028bc                I2C3_ER_IRQHandler
                0x080028bc                EXTI0_IRQHandler
                0x080028bc                I2C2_EV_IRQHandler
                0x080028bc                DMA1_Stream2_IRQHandler
                0x080028bc                FPU_IRQHandler
                0x080028bc                DMA2_Stream2_IRQHandler
                0x080028bc                SPI1_IRQHandler
                0x080028bc                TIM1_BRK_TIM9_IRQHandler
                0x080028bc                DMA2_Stream3_IRQHandler
                0x080028bc                USART6_IRQHandler
                0x080028bc                DMA2_Stream0_IRQHandler
                0x080028bc                TIM4_IRQHandler
                0x080028bc                I2C1_EV_IRQHandler
                0x080028bc                DMA1_Stream6_IRQHandler
                0x080028bc                DMA1_Stream1_IRQHandler
                0x080028bc                TIM3_IRQHandler
                0x080028bc                RCC_IRQHandler
                0x080028bc                Default_Handler
                0x080028bc                EXTI15_10_IRQHandler
                0x080028bc                ADC_IRQHandler
                0x080028bc                DMA1_Stream7_IRQHandler
                0x080028bc                TIM5_IRQHandler
                0x080028bc                DMA2_Stream7_IRQHandler
                0x080028bc                I2C3_EV_IRQHandler
                0x080028bc                EXTI9_5_IRQHandler
                0x080028bc                RTC_WKUP_IRQHandler
                0x080028bc                SPI2_IRQHandler
                0x080028bc                DMA1_Stream0_IRQHandler
                0x080028bc                EXTI4_IRQHandler
                0x080028bc                WWDG_IRQHandler
                0x080028bc                TIM2_IRQHandler
                0x080028bc                OTG_FS_WKUP_IRQHandler
                0x080028bc                TIM1_TRG_COM_TIM11_IRQHandler
                0x080028bc                EXTI1_IRQHandler
                0x080028bc                USART2_IRQHandler
                0x080028bc                I2C2_ER_IRQHandler
                0x080028bc                DMA2_Stream1_IRQHandler
                0x080028bc                FLASH_IRQHandler
                0x080028bc                DMA2_Stream4_IRQHandler
                0x080028bc                USART1_IRQHandler
                0x080028bc                OTG_FS_IRQHandler
                0x080028bc                SPI3_IRQHandler
                0x080028bc                DMA1_Stream4_IRQHandler
                0x080028bc                I2C1_ER_IRQHandler
                0x080028bc                DMA2_Stream6_IRQHandler
                0x080028bc                DMA1_Stream3_IRQHandler
 *fill*         0x080028be        0x2 
 .text.HAL_Init
                0x080028c0       0x44 ./Drivers/STM32F4xx_HAL_Driver/stm32f4xx_hal.o
                0x080028c0                HAL_Init
 .text.HAL_InitTick
                0x08002904       0x60 ./Drivers/STM32F4xx_HAL_Driver/stm32f4xx_hal.o
                0x08002904                HAL_InitTick
 .text.HAL_IncTick
                0x08002964       0x28 ./Drivers/STM32F4xx_HAL_Driver/stm32f4xx_hal.o
                0x08002964                HAL_IncTick
 .text.HAL_GetTick
                0x0800298c       0x18 ./Drivers/STM32F4xx_HAL_Driver/stm32f4xx_hal.o
                0x0800298c                HAL_GetTick
 .text.HAL_Delay
                0x080029a4       0x48 ./Drivers/STM32F4xx_HAL_Driver/stm32f4xx_hal.o
                0x080029a4                HAL_Delay
 .text.__NVIC_SetPriorityGrouping
                0x080029ec       0x48 ./Drivers/STM32F4xx_HAL_Driver/stm32f4xx_hal_cortex.o
 .text.__NVIC_GetPriorityGrouping
                0x08002a34       0x1c ./Drivers/STM32F4xx_HAL_Driver/stm32f4xx_hal_cortex.o
 .text.__NVIC_SetPriority
                0x08002a50       0x54 ./Drivers/STM32F4xx_HAL_Driver/stm32f4xx_hal_cortex.o
 .text.NVIC_EncodePriority
                0x08002aa4       0x66 ./Drivers/STM32F4xx_HAL_Driver/stm32f4xx_hal_cortex.o
 *fill*         0x08002b0a        0x2 
 .text.SysTick_Config
                0x08002b0c       0x44 ./Drivers/STM32F4xx_HAL_Driver/stm32f4xx_hal_cortex.o
 .text.HAL_NVIC_SetPriorityGrouping
                0x08002b50       0x16 ./Drivers/STM32F4xx_HAL_Driver/stm32f4xx_hal_cortex.o
                0x08002b50                HAL_NVIC_SetPriorityGrouping
 .text.HAL_NVIC_SetPriority
                0x08002b66       0x38 ./Drivers/STM32F4xx_HAL_Driver/stm32f4xx_hal_cortex.o
                0x08002b66                HAL_NVIC_SetPriority
 .text.HAL_SYSTICK_Config
                0x08002b9e       0x18 ./Drivers/STM32F4xx_HAL_Driver/stm32f4xx_hal_cortex.o
                0x08002b9e                HAL_SYSTICK_Config
 *fill*         0x08002bb6        0x2 
 .text.HAL_GPIO_Init
                0x08002bb8      0x308 ./Drivers/STM32F4xx_HAL_Driver/stm32f4xx_hal_gpio.o
                0x08002bb8                HAL_GPIO_Init
 .text.HAL_GPIO_WritePin
                0x08002ec0       0x32 ./Drivers/STM32F4xx_HAL_Driver/stm32f4xx_hal_gpio.o
                0x08002ec0                HAL_GPIO_WritePin
 .text.HAL_GPIO_TogglePin
                0x08002ef2       0x34 ./Drivers/STM32F4xx_HAL_Driver/stm32f4xx_hal_gpio.o
                0x08002ef2                HAL_GPIO_TogglePin
 *fill*         0x08002f26        0x2 
 .text.HAL_RCC_OscConfig
                0x08002f28      0x4f0 ./Drivers/STM32F4xx_HAL_Driver/stm32f4xx_hal_rcc.o
                0x08002f28                HAL_RCC_OscConfig
 .text.HAL_RCC_ClockConfig
                0x08003418      0x1cc ./Drivers/STM32F4xx_HAL_Driver/stm32f4xx_hal_rcc.o
                0x08003418                HAL_RCC_ClockConfig
 .text.HAL_RCC_GetSysClockFreq
                0x080035e4      0x18c ./Drivers/STM32F4xx_HAL_Driver/stm32f4xx_hal_rcc.o
                0x080035e4                HAL_RCC_GetSysClockFreq
 .text.HAL_RCC_GetHCLKFreq
                0x08003770       0x18 ./Drivers/STM32F4xx_HAL_Driver/stm32f4xx_hal_rcc.o
                0x08003770                HAL_RCC_GetHCLKFreq
 .text.HAL_RCC_GetPCLK1Freq
                0x08003788       0x28 ./Drivers/STM32F4xx_HAL_Driver/stm32f4xx_hal_rcc.o
                0x08003788                HAL_RCC_GetPCLK1Freq
 .text.HAL_RCC_GetPCLK2Freq
                0x080037b0       0x28 ./Drivers/STM32F4xx_HAL_Driver/stm32f4xx_hal_rcc.o
                0x080037b0                HAL_RCC_GetPCLK2Freq
 .text.HAL_SD_Init
                0x080037d8       0x60 ./Drivers/STM32F4xx_HAL_Driver/stm32f4xx_hal_sd.o
                0x080037d8                HAL_SD_Init
 .text.HAL_SD_InitCard
                0x08003838      0x100 ./Drivers/STM32F4xx_HAL_Driver/stm32f4xx_hal_sd.o
                0x08003838                HAL_SD_InitCard
 .text.HAL_SD_ReadBlocks
                0x08003938      0x3cc ./Drivers/STM32F4xx_HAL_Driver/stm32f4xx_hal_sd.o
                0x08003938                HAL_SD_ReadBlocks
 .text.HAL_SD_WriteBlocks
                0x08003d04      0x31c ./Drivers/STM32F4xx_HAL_Driver/stm32f4xx_hal_sd.o
                0x08003d04                HAL_SD_WriteBlocks
 .text.HAL_SD_GetCardCSD
                0x08004020      0x348 ./Drivers/STM32F4xx_HAL_Driver/stm32f4xx_hal_sd.o
                0x08004020                HAL_SD_GetCardCSD
 .text.HAL_SD_GetCardInfo
                0x08004368       0x58 ./Drivers/STM32F4xx_HAL_Driver/stm32f4xx_hal_sd.o
                0x08004368                HAL_SD_GetCardInfo
 .text.HAL_SD_ConfigWideBusOperation
                0x080043c0      0x134 ./Drivers/STM32F4xx_HAL_Driver/stm32f4xx_hal_sd.o
                0x080043c0                HAL_SD_ConfigWideBusOperation
 .text.HAL_SD_GetCardState
                0x080044f4       0x40 ./Drivers/STM32F4xx_HAL_Driver/stm32f4xx_hal_sd.o
                0x080044f4                HAL_SD_GetCardState
 .text.SD_InitCard
                0x08004534      0x19c ./Drivers/STM32F4xx_HAL_Driver/stm32f4xx_hal_sd.o
 .text.SD_PowerON
                0x080046d0      0x11c ./Drivers/STM32F4xx_HAL_Driver/stm32f4xx_hal_sd.o
 .text.SD_SendStatus
                0x080047ec       0x50 ./Drivers/STM32F4xx_HAL_Driver/stm32f4xx_hal_sd.o
 .text.SD_WideBus_Enable
                0x0800483c       0x96 ./Drivers/STM32F4xx_HAL_Driver/stm32f4xx_hal_sd.o
 .text.SD_WideBus_Disable
                0x080048d2       0x96 ./Drivers/STM32F4xx_HAL_Driver/stm32f4xx_hal_sd.o
 .text.SD_FindSCR
                0x08004968      0x1b4 ./Drivers/STM32F4xx_HAL_Driver/stm32f4xx_hal_sd.o
 .text.HAL_SPI_Init
                0x08004b1c      0x112 ./Drivers/STM32F4xx_HAL_Driver/stm32f4xx_hal_spi.o
                0x08004b1c                HAL_SPI_Init
 .text.HAL_SPI_Transmit
                0x08004c2e      0x288 ./Drivers/STM32F4xx_HAL_Driver/stm32f4xx_hal_spi.o
                0x08004c2e                HAL_SPI_Transmit
 .text.HAL_SPI_Receive
                0x08004eb6      0x232 ./Drivers/STM32F4xx_HAL_Driver/stm32f4xx_hal_spi.o
                0x08004eb6                HAL_SPI_Receive
 .text.HAL_SPI_TransmitReceive
                0x080050e8      0x352 ./Drivers/STM32F4xx_HAL_Driver/stm32f4xx_hal_spi.o
                0x080050e8                HAL_SPI_TransmitReceive
 *fill*         0x0800543a        0x2 
 .text.SPI_WaitFlagStateUntilTimeout
                0x0800543c      0x110 ./Drivers/STM32F4xx_HAL_Driver/stm32f4xx_hal_spi.o
 .text.SPI_EndRxTransaction
                0x0800554c       0xca ./Drivers/STM32F4xx_HAL_Driver/stm32f4xx_hal_spi.o
 *fill*         0x08005616        0x2 
 .text.SPI_EndRxTxTransaction
                0x08005618       0xa8 ./Drivers/STM32F4xx_HAL_Driver/stm32f4xx_hal_spi.o
 .text.HAL_UART_Init
                0x080056c0       0xa0 ./Drivers/STM32F4xx_HAL_Driver/stm32f4xx_hal_uart.o
                0x080056c0                HAL_UART_Init
 .text.HAL_UART_Transmit
                0x08005760      0x116 ./Drivers/STM32F4xx_HAL_Driver/stm32f4xx_hal_uart.o
                0x08005760                HAL_UART_Transmit
 .text.HAL_UART_Receive
                0x08005876      0x12e ./Drivers/STM32F4xx_HAL_Driver/stm32f4xx_hal_uart.o
                0x08005876                HAL_UART_Receive
 .text.UART_WaitOnFlagUntilTimeout
                0x080059a4       0xb2 ./Drivers/STM32F4xx_HAL_Driver/stm32f4xx_hal_uart.o
 .text.UART_EndRxTransfer
                0x08005a56       0xc6 ./Drivers/STM32F4xx_HAL_Driver/stm32f4xx_hal_uart.o
 .text.UART_SetConfig
                0x08005b1c      0x4e8 ./Drivers/STM32F4xx_HAL_Driver/stm32f4xx_hal_uart.o
 .text.SDIO_Init
                0x08006004       0x56 ./Drivers/STM32F4xx_HAL_Driver/stm32f4xx_ll_sdmmc.o
                0x08006004                SDIO_Init
 .text.SDIO_ReadFIFO
                0x0800605a       0x1a ./Drivers/STM32F4xx_HAL_Driver/stm32f4xx_ll_sdmmc.o
                0x0800605a                SDIO_ReadFIFO
 .text.SDIO_WriteFIFO
                0x08006074       0x22 ./Drivers/STM32F4xx_HAL_Driver/stm32f4xx_ll_sdmmc.o
                0x08006074                SDIO_WriteFIFO
 .text.SDIO_PowerState_ON
                0x08006096       0x1c ./Drivers/STM32F4xx_HAL_Driver/stm32f4xx_ll_sdmmc.o
                0x08006096                SDIO_PowerState_ON
 .text.SDIO_GetPowerState
                0x080060b2       0x1c ./Drivers/STM32F4xx_HAL_Driver/stm32f4xx_ll_sdmmc.o
                0x080060b2                SDIO_GetPowerState
 .text.SDIO_SendCommand
                0x080060ce       0x54 ./Drivers/STM32F4xx_HAL_Driver/stm32f4xx_ll_sdmmc.o
                0x080060ce                SDIO_SendCommand
 .text.SDIO_GetCommandResponse
                0x08006122       0x1a ./Drivers/STM32F4xx_HAL_Driver/stm32f4xx_ll_sdmmc.o
                0x08006122                SDIO_GetCommandResponse
 .text.SDIO_GetResponse
                0x0800613c       0x26 ./Drivers/STM32F4xx_HAL_Driver/stm32f4xx_ll_sdmmc.o
                0x0800613c                SDIO_GetResponse
 .text.SDIO_ConfigData
                0x08006162       0x58 ./Drivers/STM32F4xx_HAL_Driver/stm32f4xx_ll_sdmmc.o
                0x08006162                SDIO_ConfigData
 .text.SDMMC_CmdBlockLength
                0x080061ba       0x44 ./Drivers/STM32F4xx_HAL_Driver/stm32f4xx_ll_sdmmc.o
                0x080061ba                SDMMC_CmdBlockLength
 .text.SDMMC_CmdReadSingleBlock
                0x080061fe       0x44 ./Drivers/STM32F4xx_HAL_Driver/stm32f4xx_ll_sdmmc.o
                0x080061fe                SDMMC_CmdReadSingleBlock
 .text.SDMMC_CmdReadMultiBlock
                0x08006242       0x44 ./Drivers/STM32F4xx_HAL_Driver/stm32f4xx_ll_sdmmc.o
                0x08006242                SDMMC_CmdReadMultiBlock
 .text.SDMMC_CmdWriteSingleBlock
                0x08006286       0x44 ./Drivers/STM32F4xx_HAL_Driver/stm32f4xx_ll_sdmmc.o
                0x08006286                SDMMC_CmdWriteSingleBlock
 .text.SDMMC_CmdWriteMultiBlock
                0x080062ca       0x44 ./Drivers/STM32F4xx_HAL_Driver/stm32f4xx_ll_sdmmc.o
                0x080062ca                SDMMC_CmdWriteMultiBlock
 *fill*         0x0800630e        0x2 
 .text.SDMMC_CmdStopTransfer
                0x08006310       0x44 ./Drivers/STM32F4xx_HAL_Driver/stm32f4xx_ll_sdmmc.o
                0x08006310                SDMMC_CmdStopTransfer
 .text.SDMMC_CmdSelDesel
                0x08006354       0x46 ./Drivers/STM32F4xx_HAL_Driver/stm32f4xx_ll_sdmmc.o
                0x08006354                SDMMC_CmdSelDesel
 .text.SDMMC_CmdGoIdleState
                0x0800639a       0x3c ./Drivers/STM32F4xx_HAL_Driver/stm32f4xx_ll_sdmmc.o
                0x0800639a                SDMMC_CmdGoIdleState
 .text.SDMMC_CmdOperCond
                0x080063d6       0x3e ./Drivers/STM32F4xx_HAL_Driver/stm32f4xx_ll_sdmmc.o
                0x080063d6                SDMMC_CmdOperCond
 .text.SDMMC_CmdAppCommand
                0x08006414       0x44 ./Drivers/STM32F4xx_HAL_Driver/stm32f4xx_ll_sdmmc.o
                0x08006414                SDMMC_CmdAppCommand
 .text.SDMMC_CmdAppOperCommand
                0x08006458       0x46 ./Drivers/STM32F4xx_HAL_Driver/stm32f4xx_ll_sdmmc.o
                0x08006458                SDMMC_CmdAppOperCommand
 .text.SDMMC_CmdBusWidth
                0x0800649e       0x44 ./Drivers/STM32F4xx_HAL_Driver/stm32f4xx_ll_sdmmc.o
                0x0800649e                SDMMC_CmdBusWidth
 .text.SDMMC_CmdSendSCR
                0x080064e2       0x42 ./Drivers/STM32F4xx_HAL_Driver/stm32f4xx_ll_sdmmc.o
                0x080064e2                SDMMC_CmdSendSCR
 .text.SDMMC_CmdSendCID
                0x08006524       0x3c ./Drivers/STM32F4xx_HAL_Driver/stm32f4xx_ll_sdmmc.o
                0x08006524                SDMMC_CmdSendCID
 .text.SDMMC_CmdSendCSD
                0x08006560       0x3e ./Drivers/STM32F4xx_HAL_Driver/stm32f4xx_ll_sdmmc.o
                0x08006560                SDMMC_CmdSendCSD
 .text.SDMMC_CmdSetRelAdd
                0x0800659e       0x42 ./Drivers/STM32F4xx_HAL_Driver/stm32f4xx_ll_sdmmc.o
                0x0800659e                SDMMC_CmdSetRelAdd
 .text.SDMMC_CmdSendStatus
                0x080065e0       0x44 ./Drivers/STM32F4xx_HAL_Driver/stm32f4xx_ll_sdmmc.o
                0x080065e0                SDMMC_CmdSendStatus
 .text.SDMMC_GetCmdResp1
                0x08006624      0x1dc ./Drivers/STM32F4xx_HAL_Driver/stm32f4xx_ll_sdmmc.o
                0x08006624                SDMMC_GetCmdResp1
 .text.SDMMC_GetCmdResp2
                0x08006800       0x90 ./Drivers/STM32F4xx_HAL_Driver/stm32f4xx_ll_sdmmc.o
                0x08006800                SDMMC_GetCmdResp2
 .text.SDMMC_GetCmdResp3
                0x08006890       0x7c ./Drivers/STM32F4xx_HAL_Driver/stm32f4xx_ll_sdmmc.o
                0x08006890                SDMMC_GetCmdResp3
 .text.SDMMC_GetCmdResp6
                0x0800690c       0xec ./Drivers/STM32F4xx_HAL_Driver/stm32f4xx_ll_sdmmc.o
                0x0800690c                SDMMC_GetCmdResp6
 .text.SDMMC_GetCmdResp7
                0x080069f8       0x9c ./Drivers/STM32F4xx_HAL_Driver/stm32f4xx_ll_sdmmc.o
                0x080069f8                SDMMC_GetCmdResp7
 .text.SDMMC_GetCmdError
                0x08006a94       0x58 ./Drivers/STM32F4xx_HAL_Driver/stm32f4xx_ll_sdmmc.o
 .text.MX_FATFS_Init
                0x08006aec       0x24 ./FATFS/App/fatfs.o
                0x08006aec                MX_FATFS_Init
 .text.get_fattime
                0x08006b10       0x10 ./FATFS/App/fatfs.o
                0x08006b10                get_fattime
 .text.BSP_SD_Init
                0x08006b20       0x4c ./FATFS/Target/bsp_driver_sd.o
                0x08006b20                BSP_SD_Init
 .text.BSP_SD_ReadBlocks
                0x08006b6c       0x3c ./FATFS/Target/bsp_driver_sd.o
                0x08006b6c                BSP_SD_ReadBlocks
 .text.BSP_SD_WriteBlocks
                0x08006ba8       0x3c ./FATFS/Target/bsp_driver_sd.o
                0x08006ba8                BSP_SD_WriteBlocks
 .text.BSP_SD_GetCardState
                0x08006be4       0x20 ./FATFS/Target/bsp_driver_sd.o
                0x08006be4                BSP_SD_GetCardState
 .text.BSP_SD_GetCardInfo
                0x08006c04       0x1c ./FATFS/Target/bsp_driver_sd.o
                0x08006c04                BSP_SD_GetCardInfo
 .text.BSP_SD_IsDetected
                0x08006c20       0x1a ./FATFS/Target/bsp_driver_sd.o
                0x08006c20                BSP_SD_IsDetected
 *fill*         0x08006c3a        0x2 
 .text.SD_CheckStatus
                0x08006c3c       0x3c ./FATFS/Target/sd_diskio.o
 .text.SD_initialize
                0x08006c78       0x3c ./FATFS/Target/sd_diskio.o
                0x08006c78                SD_initialize
 .text.SD_status
                0x08006cb4       0x1c ./FATFS/Target/sd_diskio.o
                0x08006cb4                SD_status
 .text.SD_read  0x08006cd0       0x42 ./FATFS/Target/sd_diskio.o
                0x08006cd0                SD_read
 .text.SD_write
                0x08006d12       0x42 ./FATFS/Target/sd_diskio.o
                0x08006d12                SD_write
 .text.SD_ioctl
                0x08006d54       0xb0 ./FATFS/Target/sd_diskio.o
                0x08006d54                SD_ioctl
 .text.disk_status
                0x08006e04       0x34 ./Middlewares/FatFs/diskio.o
                0x08006e04                disk_status
 .text.disk_initialize
                0x08006e38       0x50 ./Middlewares/FatFs/diskio.o
                0x08006e38                disk_initialize
 .text.disk_read
                0x08006e88       0x40 ./Middlewares/FatFs/diskio.o
                0x08006e88                disk_read
 .text.disk_write
                0x08006ec8       0x40 ./Middlewares/FatFs/diskio.o
                0x08006ec8                disk_write
 .text.disk_ioctl
                0x08006f08       0x3c ./Middlewares/FatFs/diskio.o
                0x08006f08                disk_ioctl
 .text.ld_word  0x08006f44       0x32 ./Middlewares/FatFs/ff.o
 .text.ld_dword
                0x08006f76       0x46 ./Middlewares/FatFs/ff.o
 .text.st_word  0x08006fbc       0x36 ./Middlewares/FatFs/ff.o
 .text.st_dword
                0x08006ff2       0x58 ./Middlewares/FatFs/ff.o
 .text.mem_cpy  0x0800704a       0x42 ./Middlewares/FatFs/ff.o
 .text.mem_set  0x0800708c       0x36 ./Middlewares/FatFs/ff.o
 .text.mem_cmp  0x080070c2       0x4e ./Middlewares/FatFs/ff.o
 .text.chk_chr  0x08007110       0x36 ./Middlewares/FatFs/ff.o
 *fill*         0x08007146        0x2 
 .text.chk_lock
                0x08007148       0xb8 ./Middlewares/FatFs/ff.o
 .text.enq_lock
                0x08007200       0x44 ./Middlewares/FatFs/ff.o
 .text.inc_lock
                0x08007244      0x11c ./Middlewares/FatFs/ff.o
 .text.dec_lock
                0x08007360       0x78 ./Middlewares/FatFs/ff.o
 .text.clear_lock
                0x080073d8       0x48 ./Middlewares/FatFs/ff.o
 .text.sync_window
                0x08007420       0x88 ./Middlewares/FatFs/ff.o
 .text.move_window
                0x080074a8       0x5a ./Middlewares/FatFs/ff.o
 *fill*         0x08007502        0x2 
 .text.sync_fs  0x08007504       0xdc ./Middlewares/FatFs/ff.o
 .text.clust2sect
                0x080075e0       0x3e ./Middlewares/FatFs/ff.o
 .text.get_fat  0x0800761e      0x14e ./Middlewares/FatFs/ff.o
 .text.put_fat  0x0800776c      0x1d4 ./Middlewares/FatFs/ff.o
 .text.remove_chain
                0x08007940       0xca ./Middlewares/FatFs/ff.o
 .text.create_chain
                0x08007a0a      0x130 ./Middlewares/FatFs/ff.o
 .text.clmt_clust
                0x08007b3a       0x68 ./Middlewares/FatFs/ff.o
 .text.dir_sdi  0x08007ba2       0xf6 ./Middlewares/FatFs/ff.o
 .text.dir_next
                0x08007c98      0x18a ./Middlewares/FatFs/ff.o
 .text.dir_alloc
                0x08007e22       0x8e ./Middlewares/FatFs/ff.o
 .text.ld_clust
                0x08007eb0       0x3e ./Middlewares/FatFs/ff.o
 .text.st_clust
                0x08007eee       0x40 ./Middlewares/FatFs/ff.o
 .text.dir_read
                0x08007f2e       0xba ./Middlewares/FatFs/ff.o
 .text.dir_find
                0x08007fe8       0xaa ./Middlewares/FatFs/ff.o
 .text.dir_register
                0x08008092       0x64 ./Middlewares/FatFs/ff.o
 .text.dir_remove
                0x080080f6       0x3c ./Middlewares/FatFs/ff.o
 *fill*         0x08008132        0x2 
 .text.create_name
                0x08008134      0x128 ./Middlewares/FatFs/ff.o
 .text.follow_path
                0x0800825c       0xe2 ./Middlewares/FatFs/ff.o
 .text.get_ldnumber
                0x0800833e       0x88 ./Middlewares/FatFs/ff.o
 *fill*         0x080083c6        0x2 
 .text.check_fs
                0x080083c8       0xac ./Middlewares/FatFs/ff.o
 .text.find_volume
                0x08008474      0x498 ./Middlewares/FatFs/ff.o
 .text.validate
                0x0800890c       0x6a ./Middlewares/FatFs/ff.o
 *fill*         0x08008976        0x2 
 .text.f_mount  0x08008978       0x8c ./Middlewares/FatFs/ff.o
                0x08008978                f_mount
 .text.f_open   0x08008a04      0x374 ./Middlewares/FatFs/ff.o
                0x08008a04                f_open
 .text.f_write  0x08008d78      0x2ea ./Middlewares/FatFs/ff.o
                0x08008d78                f_write
 .text.f_sync   0x08009062       0xfc ./Middlewares/FatFs/ff.o
                0x08009062                f_sync
 .text.f_close  0x0800915e       0x54 ./Middlewares/FatFs/ff.o
                0x0800915e                f_close
 .text.f_lseek  0x080091b2      0x412 ./Middlewares/FatFs/ff.o
                0x080091b2                f_lseek
 .text.f_unlink
                0x080095c4      0x156 ./Middlewares/FatFs/ff.o
                0x080095c4                f_unlink
 *fill*         0x0800971a        0x2 
 .text.FATFS_LinkDriverEx
                0x0800971c       0x98 ./Middlewares/FatFs/ff_gen_drv.o
                0x0800971c                FATFS_LinkDriverEx
 .text.FATFS_LinkDriver
                0x080097b4       0x1e ./Middlewares/FatFs/ff_gen_drv.o
                0x080097b4                FATFS_LinkDriver
 .text.memset   0x080097d2       0x10 C:/ST/STM32CubeIDE_1.18.1/STM32CubeIDE/plugins/com.st.stm32cube.ide.mcu.externaltools.gnu-tools-for-stm32.13.3.rel1.win32_1.0.0.202411081344/tools/bin/../lib/gcc/arm-none-eabi/13.3.1/../../../../arm-none-eabi/lib/thumb/v7e-m+fp/hard\libc_nano.a(libc_a-memset.o)
                0x080097d2                memset
 *fill*         0x080097e2        0x2 
 .text.__errno  0x080097e4        0xc C:/ST/STM32CubeIDE_1.18.1/STM32CubeIDE/plugins/com.st.stm32cube.ide.mcu.externaltools.gnu-tools-for-stm32.13.3.rel1.win32_1.0.0.202411081344/tools/bin/../lib/gcc/arm-none-eabi/13.3.1/../../../../arm-none-eabi/lib/thumb/v7e-m+fp/hard\libc_nano.a(libc_a-errno.o)
                0x080097e4                __errno
 .text.__libc_init_array
                0x080097f0       0x48 C:/ST/STM32CubeIDE_1.18.1/STM32CubeIDE/plugins/com.st.stm32cube.ide.mcu.externaltools.gnu-tools-for-stm32.13.3.rel1.win32_1.0.0.202411081344/tools/bin/../lib/gcc/arm-none-eabi/13.3.1/../../../../arm-none-eabi/lib/thumb/v7e-m+fp/hard\libc_nano.a(libc_a-init.o)
                0x080097f0                __libc_init_array
 .text.pow      0x08009838       0xe0 C:/ST/STM32CubeIDE_1.18.1/STM32CubeIDE/plugins/com.st.stm32cube.ide.mcu.externaltools.gnu-tools-for-stm32.13.3.rel1.win32_1.0.0.202411081344/tools/bin/../lib/gcc/arm-none-eabi/13.3.1/../../../../arm-none-eabi/lib/thumb/v7e-m+fp/hard\libm.a(libm_a-w_pow.o)
                0x08009838                pow
 .text.finite   0x08009918       0x16 C:/ST/STM32CubeIDE_1.18.1/STM32CubeIDE/plugins/com.st.stm32cube.ide.mcu.externaltools.gnu-tools-for-stm32.13.3.rel1.win32_1.0.0.202411081344/tools/bin/../lib/gcc/arm-none-eabi/13.3.1/../../../../arm-none-eabi/lib/thumb/v7e-m+fp/hard\libm.a(libm_a-s_finite.o)
                0x08009918                finite
 *fill*         0x0800992e        0x2 
 .text.__ieee754_pow
                0x08009930      0xa94 C:/ST/STM32CubeIDE_1.18.1/STM32CubeIDE/plugins/com.st.stm32cube.ide.mcu.externaltools.gnu-tools-for-stm32.13.3.rel1.win32_1.0.0.202411081344/tools/bin/../lib/gcc/arm-none-eabi/13.3.1/../../../../arm-none-eabi/lib/thumb/v7e-m+fp/hard\libm.a(libm_a-e_pow.o)
                0x08009930                __ieee754_pow
 .text.fabs     0x0800a3c4       0x10 C:/ST/STM32CubeIDE_1.18.1/STM32CubeIDE/plugins/com.st.stm32cube.ide.mcu.externaltools.gnu-tools-for-stm32.13.3.rel1.win32_1.0.0.202411081344/tools/bin/../lib/gcc/arm-none-eabi/13.3.1/../../../../arm-none-eabi/lib/thumb/v7e-m+fp/hard\libm.a(libm_a-s_fabs.o)
                0x0800a3c4                fabs
 *fill*         0x0800a3d4        0x4 
 .text.scalbn   0x0800a3d8       0xf4 C:/ST/STM32CubeIDE_1.18.1/STM32CubeIDE/plugins/com.st.stm32cube.ide.mcu.externaltools.gnu-tools-for-stm32.13.3.rel1.win32_1.0.0.202411081344/tools/bin/../lib/gcc/arm-none-eabi/13.3.1/../../../../arm-none-eabi/lib/thumb/v7e-m+fp/hard\libm.a(libm_a-s_scalbn.o)
                0x0800a3d8                scalbn
 .text.with_errno
                0x0800a4cc       0x24 C:/ST/STM32CubeIDE_1.18.1/STM32CubeIDE/plugins/com.st.stm32cube.ide.mcu.externaltools.gnu-tools-for-stm32.13.3.rel1.win32_1.0.0.202411081344/tools/bin/../lib/gcc/arm-none-eabi/13.3.1/../../../../arm-none-eabi/lib/thumb/v7e-m+fp/hard\libm.a(libm_a-math_err.o)
 .text.xflow    0x0800a4f0       0x32 C:/ST/STM32CubeIDE_1.18.1/STM32CubeIDE/plugins/com.st.stm32cube.ide.mcu.externaltools.gnu-tools-for-stm32.13.3.rel1.win32_1.0.0.202411081344/tools/bin/../lib/gcc/arm-none-eabi/13.3.1/../../../../arm-none-eabi/lib/thumb/v7e-m+fp/hard\libm.a(libm_a-math_err.o)
 *fill*         0x0800a522        0x6 
 .text.__math_uflow
                0x0800a528       0x10 C:/ST/STM32CubeIDE_1.18.1/STM32CubeIDE/plugins/com.st.stm32cube.ide.mcu.externaltools.gnu-tools-for-stm32.13.3.rel1.win32_1.0.0.202411081344/tools/bin/../lib/gcc/arm-none-eabi/13.3.1/../../../../arm-none-eabi/lib/thumb/v7e-m+fp/hard\libm.a(libm_a-math_err.o)
                0x0800a528                __math_uflow
 .text.__math_oflow
                0x0800a538       0x10 C:/ST/STM32CubeIDE_1.18.1/STM32CubeIDE/plugins/com.st.stm32cube.ide.mcu.externaltools.gnu-tools-for-stm32.13.3.rel1.win32_1.0.0.202411081344/tools/bin/../lib/gcc/arm-none-eabi/13.3.1/../../../../arm-none-eabi/lib/thumb/v7e-m+fp/hard\libm.a(libm_a-math_err.o)
                0x0800a538                __math_oflow
 .text.__ieee754_sqrt
                0x0800a548      0x1ac C:/ST/STM32CubeIDE_1.18.1/STM32CubeIDE/plugins/com.st.stm32cube.ide.mcu.externaltools.gnu-tools-for-stm32.13.3.rel1.win32_1.0.0.202411081344/tools/bin/../lib/gcc/arm-none-eabi/13.3.1/../../../../arm-none-eabi/lib/thumb/v7e-m+fp/hard\libm.a(libm_a-e_sqrt.o)
                0x0800a548                __ieee754_sqrt
 *(.glue_7)
 .glue_7        0x0800a6f4        0x0 linker stubs
 *(.glue_7t)
 .glue_7t       0x0800a6f4        0x0 linker stubs
 *(.eh_frame)
 .eh_frame      0x0800a6f4        0x0 C:/ST/STM32CubeIDE_1.18.1/STM32CubeIDE/plugins/com.st.stm32cube.ide.mcu.externaltools.gnu-tools-for-stm32.13.3.rel1.win32_1.0.0.202411081344/tools/bin/../lib/gcc/arm-none-eabi/13.3.1/thumb/v7e-m+fp/hard/crtbegin.o
 *(.init)
 .init          0x0800a6f4        0x4 C:/ST/STM32CubeIDE_1.18.1/STM32CubeIDE/plugins/com.st.stm32cube.ide.mcu.externaltools.gnu-tools-for-stm32.13.3.rel1.win32_1.0.0.202411081344/tools/bin/../lib/gcc/arm-none-eabi/13.3.1/thumb/v7e-m+fp/hard/crti.o
                0x0800a6f4                _init
 .init          0x0800a6f8        0x8 C:/ST/STM32CubeIDE_1.18.1/STM32CubeIDE/plugins/com.st.stm32cube.ide.mcu.externaltools.gnu-tools-for-stm32.13.3.rel1.win32_1.0.0.202411081344/tools/bin/../lib/gcc/arm-none-eabi/13.3.1/thumb/v7e-m+fp/hard/crtn.o
 *(.fini)
 .fini          0x0800a700        0x4 C:/ST/STM32CubeIDE_1.18.1/STM32CubeIDE/plugins/com.st.stm32cube.ide.mcu.externaltools.gnu-tools-for-stm32.13.3.rel1.win32_1.0.0.202411081344/tools/bin/../lib/gcc/arm-none-eabi/13.3.1/thumb/v7e-m+fp/hard/crti.o
                0x0800a700                _fini
 .fini          0x0800a704        0x8 C:/ST/STM32CubeIDE_1.18.1/STM32CubeIDE/plugins/com.st.stm32cube.ide.mcu.externaltools.gnu-tools-for-stm32.13.3.rel1.win32_1.0.0.202411081344/tools/bin/../lib/gcc/arm-none-eabi/13.3.1/thumb/v7e-m+fp/hard/crtn.o
                0x0800a70c                        . = ALIGN (0x4)
                0x0800a70c                        _etext = .

.vfp11_veneer   0x0800a70c        0x0
 .vfp11_veneer  0x0800a70c        0x0 linker stubs

.v4_bx          0x0800a70c        0x0
 .v4_bx         0x0800a70c        0x0 linker stubs

.iplt           0x0800a70c        0x0
 .iplt          0x0800a70c        0x0 C:/ST/STM32CubeIDE_1.18.1/STM32CubeIDE/plugins/com.st.stm32cube.ide.mcu.externaltools.gnu-tools-for-stm32.13.3.rel1.win32_1.0.0.202411081344/tools/bin/../lib/gcc/arm-none-eabi/13.3.1/thumb/v7e-m+fp/hard/crtbegin.o

.rodata         0x0800a710      0x158
                0x0800a710                        . = ALIGN (0x4)
 *(.rodata)
 .rodata        0x0800a710       0x1b ./Core/Src/main.o
 *fill*         0x0800a72b        0x1 
 .rodata        0x0800a72c       0x44 ./Middlewares/FatFs/ff.o
 *(.rodata*)
 .rodata.filename
                0x0800a770        0xa ./Core/Src/main.o
                0x0800a770                filename
 *fill*         0x0800a77a        0x2 
 .rodata.AHBPrescTable
                0x0800a77c       0x10 ./Core/Src/system_stm32f4xx.o
                0x0800a77c                AHBPrescTable
 .rodata.APBPrescTable
                0x0800a78c        0x8 ./Core/Src/system_stm32f4xx.o
                0x0800a78c                APBPrescTable
 .rodata.SD_Driver
                0x0800a794       0x14 ./FATFS/Target/sd_diskio.o
                0x0800a794                SD_Driver
 .rodata.ExCvt  0x0800a7a8       0x80 ./Middlewares/FatFs/ff.o
 .rodata.dp_l   0x0800a828       0x10 C:/ST/STM32CubeIDE_1.18.1/STM32CubeIDE/plugins/com.st.stm32cube.ide.mcu.externaltools.gnu-tools-for-stm32.13.3.rel1.win32_1.0.0.202411081344/tools/bin/../lib/gcc/arm-none-eabi/13.3.1/../../../../arm-none-eabi/lib/thumb/v7e-m+fp/hard\libm.a(libm_a-e_pow.o)
 .rodata.dp_h   0x0800a838       0x10 C:/ST/STM32CubeIDE_1.18.1/STM32CubeIDE/plugins/com.st.stm32cube.ide.mcu.externaltools.gnu-tools-for-stm32.13.3.rel1.win32_1.0.0.202411081344/tools/bin/../lib/gcc/arm-none-eabi/13.3.1/../../../../arm-none-eabi/lib/thumb/v7e-m+fp/hard\libm.a(libm_a-e_pow.o)
 .rodata.bp     0x0800a848       0x10 C:/ST/STM32CubeIDE_1.18.1/STM32CubeIDE/plugins/com.st.stm32cube.ide.mcu.externaltools.gnu-tools-for-stm32.13.3.rel1.win32_1.0.0.202411081344/tools/bin/../lib/gcc/arm-none-eabi/13.3.1/../../../../arm-none-eabi/lib/thumb/v7e-m+fp/hard\libm.a(libm_a-e_pow.o)
 .rodata.tiny   0x0800a858        0x8 C:/ST/STM32CubeIDE_1.18.1/STM32CubeIDE/plugins/com.st.stm32cube.ide.mcu.externaltools.gnu-tools-for-stm32.13.3.rel1.win32_1.0.0.202411081344/tools/bin/../lib/gcc/arm-none-eabi/13.3.1/../../../../arm-none-eabi/lib/thumb/v7e-m+fp/hard\libm.a(libm_a-e_sqrt.o)
 .rodata.one    0x0800a860        0x8 C:/ST/STM32CubeIDE_1.18.1/STM32CubeIDE/plugins/com.st.stm32cube.ide.mcu.externaltools.gnu-tools-for-stm32.13.3.rel1.win32_1.0.0.202411081344/tools/bin/../lib/gcc/arm-none-eabi/13.3.1/../../../../arm-none-eabi/lib/thumb/v7e-m+fp/hard\libm.a(libm_a-e_sqrt.o)
                0x0800a868                        . = ALIGN (0x4)

.ARM.extab      0x0800a868        0x0
                0x0800a868                        . = ALIGN (0x4)
 *(.ARM.extab* .gnu.linkonce.armextab.*)
                0x0800a868                        . = ALIGN (0x4)

.ARM            0x0800a868        0x8
                0x0800a868                        . = ALIGN (0x4)
                0x0800a868                        __exidx_start = .
 *(.ARM.exidx*)
 .ARM.exidx     0x0800a868        0x8 C:/ST/STM32CubeIDE_1.18.1/STM32CubeIDE/plugins/com.st.stm32cube.ide.mcu.externaltools.gnu-tools-for-stm32.13.3.rel1.win32_1.0.0.202411081344/tools/bin/../lib/gcc/arm-none-eabi/13.3.1/thumb/v7e-m+fp/hard\libgcc.a(_udivmoddi4.o)
                0x0800a870                        __exidx_end = .
                0x0800a870                        . = ALIGN (0x4)

.preinit_array  0x0800a870        0x0
                0x0800a870                        . = ALIGN (0x4)
                0x0800a870                        PROVIDE (__preinit_array_start = .)
 *(.preinit_array*)
                0x0800a870                        PROVIDE (__preinit_array_end = .)
                0x0800a870                        . = ALIGN (0x4)

.init_array     0x0800a870        0x4
                0x0800a870                        . = ALIGN (0x4)
                0x0800a870                        PROVIDE (__init_array_start = .)
 *(SORT_BY_NAME(.init_array.*))
 *(.init_array*)
 .init_array    0x0800a870        0x4 C:/ST/STM32CubeIDE_1.18.1/STM32CubeIDE/plugins/com.st.stm32cube.ide.mcu.externaltools.gnu-tools-for-stm32.13.3.rel1.win32_1.0.0.202411081344/tools/bin/../lib/gcc/arm-none-eabi/13.3.1/thumb/v7e-m+fp/hard/crtbegin.o
                0x0800a874                        PROVIDE (__init_array_end = .)
                0x0800a874                        . = ALIGN (0x4)

.fini_array     0x0800a874        0x4
                0x0800a874                        . = ALIGN (0x4)
                [!provide]                        PROVIDE (__fini_array_start = .)
 *(SORT_BY_NAME(.fini_array.*))
 *(.fini_array*)
 .fini_array    0x0800a874        0x4 C:/ST/STM32CubeIDE_1.18.1/STM32CubeIDE/plugins/com.st.stm32cube.ide.mcu.externaltools.gnu-tools-for-stm32.13.3.rel1.win32_1.0.0.202411081344/tools/bin/../lib/gcc/arm-none-eabi/13.3.1/thumb/v7e-m+fp/hard/crtbegin.o
                [!provide]                        PROVIDE (__fini_array_end = .)
                0x0800a878                        . = ALIGN (0x4)
                0x0800a878                        _sidata = LOADADDR (.data)

.rel.dyn        0x0800a878        0x0
 .rel.iplt      0x0800a878        0x0 C:/ST/STM32CubeIDE_1.18.1/STM32CubeIDE/plugins/com.st.stm32cube.ide.mcu.externaltools.gnu-tools-for-stm32.13.3.rel1.win32_1.0.0.202411081344/tools/bin/../lib/gcc/arm-none-eabi/13.3.1/thumb/v7e-m+fp/hard/crtbegin.o

.data           0x20000000       0x94 load address 0x0800a878
                0x20000000                        . = ALIGN (0x4)
                0x20000000                        _sdata = .
 *(.data)
 *(.data*)
 .data.toStart  0x20000000        0x1 ./Core/Src/main.o
                0x20000000                toStart
 *fill*         0x20000001        0x3 
 .data.RoverData
                0x20000004       0x25 ./Core/Src/main.o
                0x20000004                RoverData
 *fill*         0x20000029        0x3 
 .data.curFreq  0x2000002c        0x4 ./Core/Src/myLora.o
                0x2000002c                curFreq
 .data.ADRS     0x20000030        0x8 ./Core/Src/pressTemp.o
                0x20000030                ADRS
 .data.SystemCoreClock
                0x20000038        0x4 ./Core/Src/system_stm32f4xx.o
                0x20000038                SystemCoreClock
 .data.uwTickPrio
                0x2000003c        0x4 ./Drivers/STM32F4xx_HAL_Driver/stm32f4xx_hal.o
                0x2000003c                uwTickPrio
 .data.uwTickFreq
                0x20000040        0x1 ./Drivers/STM32F4xx_HAL_Driver/stm32f4xx_hal.o
                0x20000040                uwTickFreq
 .data.Stat     0x20000041        0x1 ./FATFS/Target/sd_diskio.o
 *fill*         0x20000042        0x2 
 .data._impure_ptr
                0x20000044        0x4 C:/ST/STM32CubeIDE_1.18.1/STM32CubeIDE/plugins/com.st.stm32cube.ide.mcu.externaltools.gnu-tools-for-stm32.13.3.rel1.win32_1.0.0.202411081344/tools/bin/../lib/gcc/arm-none-eabi/13.3.1/../../../../arm-none-eabi/lib/thumb/v7e-m+fp/hard\libc_nano.a(libc_a-impure.o)
                0x20000044                _impure_ptr
 .data._impure_data
                0x20000048       0x4c C:/ST/STM32CubeIDE_1.18.1/STM32CubeIDE/plugins/com.st.stm32cube.ide.mcu.externaltools.gnu-tools-for-stm32.13.3.rel1.win32_1.0.0.202411081344/tools/bin/../lib/gcc/arm-none-eabi/13.3.1/../../../../arm-none-eabi/lib/thumb/v7e-m+fp/hard\libc_nano.a(libc_a-impure.o)
                0x20000048                _impure_data
 *(.RamFunc)
 *(.RamFunc*)
                0x20000094                        . = ALIGN (0x4)
                0x20000094                        _edata = .

.igot.plt       0x20000094        0x0 load address 0x0800a90c
 .igot.plt      0x20000094        0x0 C:/ST/STM32CubeIDE_1.18.1/STM32CubeIDE/plugins/com.st.stm32cube.ide.mcu.externaltools.gnu-tools-for-stm32.13.3.rel1.win32_1.0.0.202411081344/tools/bin/../lib/gcc/arm-none-eabi/13.3.1/thumb/v7e-m+fp/hard/crtbegin.o
                0x20000094                        . = ALIGN (0x4)

.bss            0x20000094      0x7b4 load address 0x0800a90c
                0x20000094                        _sbss = .
                0x20000094                        __bss_start__ = _sbss
 *(.bss)
 .bss           0x20000094       0x1c C:/ST/STM32CubeIDE_1.18.1/STM32CubeIDE/plugins/com.st.stm32cube.ide.mcu.externaltools.gnu-tools-for-stm32.13.3.rel1.win32_1.0.0.202411081344/tools/bin/../lib/gcc/arm-none-eabi/13.3.1/thumb/v7e-m+fp/hard/crtbegin.o
 *(.bss*)
 .bss._lsm_hspi1
                0x200000b0        0x4 ./Core/Src/accelGyro.o
                0x200000b0                _lsm_hspi1
 .bss._lsm_nssPort
                0x200000b4        0x4 ./Core/Src/accelGyro.o
                0x200000b4                _lsm_nssPort
 .bss._lsm_nssPin
                0x200000b8        0x2 ./Core/Src/accelGyro.o
                0x200000b8                _lsm_nssPin
 *fill*         0x200000ba        0x2 
 .bss.MS_Data   0x200000bc        0x8 ./Core/Src/main.o
                0x200000bc                MS_Data
 .bss.LSM_Data  0x200000c4        0xc ./Core/Src/main.o
                0x200000c4                LSM_Data
 .bss.seaLvlPress
                0x200000d0        0x4 ./Core/Src/main.o
                0x200000d0                seaLvlPress
 .bss.beforAlt  0x200000d4        0x4 ./Core/Src/main.o
                0x200000d4                beforAlt
 .bss.timeToSend
                0x200000d8        0x4 ./Core/Src/main.o
                0x200000d8                timeToSend
 .bss.timeToWrite
                0x200000dc        0x4 ./Core/Src/main.o
                0x200000dc                timeToWrite
 .bss.SensorsData
                0x200000e0       0x20 ./Core/Src/main.o
                0x200000e0                SensorsData
 .bss.mode      0x20000100        0x1 ./Core/Src/main.o
                0x20000100                mode
 *fill*         0x20000101        0x3 
 .bss.FatFs     0x20000104      0x230 ./Core/Src/main.o
                0x20000104                FatFs
 .bss.Fil       0x20000334      0x230 ./Core/Src/main.o
                0x20000334                Fil
 .bss.FR_Status
                0x20000564        0x1 ./Core/Src/main.o
                0x20000564                FR_Status
 *fill*         0x20000565        0x3 
 .bss.bytes_written
                0x20000568        0x4 ./Core/Src/main.o
                0x20000568                bytes_written
 .bss._hspi     0x2000056c        0x4 ./Core/Src/myLora.o
                0x2000056c                _hspi
 .bss._nssPort  0x20000570        0x4 ./Core/Src/myLora.o
                0x20000570                _nssPort
 .bss._nssPin   0x20000574        0x2 ./Core/Src/myLora.o
                0x20000574                _nssPin
 *fill*         0x20000576        0x2 
 .bss._ms_hspi1
                0x20000578        0x4 ./Core/Src/pressTemp.o
                0x20000578                _ms_hspi1
 .bss._ms_nssPort
                0x2000057c        0x4 ./Core/Src/pressTemp.o
                0x2000057c                _ms_nssPort
 .bss._ms_nssPin
                0x20000580        0x2 ./Core/Src/pressTemp.o
                0x20000580                _ms_nssPin
 *fill*         0x20000582        0x2 
 .bss._calibrCoeff
                0x20000584        0xe ./Core/Src/pressTemp.o
                0x20000584                _calibrCoeff
 *fill*         0x20000592        0x2 
 .bss._realCalibrCoeff
                0x20000594       0x18 ./Core/Src/pressTemp.o
                0x20000594                _realCalibrCoeff
 .bss.hsd       0x200005ac       0x84 ./Core/Src/sdio.o
                0x200005ac                hsd
 .bss.hspi1     0x20000630       0x58 ./Core/Src/spi.o
                0x20000630                hspi1
 .bss.huart1    0x20000688       0x48 ./Core/Src/usart.o
                0x20000688                huart1
 .bss.uwTick    0x200006d0        0x4 ./Drivers/STM32F4xx_HAL_Driver/stm32f4xx_hal.o
                0x200006d0                uwTick
 .bss.retSD     0x200006d4        0x1 ./FATFS/App/fatfs.o
                0x200006d4                retSD
 *fill*         0x200006d5        0x3 
 .bss.SDPath    0x200006d8        0x4 ./FATFS/App/fatfs.o
                0x200006d8                SDPath
 .bss.FatFs     0x200006dc        0x4 ./Middlewares/FatFs/ff.o
 .bss.Fsid      0x200006e0        0x2 ./Middlewares/FatFs/ff.o
 *fill*         0x200006e2        0x2 
 .bss.Files     0x200006e4       0x20 ./Middlewares/FatFs/ff.o
 .bss.disk      0x20000704        0xc ./Middlewares/FatFs/ff_gen_drv.o
                0x20000704                disk
 .bss.__sf      0x20000710      0x138 C:/ST/STM32CubeIDE_1.18.1/STM32CubeIDE/plugins/com.st.stm32cube.ide.mcu.externaltools.gnu-tools-for-stm32.13.3.rel1.win32_1.0.0.202411081344/tools/bin/../lib/gcc/arm-none-eabi/13.3.1/../../../../arm-none-eabi/lib/thumb/v7e-m+fp/hard\libc_nano.a(libc_a-findfp.o)
                0x20000710                __sf
 *(COMMON)
                0x20000848                        . = ALIGN (0x4)
                0x20000848                        _ebss = .
                0x20000848                        __bss_end__ = _ebss

._user_heap_stack
                0x20000848      0x600 load address 0x0800a90c
                0x20000848                        . = ALIGN (0x8)
                [!provide]                        PROVIDE (end = .)
                0x20000848                        PROVIDE (_end = .)
                0x20000a48                        . = (. + _Min_Heap_Size)
 *fill*         0x20000848      0x200 
                0x20000e48                        . = (. + _Min_Stack_Size)
 *fill*         0x20000a48      0x400 
                0x20000e48                        . = ALIGN (0x8)

/DISCARD/
 libc.a(*)
 libm.a(*)
 libgcc.a(*)

.ARM.attributes
                0x00000000       0x30
 *(.ARM.attributes)
 .ARM.attributes
                0x00000000       0x22 C:/ST/STM32CubeIDE_1.18.1/STM32CubeIDE/plugins/com.st.stm32cube.ide.mcu.externaltools.gnu-tools-for-stm32.13.3.rel1.win32_1.0.0.202411081344/tools/bin/../lib/gcc/arm-none-eabi/13.3.1/thumb/v7e-m+fp/hard/crti.o
 .ARM.attributes
                0x00000022       0x34 C:/ST/STM32CubeIDE_1.18.1/STM32CubeIDE/plugins/com.st.stm32cube.ide.mcu.externaltools.gnu-tools-for-stm32.13.3.rel1.win32_1.0.0.202411081344/tools/bin/../lib/gcc/arm-none-eabi/13.3.1/thumb/v7e-m+fp/hard/crtbegin.o
 .ARM.attributes
                0x00000056       0x34 ./Core/Src/accelGyro.o
 .ARM.attributes
                0x0000008a       0x34 ./Core/Src/gpio.o
 .ARM.attributes
                0x000000be       0x34 ./Core/Src/main.o
 .ARM.attributes
                0x000000f2       0x34 ./Core/Src/myLora.o
 .ARM.attributes
                0x00000126       0x34 ./Core/Src/pressTemp.o
 .ARM.attributes
                0x0000015a       0x34 ./Core/Src/sdio.o
 .ARM.attributes
                0x0000018e       0x34 ./Core/Src/spi.o
 .ARM.attributes
                0x000001c2       0x34 ./Core/Src/stm32f4xx_hal_msp.o
 .ARM.attributes
                0x000001f6       0x34 ./Core/Src/stm32f4xx_it.o
 .ARM.attributes
                0x0000022a       0x34 ./Core/Src/system_stm32f4xx.o
 .ARM.attributes
                0x0000025e       0x34 ./Core/Src/usart.o
 .ARM.attributes
                0x00000292       0x21 ./Core/Startup/startup_stm32f401retx.o
 .ARM.attributes
                0x000002b3       0x34 ./Drivers/STM32F4xx_HAL_Driver/stm32f4xx_hal.o
 .ARM.attributes
                0x000002e7       0x34 ./Drivers/STM32F4xx_HAL_Driver/stm32f4xx_hal_cortex.o
 .ARM.attributes
                0x0000031b       0x34 ./Drivers/STM32F4xx_HAL_Driver/stm32f4xx_hal_gpio.o
 .ARM.attributes
                0x0000034f       0x34 ./Drivers/STM32F4xx_HAL_Driver/stm32f4xx_hal_rcc.o
 .ARM.attributes
                0x00000383       0x34 ./Drivers/STM32F4xx_HAL_Driver/stm32f4xx_hal_sd.o
 .ARM.attributes
                0x000003b7       0x34 ./Drivers/STM32F4xx_HAL_Driver/stm32f4xx_hal_spi.o
 .ARM.attributes
                0x000003eb       0x34 ./Drivers/STM32F4xx_HAL_Driver/stm32f4xx_hal_uart.o
 .ARM.attributes
                0x0000041f       0x34 ./Drivers/STM32F4xx_HAL_Driver/stm32f4xx_ll_sdmmc.o
 .ARM.attributes
                0x00000453       0x34 ./FATFS/App/fatfs.o
 .ARM.attributes
                0x00000487       0x34 ./FATFS/Target/bsp_driver_sd.o
 .ARM.attributes
                0x000004bb       0x34 ./FATFS/Target/sd_diskio.o
 .ARM.attributes
                0x000004ef       0x34 ./Middlewares/FatFs/diskio.o
 .ARM.attributes
                0x00000523       0x34 ./Middlewares/FatFs/ff.o
 .ARM.attributes
                0x00000557       0x34 ./Middlewares/FatFs/ff_gen_drv.o
 .ARM.attributes
                0x0000058b       0x34 C:/ST/STM32CubeIDE_1.18.1/STM32CubeIDE/plugins/com.st.stm32cube.ide.mcu.externaltools.gnu-tools-for-stm32.13.3.rel1.win32_1.0.0.202411081344/tools/bin/../lib/gcc/arm-none-eabi/13.3.1/../../../../arm-none-eabi/lib/thumb/v7e-m+fp/hard\libc_nano.a(libc_a-findfp.o)
 .ARM.attributes
                0x000005bf       0x34 C:/ST/STM32CubeIDE_1.18.1/STM32CubeIDE/plugins/com.st.stm32cube.ide.mcu.externaltools.gnu-tools-for-stm32.13.3.rel1.win32_1.0.0.202411081344/tools/bin/../lib/gcc/arm-none-eabi/13.3.1/../../../../arm-none-eabi/lib/thumb/v7e-m+fp/hard\libc_nano.a(libc_a-memset.o)
 .ARM.attributes
                0x000005f3       0x34 C:/ST/STM32CubeIDE_1.18.1/STM32CubeIDE/plugins/com.st.stm32cube.ide.mcu.externaltools.gnu-tools-for-stm32.13.3.rel1.win32_1.0.0.202411081344/tools/bin/../lib/gcc/arm-none-eabi/13.3.1/../../../../arm-none-eabi/lib/thumb/v7e-m+fp/hard\libc_nano.a(libc_a-impure.o)
 .ARM.attributes
                0x00000627       0x34 C:/ST/STM32CubeIDE_1.18.1/STM32CubeIDE/plugins/com.st.stm32cube.ide.mcu.externaltools.gnu-tools-for-stm32.13.3.rel1.win32_1.0.0.202411081344/tools/bin/../lib/gcc/arm-none-eabi/13.3.1/../../../../arm-none-eabi/lib/thumb/v7e-m+fp/hard\libc_nano.a(libc_a-errno.o)
 .ARM.attributes
                0x0000065b       0x34 C:/ST/STM32CubeIDE_1.18.1/STM32CubeIDE/plugins/com.st.stm32cube.ide.mcu.externaltools.gnu-tools-for-stm32.13.3.rel1.win32_1.0.0.202411081344/tools/bin/../lib/gcc/arm-none-eabi/13.3.1/../../../../arm-none-eabi/lib/thumb/v7e-m+fp/hard\libc_nano.a(libc_a-init.o)
 .ARM.attributes
                0x0000068f       0x34 C:/ST/STM32CubeIDE_1.18.1/STM32CubeIDE/plugins/com.st.stm32cube.ide.mcu.externaltools.gnu-tools-for-stm32.13.3.rel1.win32_1.0.0.202411081344/tools/bin/../lib/gcc/arm-none-eabi/13.3.1/../../../../arm-none-eabi/lib/thumb/v7e-m+fp/hard\libm.a(libm_a-w_pow.o)
 .ARM.attributes
                0x000006c3       0x34 C:/ST/STM32CubeIDE_1.18.1/STM32CubeIDE/plugins/com.st.stm32cube.ide.mcu.externaltools.gnu-tools-for-stm32.13.3.rel1.win32_1.0.0.202411081344/tools/bin/../lib/gcc/arm-none-eabi/13.3.1/../../../../arm-none-eabi/lib/thumb/v7e-m+fp/hard\libm.a(libm_a-s_finite.o)
 .ARM.attributes
                0x000006f7       0x34 C:/ST/STM32CubeIDE_1.18.1/STM32CubeIDE/plugins/com.st.stm32cube.ide.mcu.externaltools.gnu-tools-for-stm32.13.3.rel1.win32_1.0.0.202411081344/tools/bin/../lib/gcc/arm-none-eabi/13.3.1/../../../../arm-none-eabi/lib/thumb/v7e-m+fp/hard\libm.a(libm_a-e_pow.o)
 .ARM.attributes
                0x0000072b       0x34 C:/ST/STM32CubeIDE_1.18.1/STM32CubeIDE/plugins/com.st.stm32cube.ide.mcu.externaltools.gnu-tools-for-stm32.13.3.rel1.win32_1.0.0.202411081344/tools/bin/../lib/gcc/arm-none-eabi/13.3.1/../../../../arm-none-eabi/lib/thumb/v7e-m+fp/hard\libm.a(libm_a-s_fabs.o)
 .ARM.attributes
                0x0000075f       0x34 C:/ST/STM32CubeIDE_1.18.1/STM32CubeIDE/plugins/com.st.stm32cube.ide.mcu.externaltools.gnu-tools-for-stm32.13.3.rel1.win32_1.0.0.202411081344/tools/bin/../lib/gcc/arm-none-eabi/13.3.1/../../../../arm-none-eabi/lib/thumb/v7e-m+fp/hard\libm.a(libm_a-s_scalbn.o)
 .ARM.attributes
                0x00000793       0x34 C:/ST/STM32CubeIDE_1.18.1/STM32CubeIDE/plugins/com.st.stm32cube.ide.mcu.externaltools.gnu-tools-for-stm32.13.3.rel1.win32_1.0.0.202411081344/tools/bin/../lib/gcc/arm-none-eabi/13.3.1/../../../../arm-none-eabi/lib/thumb/v7e-m+fp/hard\libm.a(libm_a-math_err.o)
 .ARM.attributes
                0x000007c7       0x34 C:/ST/STM32CubeIDE_1.18.1/STM32CubeIDE/plugins/com.st.stm32cube.ide.mcu.externaltools.gnu-tools-for-stm32.13.3.rel1.win32_1.0.0.202411081344/tools/bin/../lib/gcc/arm-none-eabi/13.3.1/../../../../arm-none-eabi/lib/thumb/v7e-m+fp/hard\libm.a(libm_a-e_sqrt.o)
 .ARM.attributes
                0x000007fb       0x22 C:/ST/STM32CubeIDE_1.18.1/STM32CubeIDE/plugins/com.st.stm32cube.ide.mcu.externaltools.gnu-tools-for-stm32.13.3.rel1.win32_1.0.0.202411081344/tools/bin/../lib/gcc/arm-none-eabi/13.3.1/thumb/v7e-m+fp/hard\libgcc.a(_arm_addsubdf3.o)
 .ARM.attributes
                0x0000081d       0x22 C:/ST/STM32CubeIDE_1.18.1/STM32CubeIDE/plugins/com.st.stm32cube.ide.mcu.externaltools.gnu-tools-for-stm32.13.3.rel1.win32_1.0.0.202411081344/tools/bin/../lib/gcc/arm-none-eabi/13.3.1/thumb/v7e-m+fp/hard\libgcc.a(_arm_muldivdf3.o)
 .ARM.attributes
                0x0000083f       0x22 C:/ST/STM32CubeIDE_1.18.1/STM32CubeIDE/plugins/com.st.stm32cube.ide.mcu.externaltools.gnu-tools-for-stm32.13.3.rel1.win32_1.0.0.202411081344/tools/bin/../lib/gcc/arm-none-eabi/13.3.1/thumb/v7e-m+fp/hard\libgcc.a(_arm_cmpdf2.o)
 .ARM.attributes
                0x00000861       0x22 C:/ST/STM32CubeIDE_1.18.1/STM32CubeIDE/plugins/com.st.stm32cube.ide.mcu.externaltools.gnu-tools-for-stm32.13.3.rel1.win32_1.0.0.202411081344/tools/bin/../lib/gcc/arm-none-eabi/13.3.1/thumb/v7e-m+fp/hard\libgcc.a(_arm_unorddf2.o)
 .ARM.attributes
                0x00000883       0x22 C:/ST/STM32CubeIDE_1.18.1/STM32CubeIDE/plugins/com.st.stm32cube.ide.mcu.externaltools.gnu-tools-for-stm32.13.3.rel1.win32_1.0.0.202411081344/tools/bin/../lib/gcc/arm-none-eabi/13.3.1/thumb/v7e-m+fp/hard\libgcc.a(_arm_fixdfsi.o)
 .ARM.attributes
                0x000008a5       0x22 C:/ST/STM32CubeIDE_1.18.1/STM32CubeIDE/plugins/com.st.stm32cube.ide.mcu.externaltools.gnu-tools-for-stm32.13.3.rel1.win32_1.0.0.202411081344/tools/bin/../lib/gcc/arm-none-eabi/13.3.1/thumb/v7e-m+fp/hard\libgcc.a(_arm_truncdfsf2.o)
 .ARM.attributes
                0x000008c7       0x22 C:/ST/STM32CubeIDE_1.18.1/STM32CubeIDE/plugins/com.st.stm32cube.ide.mcu.externaltools.gnu-tools-for-stm32.13.3.rel1.win32_1.0.0.202411081344/tools/bin/../lib/gcc/arm-none-eabi/13.3.1/thumb/v7e-m+fp/hard\libgcc.a(_aeabi_uldivmod.o)
 .ARM.attributes
                0x000008e9       0x34 C:/ST/STM32CubeIDE_1.18.1/STM32CubeIDE/plugins/com.st.stm32cube.ide.mcu.externaltools.gnu-tools-for-stm32.13.3.rel1.win32_1.0.0.202411081344/tools/bin/../lib/gcc/arm-none-eabi/13.3.1/thumb/v7e-m+fp/hard\libgcc.a(_udivmoddi4.o)
 .ARM.attributes
                0x0000091d       0x22 C:/ST/STM32CubeIDE_1.18.1/STM32CubeIDE/plugins/com.st.stm32cube.ide.mcu.externaltools.gnu-tools-for-stm32.13.3.rel1.win32_1.0.0.202411081344/tools/bin/../lib/gcc/arm-none-eabi/13.3.1/thumb/v7e-m+fp/hard\libgcc.a(_dvmd_tls.o)
 .ARM.attributes
                0x0000093f       0x22 C:/ST/STM32CubeIDE_1.18.1/STM32CubeIDE/plugins/com.st.stm32cube.ide.mcu.externaltools.gnu-tools-for-stm32.13.3.rel1.win32_1.0.0.202411081344/tools/bin/../lib/gcc/arm-none-eabi/13.3.1/thumb/v7e-m+fp/hard/crtn.o
OUTPUT(AlbertsProject.elf elf32-littlearm)
LOAD linker stubs
LOAD C:/ST/STM32CubeIDE_1.18.1/STM32CubeIDE/plugins/com.st.stm32cube.ide.mcu.externaltools.gnu-tools-for-stm32.13.3.rel1.win32_1.0.0.202411081344/tools/bin/../lib/gcc/arm-none-eabi/13.3.1/../../../../arm-none-eabi/lib/thumb/v7e-m+fp/hard\libc.a
LOAD C:/ST/STM32CubeIDE_1.18.1/STM32CubeIDE/plugins/com.st.stm32cube.ide.mcu.externaltools.gnu-tools-for-stm32.13.3.rel1.win32_1.0.0.202411081344/tools/bin/../lib/gcc/arm-none-eabi/13.3.1/../../../../arm-none-eabi/lib/thumb/v7e-m+fp/hard\libm.a
LOAD C:/ST/STM32CubeIDE_1.18.1/STM32CubeIDE/plugins/com.st.stm32cube.ide.mcu.externaltools.gnu-tools-for-stm32.13.3.rel1.win32_1.0.0.202411081344/tools/bin/../lib/gcc/arm-none-eabi/13.3.1/thumb/v7e-m+fp/hard\libgcc.a

.debug_info     0x00000000    0x132cf
 .debug_info    0x00000000      0x870 ./Core/Src/accelGyro.o
 .debug_info    0x00000870      0x464 ./Core/Src/gpio.o
 .debug_info    0x00000cd4     0x176d ./Core/Src/main.o
 .debug_info    0x00002441      0x89d ./Core/Src/myLora.o
 .debug_info    0x00002cde      0xa71 ./Core/Src/pressTemp.o
 .debug_info    0x0000374f      0xa5f ./Core/Src/sdio.o
 .debug_info    0x000041ae      0x995 ./Core/Src/spi.o
 .debug_info    0x00004b43      0x2a6 ./Core/Src/stm32f4xx_hal_msp.o
 .debug_info    0x00004de9      0x127 ./Core/Src/stm32f4xx_it.o
 .debug_info    0x00004f10      0x53e ./Core/Src/system_stm32f4xx.o
 .debug_info    0x0000544e      0x963 ./Core/Src/usart.o
 .debug_info    0x00005db1       0x30 ./Core/Startup/startup_stm32f401retx.o
 .debug_info    0x00005de1      0x8bb ./Drivers/STM32F4xx_HAL_Driver/stm32f4xx_hal.o
 .debug_info    0x0000669c      0xcf6 ./Drivers/STM32F4xx_HAL_Driver/stm32f4xx_hal_cortex.o
 .debug_info    0x00007392      0x6f9 ./Drivers/STM32F4xx_HAL_Driver/stm32f4xx_hal_gpio.o
 .debug_info    0x00007a8b      0x8f1 ./Drivers/STM32F4xx_HAL_Driver/stm32f4xx_hal_rcc.o
 .debug_info    0x0000837c     0x1c12 ./Drivers/STM32F4xx_HAL_Driver/stm32f4xx_hal_sd.o
 .debug_info    0x00009f8e     0x1530 ./Drivers/STM32F4xx_HAL_Driver/stm32f4xx_hal_spi.o
 .debug_info    0x0000b4be     0x2f56 ./Drivers/STM32F4xx_HAL_Driver/stm32f4xx_hal_uart.o
 .debug_info    0x0000e414     0x10c4 ./Drivers/STM32F4xx_HAL_Driver/stm32f4xx_ll_sdmmc.o
 .debug_info    0x0000f4d8      0x4e7 ./FATFS/App/fatfs.o
 .debug_info    0x0000f9bf      0xae5 ./FATFS/Target/bsp_driver_sd.o
 .debug_info    0x000104a4      0x4c6 ./FATFS/Target/sd_diskio.o
 .debug_info    0x0001096a      0x3ed ./Middlewares/FatFs/diskio.o
 .debug_info    0x00010d57     0x21eb ./Middlewares/FatFs/ff.o
 .debug_info    0x00012f42      0x38d ./Middlewares/FatFs/ff_gen_drv.o

.debug_abbrev   0x00000000     0x318d
 .debug_abbrev  0x00000000      0x1e0 ./Core/Src/accelGyro.o
 .debug_abbrev  0x000001e0      0x151 ./Core/Src/gpio.o
 .debug_abbrev  0x00000331      0x327 ./Core/Src/main.o
 .debug_abbrev  0x00000658      0x1e9 ./Core/Src/myLora.o
 .debug_abbrev  0x00000841      0x1ef ./Core/Src/pressTemp.o
 .debug_abbrev  0x00000a30      0x1cb ./Core/Src/sdio.o
 .debug_abbrev  0x00000bfb      0x1f8 ./Core/Src/spi.o
 .debug_abbrev  0x00000df3       0xd8 ./Core/Src/stm32f4xx_hal_msp.o
 .debug_abbrev  0x00000ecb       0x73 ./Core/Src/stm32f4xx_it.o
 .debug_abbrev  0x00000f3e      0x11a ./Core/Src/system_stm32f4xx.o
 .debug_abbrev  0x00001058      0x1f8 ./Core/Src/usart.o
 .debug_abbrev  0x00001250       0x24 ./Core/Startup/startup_stm32f401retx.o
 .debug_abbrev  0x00001274      0x24b ./Drivers/STM32F4xx_HAL_Driver/stm32f4xx_hal.o
 .debug_abbrev  0x000014bf      0x31d ./Drivers/STM32F4xx_HAL_Driver/stm32f4xx_hal_cortex.o
 .debug_abbrev  0x000017dc      0x1d3 ./Drivers/STM32F4xx_HAL_Driver/stm32f4xx_hal_gpio.o
 .debug_abbrev  0x000019af      0x2b6 ./Drivers/STM32F4xx_HAL_Driver/stm32f4xx_hal_rcc.o
 .debug_abbrev  0x00001c65      0x292 ./Drivers/STM32F4xx_HAL_Driver/stm32f4xx_hal_sd.o
 .debug_abbrev  0x00001ef7      0x276 ./Drivers/STM32F4xx_HAL_Driver/stm32f4xx_hal_spi.o
 .debug_abbrev  0x0000216d      0x31b ./Drivers/STM32F4xx_HAL_Driver/stm32f4xx_hal_uart.o
 .debug_abbrev  0x00002488      0x1d6 ./Drivers/STM32F4xx_HAL_Driver/stm32f4xx_ll_sdmmc.o
 .debug_abbrev  0x0000265e      0x160 ./FATFS/App/fatfs.o
 .debug_abbrev  0x000027be      0x29c ./FATFS/Target/bsp_driver_sd.o
 .debug_abbrev  0x00002a5a      0x191 ./FATFS/Target/sd_diskio.o
 .debug_abbrev  0x00002beb      0x181 ./Middlewares/FatFs/diskio.o
 .debug_abbrev  0x00002d6c      0x282 ./Middlewares/FatFs/ff.o
 .debug_abbrev  0x00002fee      0x19f ./Middlewares/FatFs/ff_gen_drv.o

.debug_aranges  0x00000000     0x1040
 .debug_aranges
                0x00000000       0x40 ./Core/Src/accelGyro.o
 .debug_aranges
                0x00000040       0x20 ./Core/Src/gpio.o
 .debug_aranges
                0x00000060       0x78 ./Core/Src/main.o
 .debug_aranges
                0x000000d8       0x48 ./Core/Src/myLora.o
 .debug_aranges
                0x00000120       0x58 ./Core/Src/pressTemp.o
 .debug_aranges
                0x00000178       0x30 ./Core/Src/sdio.o
 .debug_aranges
                0x000001a8       0x30 ./Core/Src/spi.o
 .debug_aranges
                0x000001d8       0x20 ./Core/Src/stm32f4xx_hal_msp.o
 .debug_aranges
                0x000001f8       0x60 ./Core/Src/stm32f4xx_it.o
 .debug_aranges
                0x00000258       0x28 ./Core/Src/system_stm32f4xx.o
 .debug_aranges
                0x00000280       0x30 ./Core/Src/usart.o
 .debug_aranges
                0x000002b0       0x28 ./Core/Startup/startup_stm32f401retx.o
 .debug_aranges
                0x000002d8       0xf0 ./Drivers/STM32F4xx_HAL_Driver/stm32f4xx_hal.o
 .debug_aranges
                0x000003c8      0x130 ./Drivers/STM32F4xx_HAL_Driver/stm32f4xx_hal_cortex.o
 .debug_aranges
                0x000004f8       0x58 ./Drivers/STM32F4xx_HAL_Driver/stm32f4xx_hal_gpio.o
 .debug_aranges
                0x00000550       0x88 ./Drivers/STM32F4xx_HAL_Driver/stm32f4xx_hal_rcc.o
 .debug_aranges
                0x000005d8      0x168 ./Drivers/STM32F4xx_HAL_Driver/stm32f4xx_hal_sd.o
 .debug_aranges
                0x00000740      0x1d0 ./Drivers/STM32F4xx_HAL_Driver/stm32f4xx_hal_spi.o
 .debug_aranges
                0x00000910      0x208 ./Drivers/STM32F4xx_HAL_Driver/stm32f4xx_hal_uart.o
 .debug_aranges
                0x00000b18      0x188 ./Drivers/STM32F4xx_HAL_Driver/stm32f4xx_ll_sdmmc.o
 .debug_aranges
                0x00000ca0       0x28 ./FATFS/App/fatfs.o
 .debug_aranges
                0x00000cc8       0xa0 ./FATFS/Target/bsp_driver_sd.o
 .debug_aranges
                0x00000d68       0x48 ./FATFS/Target/sd_diskio.o
 .debug_aranges
                0x00000db0       0x48 ./Middlewares/FatFs/diskio.o
 .debug_aranges
                0x00000df8      0x208 ./Middlewares/FatFs/ff.o
 .debug_aranges
                0x00001000       0x40 ./Middlewares/FatFs/ff_gen_drv.o

.debug_rnglists
                0x00000000      0xc5a
 .debug_rnglists
                0x00000000       0x2c ./Core/Src/accelGyro.o
 .debug_rnglists
                0x0000002c       0x14 ./Core/Src/gpio.o
 .debug_rnglists
                0x00000040       0x5a ./Core/Src/main.o
 .debug_rnglists
                0x0000009a       0x34 ./Core/Src/myLora.o
 .debug_rnglists
                0x000000ce       0x41 ./Core/Src/pressTemp.o
 .debug_rnglists
                0x0000010f       0x20 ./Core/Src/sdio.o
 .debug_rnglists
                0x0000012f       0x20 ./Core/Src/spi.o
 .debug_rnglists
                0x0000014f       0x13 ./Core/Src/stm32f4xx_hal_msp.o
 .debug_rnglists
                0x00000162       0x43 ./Core/Src/stm32f4xx_it.o
 .debug_rnglists
                0x000001a5       0x1a ./Core/Src/system_stm32f4xx.o
 .debug_rnglists
                0x000001bf       0x20 ./Core/Src/usart.o
 .debug_rnglists
                0x000001df       0x19 ./Core/Startup/startup_stm32f401retx.o
 .debug_rnglists
                0x000001f8       0xaf ./Drivers/STM32F4xx_HAL_Driver/stm32f4xx_hal.o
 .debug_rnglists
                0x000002a7       0xe0 ./Drivers/STM32F4xx_HAL_Driver/stm32f4xx_hal_cortex.o
 .debug_rnglists
                0x00000387       0x3f ./Drivers/STM32F4xx_HAL_Driver/stm32f4xx_hal_gpio.o
 .debug_rnglists
                0x000003c6       0x66 ./Drivers/STM32F4xx_HAL_Driver/stm32f4xx_hal_rcc.o
 .debug_rnglists
                0x0000042c      0x121 ./Drivers/STM32F4xx_HAL_Driver/stm32f4xx_hal_sd.o
 .debug_rnglists
                0x0000054d      0x16f ./Drivers/STM32F4xx_HAL_Driver/stm32f4xx_hal_spi.o
 .debug_rnglists
                0x000006bc      0x1bc ./Drivers/STM32F4xx_HAL_Driver/stm32f4xx_hal_uart.o
 .debug_rnglists
                0x00000878      0x125 ./Drivers/STM32F4xx_HAL_Driver/stm32f4xx_ll_sdmmc.o
 .debug_rnglists
                0x0000099d       0x19 ./FATFS/App/fatfs.o
 .debug_rnglists
                0x000009b6       0x73 ./FATFS/Target/bsp_driver_sd.o
 .debug_rnglists
                0x00000a29       0x32 ./FATFS/Target/sd_diskio.o
 .debug_rnglists
                0x00000a5b       0x31 ./Middlewares/FatFs/diskio.o
 .debug_rnglists
                0x00000a8c      0x1a2 ./Middlewares/FatFs/ff.o
 .debug_rnglists
                0x00000c2e       0x2c ./Middlewares/FatFs/ff_gen_drv.o

.debug_macro    0x00000000    0x199f3
 .debug_macro   0x00000000      0x2ae ./Core/Src/accelGyro.o
 .debug_macro   0x000002ae      0xad8 ./Core/Src/accelGyro.o
 .debug_macro   0x00000d86      0x2a1 ./Core/Src/accelGyro.o
 .debug_macro   0x00001027       0x2e ./Core/Src/accelGyro.o
 .debug_macro   0x00001055       0x28 ./Core/Src/accelGyro.o
 .debug_macro   0x0000107d       0x22 ./Core/Src/accelGyro.o
 .debug_macro   0x0000109f       0x8e ./Core/Src/accelGyro.o
 .debug_macro   0x0000112d       0x51 ./Core/Src/accelGyro.o
 .debug_macro   0x0000117e      0x103 ./Core/Src/accelGyro.o
 .debug_macro   0x00001281       0x6a ./Core/Src/accelGyro.o
 .debug_macro   0x000012eb      0x1df ./Core/Src/accelGyro.o
 .debug_macro   0x000014ca       0x1c ./Core/Src/accelGyro.o
 .debug_macro   0x000014e6       0x22 ./Core/Src/accelGyro.o
 .debug_macro   0x00001508       0xfb ./Core/Src/accelGyro.o
 .debug_macro   0x00001603     0x1011 ./Core/Src/accelGyro.o
 .debug_macro   0x00002614      0x11f ./Core/Src/accelGyro.o
 .debug_macro   0x00002733     0xb86c ./Core/Src/accelGyro.o
 .debug_macro   0x0000df9f       0x6d ./Core/Src/accelGyro.o
 .debug_macro   0x0000e00c     0x369a ./Core/Src/accelGyro.o
 .debug_macro   0x000116a6      0x190 ./Core/Src/accelGyro.o
 .debug_macro   0x00011836       0x5c ./Core/Src/accelGyro.o
 .debug_macro   0x00011892      0x416 ./Core/Src/accelGyro.o
 .debug_macro   0x00011ca8      0x9e9 ./Core/Src/accelGyro.o
 .debug_macro   0x00012691      0x115 ./Core/Src/accelGyro.o
 .debug_macro   0x000127a6       0xf8 ./Core/Src/accelGyro.o
 .debug_macro   0x0001289e       0xa5 ./Core/Src/accelGyro.o
 .debug_macro   0x00012943      0x15f ./Core/Src/accelGyro.o
 .debug_macro   0x00012aa2      0x287 ./Core/Src/accelGyro.o
 .debug_macro   0x00012d29       0x5f ./Core/Src/accelGyro.o
 .debug_macro   0x00012d88      0x236 ./Core/Src/accelGyro.o
 .debug_macro   0x00012fbe      0x132 ./Core/Src/accelGyro.o
 .debug_macro   0x000130f0      0x264 ./Core/Src/accelGyro.o
 .debug_macro   0x00013354       0x2e ./Core/Src/accelGyro.o
 .debug_macro   0x00013382      0x127 ./Core/Src/accelGyro.o
 .debug_macro   0x000134a9       0x85 ./Core/Src/accelGyro.o
 .debug_macro   0x0001352e       0x89 ./Core/Src/accelGyro.o
 .debug_macro   0x000135b7      0x868 ./Core/Src/accelGyro.o
 .debug_macro   0x00013e1f      0x1d5 ./Core/Src/accelGyro.o
 .debug_macro   0x00013ff4      0x225 ./Core/Src/accelGyro.o
 .debug_macro   0x00014219      0x2aa ./Core/Src/accelGyro.o
 .debug_macro   0x000144c3      0x126 ./Core/Src/accelGyro.o
 .debug_macro   0x000145e9       0x61 ./Core/Src/accelGyro.o
 .debug_macro   0x0001464a       0x2a ./Core/Src/accelGyro.o
 .debug_macro   0x00014674       0x43 ./Core/Src/accelGyro.o
 .debug_macro   0x000146b7       0x34 ./Core/Src/accelGyro.o
 .debug_macro   0x000146eb      0x370 ./Core/Src/accelGyro.o
 .debug_macro   0x00014a5b       0x16 ./Core/Src/accelGyro.o
 .debug_macro   0x00014a71       0x4a ./Core/Src/accelGyro.o
 .debug_macro   0x00014abb       0x34 ./Core/Src/accelGyro.o
 .debug_macro   0x00014aef       0x10 ./Core/Src/accelGyro.o
 .debug_macro   0x00014aff       0x58 ./Core/Src/accelGyro.o
 .debug_macro   0x00014b57       0x8e ./Core/Src/accelGyro.o
 .debug_macro   0x00014be5       0x1c ./Core/Src/accelGyro.o
 .debug_macro   0x00014c01      0x185 ./Core/Src/accelGyro.o
 .debug_macro   0x00014d86      0x19b ./Core/Src/accelGyro.o
 .debug_macro   0x00014f21       0xa0 ./Core/Src/accelGyro.o
 .debug_macro   0x00014fc1      0x244 ./Core/Src/accelGyro.o
 .debug_macro   0x00015205      0x2af ./Core/Src/gpio.o
 .debug_macro   0x000154b4      0x3c1 ./Core/Src/main.o
 .debug_macro   0x00015875       0x3a ./Core/Src/main.o
 .debug_macro   0x000158af       0xe5 ./Core/Src/main.o
 .debug_macro   0x00015994       0x16 ./Core/Src/main.o
 .debug_macro   0x000159aa       0x3c ./Core/Src/main.o
 .debug_macro   0x000159e6       0x16 ./Core/Src/main.o
 .debug_macro   0x000159fc       0x29 ./Core/Src/main.o
 .debug_macro   0x00015a25       0x12 ./Core/Src/main.o
 .debug_macro   0x00015a37       0xe2 ./Core/Src/main.o
 .debug_macro   0x00015b19       0x8e ./Core/Src/main.o
 .debug_macro   0x00015ba7       0x1c ./Core/Src/main.o
 .debug_macro   0x00015bc3       0x10 ./Core/Src/main.o
 .debug_macro   0x00015bd3       0x1c ./Core/Src/main.o
 .debug_macro   0x00015bef       0x16 ./Core/Src/main.o
 .debug_macro   0x00015c05      0x146 ./Core/Src/main.o
 .debug_macro   0x00015d4b       0x22 ./Core/Src/main.o
 .debug_macro   0x00015d6d      0x112 ./Core/Src/main.o
 .debug_macro   0x00015e7f       0x5e ./Core/Src/main.o
 .debug_macro   0x00015edd      0x2ae ./Core/Src/myLora.o
 .debug_macro   0x0001618b      0x2ae ./Core/Src/pressTemp.o
 .debug_macro   0x00016439      0x2a5 ./Core/Src/sdio.o
 .debug_macro   0x000166de      0x2af ./Core/Src/spi.o
 .debug_macro   0x0001698d      0x2a5 ./Core/Src/stm32f4xx_hal_msp.o
 .debug_macro   0x00016c32      0x2af ./Core/Src/stm32f4xx_it.o
 .debug_macro   0x00016ee1      0x1dd ./Core/Src/system_stm32f4xx.o
 .debug_macro   0x000170be      0x2af ./Core/Src/usart.o
 .debug_macro   0x0001736d      0x23d ./Drivers/STM32F4xx_HAL_Driver/stm32f4xx_hal.o
 .debug_macro   0x000175aa      0x1dd ./Drivers/STM32F4xx_HAL_Driver/stm32f4xx_hal_cortex.o
 .debug_macro   0x00017787      0x1e3 ./Drivers/STM32F4xx_HAL_Driver/stm32f4xx_hal_gpio.o
 .debug_macro   0x0001796a      0x201 ./Drivers/STM32F4xx_HAL_Driver/stm32f4xx_hal_rcc.o
 .debug_macro   0x00017b6b      0x1de ./Drivers/STM32F4xx_HAL_Driver/stm32f4xx_hal_sd.o
 .debug_macro   0x00017d49      0x1ec ./Drivers/STM32F4xx_HAL_Driver/stm32f4xx_hal_spi.o
 .debug_macro   0x00017f35      0x1de ./Drivers/STM32F4xx_HAL_Driver/stm32f4xx_hal_uart.o
 .debug_macro   0x00018113      0x1de ./Drivers/STM32F4xx_HAL_Driver/stm32f4xx_ll_sdmmc.o
 .debug_macro   0x000182f1      0x33b ./FATFS/App/fatfs.o
 .debug_macro   0x0001862c      0x1ec ./FATFS/Target/bsp_driver_sd.o
 .debug_macro   0x00018818       0x34 ./FATFS/Target/bsp_driver_sd.o
 .debug_macro   0x0001884c      0x33e ./FATFS/Target/sd_diskio.o
 .debug_macro   0x00018b8a       0x16 ./FATFS/Target/sd_diskio.o
 .debug_macro   0x00018ba0       0x7c ./FATFS/Target/sd_diskio.o
 .debug_macro   0x00018c1c      0x328 ./Middlewares/FatFs/diskio.o
 .debug_macro   0x00018f44      0x72f ./Middlewares/FatFs/ff.o
 .debug_macro   0x00019673       0x58 ./Middlewares/FatFs/ff.o
 .debug_macro   0x000196cb      0x328 ./Middlewares/FatFs/ff_gen_drv.o

.debug_line     0x00000000    0x18e1b
 .debug_line    0x00000000      0xabc ./Core/Src/accelGyro.o
 .debug_line    0x00000abc      0x9b9 ./Core/Src/gpio.o
 .debug_line    0x00001475      0xf35 ./Core/Src/main.o
 .debug_line    0x000023aa      0xb3d ./Core/Src/myLora.o
 .debug_line    0x00002ee7      0xbc5 ./Core/Src/pressTemp.o
 .debug_line    0x00003aac      0x9e9 ./Core/Src/sdio.o
 .debug_line    0x00004495      0x9f7 ./Core/Src/spi.o
 .debug_line    0x00004e8c      0x981 ./Core/Src/stm32f4xx_hal_msp.o
 .debug_line    0x0000580d      0xa30 ./Core/Src/stm32f4xx_it.o
 .debug_line    0x0000623d      0x8c3 ./Core/Src/system_stm32f4xx.o
 .debug_line    0x00006b00      0x9ef ./Core/Src/usart.o
 .debug_line    0x000074ef       0x7a ./Core/Startup/startup_stm32f401retx.o
 .debug_line    0x00007569      0xb69 ./Drivers/STM32F4xx_HAL_Driver/stm32f4xx_hal.o
 .debug_line    0x000080d2      0xe39 ./Drivers/STM32F4xx_HAL_Driver/stm32f4xx_hal_cortex.o
 .debug_line    0x00008f0b      0xc85 ./Drivers/STM32F4xx_HAL_Driver/stm32f4xx_hal_gpio.o
 .debug_line    0x00009b90      0xf76 ./Drivers/STM32F4xx_HAL_Driver/stm32f4xx_hal_rcc.o
 .debug_line    0x0000ab06     0x1fec ./Drivers/STM32F4xx_HAL_Driver/stm32f4xx_hal_sd.o
 .debug_line    0x0000caf2     0x1dfe ./Drivers/STM32F4xx_HAL_Driver/stm32f4xx_hal_spi.o
 .debug_line    0x0000e8f0     0x2678 ./Drivers/STM32F4xx_HAL_Driver/stm32f4xx_hal_uart.o
 .debug_line    0x00010f68     0x10e8 ./Drivers/STM32F4xx_HAL_Driver/stm32f4xx_ll_sdmmc.o
 .debug_line    0x00012050      0xa8f ./FATFS/App/fatfs.o
 .debug_line    0x00012adf      0xa2f ./FATFS/Target/bsp_driver_sd.o
 .debug_line    0x0001350e      0xb82 ./FATFS/Target/sd_diskio.o
 .debug_line    0x00014090      0xaff ./Middlewares/FatFs/diskio.o
 .debug_line    0x00014b8f     0x3772 ./Middlewares/FatFs/ff.o
 .debug_line    0x00018301      0xb1a ./Middlewares/FatFs/ff_gen_drv.o

.debug_str      0x00000000    0x8fa47
 .debug_str     0x00000000    0x8fa47 ./Core/Src/accelGyro.o
                              0x89b7d (size before relaxing)
 .debug_str     0x0008fa47    0x88e6a ./Core/Src/gpio.o
 .debug_str     0x0008fa47    0x8b8c9 ./Core/Src/main.o
 .debug_str     0x0008fa47    0x8964c ./Core/Src/myLora.o
 .debug_str     0x0008fa47    0x893c5 ./Core/Src/pressTemp.o
 .debug_str     0x0008fa47    0x892f3 ./Core/Src/sdio.o
 .debug_str     0x0008fa47    0x892f6 ./Core/Src/spi.o
 .debug_str     0x0008fa47    0x88d9f ./Core/Src/stm32f4xx_hal_msp.o
 .debug_str     0x0008fa47    0x88d13 ./Core/Src/stm32f4xx_it.o
 .debug_str     0x0008fa47    0x85262 ./Core/Src/system_stm32f4xx.o
 .debug_str     0x0008fa47    0x89327 ./Core/Src/usart.o
 .debug_str     0x0008fa47       0x63 ./Core/Startup/startup_stm32f401retx.o
 .debug_str     0x0008fa47    0x85cbd ./Drivers/STM32F4xx_HAL_Driver/stm32f4xx_hal.o
 .debug_str     0x0008fa47    0x85a27 ./Drivers/STM32F4xx_HAL_Driver/stm32f4xx_hal_cortex.o
 .debug_str     0x0008fa47    0x85416 ./Drivers/STM32F4xx_HAL_Driver/stm32f4xx_hal_gpio.o
 .debug_str     0x0008fa47    0x856cf ./Drivers/STM32F4xx_HAL_Driver/stm32f4xx_hal_rcc.o
 .debug_str     0x0008fa47    0x86002 ./Drivers/STM32F4xx_HAL_Driver/stm32f4xx_hal_sd.o
 .debug_str     0x0008fa47    0x85b47 ./Drivers/STM32F4xx_HAL_Driver/stm32f4xx_hal_spi.o
 .debug_str     0x0008fa47    0x85c9e ./Drivers/STM32F4xx_HAL_Driver/stm32f4xx_hal_uart.o
 .debug_str     0x0008fa47    0x85710 ./Drivers/STM32F4xx_HAL_Driver/stm32f4xx_ll_sdmmc.o
 .debug_str     0x0008fa47    0x8964e ./FATFS/App/fatfs.o
 .debug_str     0x0008fa47    0x858df ./FATFS/Target/bsp_driver_sd.o
 .debug_str     0x0008fa47    0x89696 ./FATFS/Target/sd_diskio.o
 .debug_str     0x0008fa47    0x895a2 ./Middlewares/FatFs/diskio.o
 .debug_str     0x0008fa47    0x8a805 ./Middlewares/FatFs/ff.o
 .debug_str     0x0008fa47    0x895f3 ./Middlewares/FatFs/ff_gen_drv.o

.comment        0x00000000       0x43
 .comment       0x00000000       0x43 ./Core/Src/accelGyro.o
                                 0x44 (size before relaxing)
 .comment       0x00000043       0x44 ./Core/Src/gpio.o
 .comment       0x00000043       0x44 ./Core/Src/main.o
 .comment       0x00000043       0x44 ./Core/Src/myLora.o
 .comment       0x00000043       0x44 ./Core/Src/pressTemp.o
 .comment       0x00000043       0x44 ./Core/Src/sdio.o
 .comment       0x00000043       0x44 ./Core/Src/spi.o
 .comment       0x00000043       0x44 ./Core/Src/stm32f4xx_hal_msp.o
 .comment       0x00000043       0x44 ./Core/Src/stm32f4xx_it.o
 .comment       0x00000043       0x44 ./Core/Src/system_stm32f4xx.o
 .comment       0x00000043       0x44 ./Core/Src/usart.o
 .comment       0x00000043       0x44 ./Drivers/STM32F4xx_HAL_Driver/stm32f4xx_hal.o
 .comment       0x00000043       0x44 ./Drivers/STM32F4xx_HAL_Driver/stm32f4xx_hal_cortex.o
 .comment       0x00000043       0x44 ./Drivers/STM32F4xx_HAL_Driver/stm32f4xx_hal_gpio.o
 .comment       0x00000043       0x44 ./Drivers/STM32F4xx_HAL_Driver/stm32f4xx_hal_rcc.o
 .comment       0x00000043       0x44 ./Drivers/STM32F4xx_HAL_Driver/stm32f4xx_hal_sd.o
 .comment       0x00000043       0x44 ./Drivers/STM32F4xx_HAL_Driver/stm32f4xx_hal_spi.o
 .comment       0x00000043       0x44 ./Drivers/STM32F4xx_HAL_Driver/stm32f4xx_hal_uart.o
 .comment       0x00000043       0x44 ./Drivers/STM32F4xx_HAL_Driver/stm32f4xx_ll_sdmmc.o
 .comment       0x00000043       0x44 ./FATFS/App/fatfs.o
 .comment       0x00000043       0x44 ./FATFS/Target/bsp_driver_sd.o
 .comment       0x00000043       0x44 ./FATFS/Target/sd_diskio.o
 .comment       0x00000043       0x44 ./Middlewares/FatFs/diskio.o
 .comment       0x00000043       0x44 ./Middlewares/FatFs/ff.o
 .comment       0x00000043       0x44 ./Middlewares/FatFs/ff_gen_drv.o

.debug_frame    0x00000000     0x4790
 .debug_frame   0x00000000       0xc4 ./Core/Src/accelGyro.o
 .debug_frame   0x000000c4       0x34 ./Core/Src/gpio.o
 .debug_frame   0x000000f8      0x1a4 ./Core/Src/main.o
 .debug_frame   0x0000029c       0xe8 ./Core/Src/myLora.o
 .debug_frame   0x00000384      0x138 ./Core/Src/pressTemp.o
 .debug_frame   0x000004bc       0x78 ./Core/Src/sdio.o
 .debug_frame   0x00000534       0x74 ./Core/Src/spi.o
 .debug_frame   0x000005a8       0x38 ./Core/Src/stm32f4xx_hal_msp.o
 .debug_frame   0x000005e0      0x104 ./Core/Src/stm32f4xx_it.o
 .debug_frame   0x000006e4       0x58 ./Core/Src/system_stm32f4xx.o
 .debug_frame   0x0000073c       0x74 ./Core/Src/usart.o
 .debug_frame   0x000007b0      0x374 ./Drivers/STM32F4xx_HAL_Driver/stm32f4xx_hal.o
 .debug_frame   0x00000b24      0x508 ./Drivers/STM32F4xx_HAL_Driver/stm32f4xx_hal_cortex.o
 .debug_frame   0x0000102c      0x14c ./Drivers/STM32F4xx_HAL_Driver/stm32f4xx_hal_gpio.o
 .debug_frame   0x00001178      0x1f4 ./Drivers/STM32F4xx_HAL_Driver/stm32f4xx_hal_rcc.o
 .debug_frame   0x0000136c      0x650 ./Drivers/STM32F4xx_HAL_Driver/stm32f4xx_hal_sd.o
 .debug_frame   0x000019bc      0x828 ./Drivers/STM32F4xx_HAL_Driver/stm32f4xx_hal_spi.o
 .debug_frame   0x000021e4      0x954 ./Drivers/STM32F4xx_HAL_Driver/stm32f4xx_hal_uart.o
 .debug_frame   0x00002b38      0x6d0 ./Drivers/STM32F4xx_HAL_Driver/stm32f4xx_ll_sdmmc.o
 .debug_frame   0x00003208       0x4c ./FATFS/App/fatfs.o
 .debug_frame   0x00003254      0x25c ./FATFS/Target/bsp_driver_sd.o
 .debug_frame   0x000034b0       0xe8 ./FATFS/Target/sd_diskio.o
 .debug_frame   0x00003598       0xec ./Middlewares/FatFs/diskio.o
 .debug_frame   0x00003684      0x94c ./Middlewares/FatFs/ff.o
 .debug_frame   0x00003fd0       0xc8 ./Middlewares/FatFs/ff_gen_drv.o
 .debug_frame   0x00004098      0x144 C:/ST/STM32CubeIDE_1.18.1/STM32CubeIDE/plugins/com.st.stm32cube.ide.mcu.externaltools.gnu-tools-for-stm32.13.3.rel1.win32_1.0.0.202411081344/tools/bin/../lib/gcc/arm-none-eabi/13.3.1/../../../../arm-none-eabi/lib/thumb/v7e-m+fp/hard\libc_nano.a(libc_a-findfp.o)