22:48:33 **** Incremental Build of configuration Debug for project Regular_CanSat ****
make -j20 all 
arm-none-eabi-gcc "../Core/Src/ms5611.c" -mcpu=cortex-m4 -std=gnu11 -g3 -DDEBUG -DUSE_HAL_DRIVER -DSTM32F401xE -c -I../FATFS/Target -I../FATFS/App -I../Core/Inc -I../Drivers/STM32F4xx_HAL_Driver/Inc -I../Drivers/STM32F4xx_HAL_Driver/Inc/Legacy -I../Middlewares/Third_Party/FatFs/src -I../Drivers/CMSIS/Device/ST/STM32F4xx/Include -I../Drivers/CMSIS/Include -O0 -ffunction-sections -fdata-sections -Wall -fstack-usage -fcyclomatic-complexity -MMD -MP -MF"Core/Src/ms5611.d" -MT"Core/Src/ms5611.o" --specs=nano.specs -mfpu=fpv4-sp-d16 -mfloat-abi=hard -mthumb -o "Core/Src/ms5611.o"
arm-none-eabi-gcc -o "Regular_CanSat.elf" @"objects.list"   -mcpu=cortex-m4 -T"P:\SU2025\Main\Regular_CanSat\STM32F401RETX_FLASH.ld" --specs=nosys.specs -Wl,-Map="Regular_CanSat.map" -Wl,--gc-sections -static --specs=nano.specs -mfpu=fpv4-sp-d16 -mfloat-abi=hard -mthumb -Wl,--start-group -lc -lm -Wl,--end-group
Finished building target: Regular_CanSat.elf
 
arm-none-eabi-size  Regular_CanSat.elf 
arm-none-eabi-objdump -h -S Regular_CanSat.elf  > "Regular_CanSat.list"
   text	   data	    bss	    dec	    hex	filename
  18856	     12	   2108	  20976	   51f0	Regular_CanSat.elf
Finished building: default.size.stdout
 
Finished building: Regular_CanSat.list
 

22:48:35 Build Finished. 0 errors, 0 warnings. (took 1s.854ms)

