Archive member included to satisfy reference by file (symbol)

C:/ST/STM32CubeIDE_1.18.1/STM32CubeIDE/plugins/com.st.stm32cube.ide.mcu.externaltools.gnu-tools-for-stm32.13.3.rel1.win32_1.0.0.202411081344/tools/bin/../lib/gcc/arm-none-eabi/13.3.1/../../../../arm-none-eabi/lib/thumb/v7-m/nofp\libc_nano.a(libc_a-exit.o)
                              C:/ST/STM32CubeIDE_1.18.1/STM32CubeIDE/plugins/com.st.stm32cube.ide.mcu.externaltools.gnu-tools-for-stm32.13.3.rel1.win32_1.0.0.202411081344/tools/bin/../lib/gcc/arm-none-eabi/13.3.1/../../../../arm-none-eabi/lib/thumb/v7-m/nofp/crt0.o (exit)
C:/ST/STM32CubeIDE_1.18.1/STM32CubeIDE/plugins/com.st.stm32cube.ide.mcu.externaltools.gnu-tools-for-stm32.13.3.rel1.win32_1.0.0.202411081344/tools/bin/../lib/gcc/arm-none-eabi/13.3.1/../../../../arm-none-eabi/lib/thumb/v7-m/nofp\libc_nano.a(libc_a-findfp.o)
                              C:/ST/STM32CubeIDE_1.18.1/STM32CubeIDE/plugins/com.st.stm32cube.ide.mcu.externaltools.gnu-tools-for-stm32.13.3.rel1.win32_1.0.0.202411081344/tools/bin/../lib/gcc/arm-none-eabi/13.3.1/../../../../arm-none-eabi/lib/thumb/v7-m/nofp\libc_nano.a(libc_a-exit.o) (__stdio_exit_handler)
C:/ST/STM32CubeIDE_1.18.1/STM32CubeIDE/plugins/com.st.stm32cube.ide.mcu.externaltools.gnu-tools-for-stm32.13.3.rel1.win32_1.0.0.202411081344/tools/bin/../lib/gcc/arm-none-eabi/13.3.1/../../../../arm-none-eabi/lib/thumb/v7-m/nofp\libc_nano.a(libc_a-fwalk.o)
                              C:/ST/STM32CubeIDE_1.18.1/STM32CubeIDE/plugins/com.st.stm32cube.ide.mcu.externaltools.gnu-tools-for-stm32.13.3.rel1.win32_1.0.0.202411081344/tools/bin/../lib/gcc/arm-none-eabi/13.3.1/../../../../arm-none-eabi/lib/thumb/v7-m/nofp\libc_nano.a(libc_a-findfp.o) (_fwalk_sglue)
C:/ST/STM32CubeIDE_1.18.1/STM32CubeIDE/plugins/com.st.stm32cube.ide.mcu.externaltools.gnu-tools-for-stm32.13.3.rel1.win32_1.0.0.202411081344/tools/bin/../lib/gcc/arm-none-eabi/13.3.1/../../../../arm-none-eabi/lib/thumb/v7-m/nofp\libc_nano.a(libc_a-stdio.o)
                              C:/ST/STM32CubeIDE_1.18.1/STM32CubeIDE/plugins/com.st.stm32cube.ide.mcu.externaltools.gnu-tools-for-stm32.13.3.rel1.win32_1.0.0.202411081344/tools/bin/../lib/gcc/arm-none-eabi/13.3.1/../../../../arm-none-eabi/lib/thumb/v7-m/nofp\libc_nano.a(libc_a-findfp.o) (__sread)
C:/ST/STM32CubeIDE_1.18.1/STM32CubeIDE/plugins/com.st.stm32cube.ide.mcu.externaltools.gnu-tools-for-stm32.13.3.rel1.win32_1.0.0.202411081344/tools/bin/../lib/gcc/arm-none-eabi/13.3.1/../../../../arm-none-eabi/lib/thumb/v7-m/nofp\libc_nano.a(libc_a-memset.o)
                              C:/ST/STM32CubeIDE_1.18.1/STM32CubeIDE/plugins/com.st.stm32cube.ide.mcu.externaltools.gnu-tools-for-stm32.13.3.rel1.win32_1.0.0.202411081344/tools/bin/../lib/gcc/arm-none-eabi/13.3.1/../../../../arm-none-eabi/lib/thumb/v7-m/nofp/crt0.o (memset)
C:/ST/STM32CubeIDE_1.18.1/STM32CubeIDE/plugins/com.st.stm32cube.ide.mcu.externaltools.gnu-tools-for-stm32.13.3.rel1.win32_1.0.0.202411081344/tools/bin/../lib/gcc/arm-none-eabi/13.3.1/../../../../arm-none-eabi/lib/thumb/v7-m/nofp\libc_nano.a(libc_a-closer.o)
                              C:/ST/STM32CubeIDE_1.18.1/STM32CubeIDE/plugins/com.st.stm32cube.ide.mcu.externaltools.gnu-tools-for-stm32.13.3.rel1.win32_1.0.0.202411081344/tools/bin/../lib/gcc/arm-none-eabi/13.3.1/../../../../arm-none-eabi/lib/thumb/v7-m/nofp\libc_nano.a(libc_a-stdio.o) (_close_r)
C:/ST/STM32CubeIDE_1.18.1/STM32CubeIDE/plugins/com.st.stm32cube.ide.mcu.externaltools.gnu-tools-for-stm32.13.3.rel1.win32_1.0.0.202411081344/tools/bin/../lib/gcc/arm-none-eabi/13.3.1/../../../../arm-none-eabi/lib/thumb/v7-m/nofp\libc_nano.a(libc_a-reent.o)
                              C:/ST/STM32CubeIDE_1.18.1/STM32CubeIDE/plugins/com.st.stm32cube.ide.mcu.externaltools.gnu-tools-for-stm32.13.3.rel1.win32_1.0.0.202411081344/tools/bin/../lib/gcc/arm-none-eabi/13.3.1/../../../../arm-none-eabi/lib/thumb/v7-m/nofp\libc_nano.a(libc_a-closer.o) (errno)
C:/ST/STM32CubeIDE_1.18.1/STM32CubeIDE/plugins/com.st.stm32cube.ide.mcu.externaltools.gnu-tools-for-stm32.13.3.rel1.win32_1.0.0.202411081344/tools/bin/../lib/gcc/arm-none-eabi/13.3.1/../../../../arm-none-eabi/lib/thumb/v7-m/nofp\libc_nano.a(libc_a-impure.o)
                              C:/ST/STM32CubeIDE_1.18.1/STM32CubeIDE/plugins/com.st.stm32cube.ide.mcu.externaltools.gnu-tools-for-stm32.13.3.rel1.win32_1.0.0.202411081344/tools/bin/../lib/gcc/arm-none-eabi/13.3.1/../../../../arm-none-eabi/lib/thumb/v7-m/nofp\libc_nano.a(libc_a-reent.o) (_impure_ptr)
C:/ST/STM32CubeIDE_1.18.1/STM32CubeIDE/plugins/com.st.stm32cube.ide.mcu.externaltools.gnu-tools-for-stm32.13.3.rel1.win32_1.0.0.202411081344/tools/bin/../lib/gcc/arm-none-eabi/13.3.1/../../../../arm-none-eabi/lib/thumb/v7-m/nofp\libc_nano.a(libc_a-lseekr.o)
[...]
Memory Configuration

Name             Origin             Length             Attributes
RAM              0x20000000         0x00005000         xrw
FLASH            0x08000000         0x00020000         xr
*default*        0x00000000         0xffffffff

Linker script and memory map

LOAD C:/ST/STM32CubeIDE_1.18.1/STM32CubeIDE/plugins/com.st.stm32cube.ide.mcu.externaltools.gnu-tools-for-stm32.13.3.rel1.win32_1.0.0.202411081344/tools/bin/../lib/gcc/arm-none-eabi/13.3.1/thumb/v7-m/nofp/crti.o
LOAD C:/ST/STM32CubeIDE_1.18.1/STM32CubeIDE/plugins/com.st.stm32cube.ide.mcu.externaltools.gnu-tools-for-stm32.13.3.rel1.win32_1.0.0.202411081344/tools/bin/../lib/gcc/arm-none-eabi/13.3.1/thumb/v7-m/nofp/crtbegin.o
LOAD C:/ST/STM32CubeIDE_1.18.1/STM32CubeIDE/plugins/com.st.stm32cube.ide.mcu.externaltools.gnu-tools-for-stm32.13.3.rel1.win32_1.0.0.202411081344/tools/bin/../lib/gcc/arm-none-eabi/13.3.1/../../../../arm-none-eabi/lib/thumb/v7-m/nofp/crt0.o
LOAD ./Core/Src/main.o
LOAD ./Core/Src/myLora.o
LOAD ./Core/Src/stm32f1xx_hal_msp.o
LOAD ./Core/Src/stm32f1xx_it.o
LOAD ./Core/Src/syscalls.o
LOAD ./Core/Src/sysmem.o
LOAD ./Core/Src/system_stm32f1xx.o
LOAD ./Core/Startup/startup_stm32f103cbtx.o
LOAD ./Drivers/STM32F1xx_HAL_Driver/Src/stm32f1xx_hal.o
LOAD ./Drivers/STM32F1xx_HAL_Driver/Src/stm32f1xx_hal_cortex.o
LOAD ./Drivers/STM32F1xx_HAL_Driver/Src/stm32f1xx_hal_dma.o
LOAD ./Drivers/STM32F1xx_HAL_Driver/Src/stm32f1xx_hal_exti.o
LOAD ./Drivers/STM32F1xx_HAL_Driver/Src/stm32f1xx_hal_flash.o
LOAD ./Drivers/STM32F1xx_HAL_Driver/Src/stm32f1xx_hal_flash_ex.o
LOAD ./Drivers/STM32F1xx_HAL_Driver/Src/stm32f1xx_hal_gpio.o
LOAD ./Drivers/STM32F1xx_HAL_Driver/Src/stm32f1xx_hal_gpio_ex.o
LOAD ./Drivers/STM32F1xx_HAL_Driver/Src/stm32f1xx_hal_pcd.o
LOAD ./Drivers/STM32F1xx_HAL_Driver/Src/stm32f1xx_hal_pcd_ex.o
LOAD ./Drivers/STM32F1xx_HAL_Driver/Src/stm32f1xx_hal_pwr.o
LOAD ./Drivers/STM32F1xx_HAL_Driver/Src/stm32f1xx_hal_rcc.o
LOAD ./Drivers/STM32F1xx_HAL_Driver/Src/stm32f1xx_hal_rcc_ex.o
LOAD ./Drivers/STM32F1xx_HAL_Driver/Src/stm32f1xx_hal_spi.o
LOAD ./Drivers/STM32F1xx_HAL_Driver/Src/stm32f1xx_ll_usb.o
LOAD ./Middlewares/ST/STM32_USB_Device_Library/Class/CDC/Src/usbd_cdc.o
LOAD ./Middlewares/ST/STM32_USB_Device_Library/Core/Src/usbd_core.o
LOAD ./Middlewares/ST/STM32_USB_Device_Library/Core/Src/usbd_ctlreq.o
LOAD ./Middlewares/ST/STM32_USB_Device_Library/Core/Src/usbd_ioreq.o
LOAD ./USB_DEVICE/App/usb_device.o
LOAD ./USB_DEVICE/App/usbd_cdc_if.o
LOAD ./USB_DEVICE/App/usbd_desc.o
LOAD ./USB_DEVICE/Target/usbd_conf.o
START GROUP
LOAD C:/ST/STM32CubeIDE_1.18.1/STM32CubeIDE/plugins/com.st.stm32cube.ide.mcu.externaltools.gnu-tools-for-stm32.13.3.rel1.win32_1.0.0.202411081344/tools/bin/../lib/gcc/arm-none-eabi/13.3.1/../../../../arm-none-eabi/lib/thumb/v7-m/nofp\libc_nano.a
LOAD C:/ST/STM32CubeIDE_1.18.1/STM32CubeIDE/plugins/com.st.stm32cube.ide.mcu.externaltools.gnu-tools-for-stm32.13.3.rel1.win32_1.0.0.202411081344/tools/bin/../lib/gcc/arm-none-eabi/13.3.1/../../../../arm-none-eabi/lib/thumb/v7-m/nofp\libm.a
END GROUP
START GROUP
LOAD C:/ST/STM32CubeIDE_1.18.1/STM32CubeIDE/plugins/com.st.stm32cube.ide.mcu.externaltools.gnu-tools-for-stm32.13.3.rel1.win32_1.0.0.202411081344/tools/bin/../lib/gcc/arm-none-eabi/13.3.1/thumb/v7-m/nofp\libgcc.a
LOAD C:/ST/STM32CubeIDE_1.18.1/STM32CubeIDE/plugins/com.st.stm32cube.ide.mcu.externaltools.gnu-tools-for-stm32.13.3.rel1.win32_1.0.0.202411081344/tools/bin/../lib/gcc/arm-none-eabi/13.3.1/../../../../arm-none-eabi/lib/thumb/v7-m/nofp\libc_nano.a
END GROUP
START GROUP
LOAD C:/ST/STM32CubeIDE_1.18.1/STM32CubeIDE/plugins/com.st.stm32cube.ide.mcu.externaltools.gnu-tools-for-stm32.13.3.rel1.win32_1.0.0.202411081344/tools/bin/../lib/gcc/arm-none-eabi/13.3.1/thumb/v7-m/nofp\libgcc.a
LOAD C:/ST/STM32CubeIDE_1.18.1/STM32CubeIDE/plugins/com.st.stm32cube.ide.mcu.externaltools.gnu-tools-for-stm32.13.3.rel1.win32_1.0.0.202411081344/tools/bin/../lib/gcc/arm-none-eabi/13.3.1/../../../../arm-none-eabi/lib/thumb/v7-m/nofp\libc_nano.a
LOAD C:/ST/STM32CubeIDE_1.18.1/STM32CubeIDE/plugins/com.st.stm32cube.ide.mcu.externaltools.gnu-tools-for-stm32.13.3.rel1.win32_1.0.0.202411081344/tools/bin/../lib/gcc/arm-none-eabi/13.3.1/../../../../arm-none-eabi/lib/thumb/v7-m/nofp\libnosys.a
END GROUP
START GROUP
LOAD C:/ST/STM32CubeIDE_1.18.1/STM32CubeIDE/plugins/com.st.stm32cube.ide.mcu.externaltools.gnu-tools-for-stm32.13.3.rel1.win32_1.0.0.202411081344/tools/bin/../lib/gcc/arm-none-eabi/13.3.1/thumb/v7-m/nofp\libgcc.a
LOAD C:/ST/STM32CubeIDE_1.18.1/STM32CubeIDE/plugins/com.st.stm32cube.ide.mcu.externaltools.gnu-tools-for-stm32.13.3.rel1.win32_1.0.0.202411081344/tools/bin/../lib/gcc/arm-none-eabi/13.3.1/../../../../arm-none-eabi/lib/thumb/v7-m/nofp\libc_nano.a
LOAD C:/ST/STM32CubeIDE_1.18.1/STM32CubeIDE/plugins/com.st.stm32cube.ide.mcu.externaltools.gnu-tools-for-stm32.13.3.rel1.win32_1.0.0.202411081344/tools/bin/../lib/gcc/arm-none-eabi/13.3.1/../../../../arm-none-eabi/lib/thumb/v7-m/nofp\libnosys.a
END GROUP
LOAD C:/ST/STM32CubeIDE_1.18.1/STM32CubeIDE/plugins/com.st.stm32cube.ide.mcu.externaltools.gnu-tools-for-stm32.13.3.rel1.win32_1.0.0.202411081344/tools/bin/../lib/gcc/arm-none-eabi/13.3.1/thumb/v7-m/nofp/crtend.o
LOAD C:/ST/STM32CubeIDE_1.18.1/STM32CubeIDE/plugins/com.st.stm32cube.ide.mcu.externaltools.gnu-tools-for-stm32.13.3.rel1.win32_1.0.0.202411081344/tools/bin/../lib/gcc/arm-none-eabi/13.3.1/thumb/v7-m/nofp/crtn.o
                0x20005000                        _estack = (ORIGIN (RAM) + LENGTH (RAM))
                0x00000200                        _Min_Heap_Size = 0x200
                0x00000400                        _Min_Stack_Size = 0x400

.isr_vector     0x08000000      0x10c
                0x08000000                        . = ALIGN (0x4)
 *(.isr_vector)
 .isr_vector    0x08000000      0x10c ./Core/Startup/startup_stm32f103cbtx.o
                0x08000000                g_pfnVectors
                0x0800010c                        . = ALIGN (0x4)

.text           0x0800010c     0x862c
                0x0800010c                        . = ALIGN (0x4)
 *(.text)
 .text          0x0800010c       0x40 C:/ST/STM32CubeIDE_1.18.1/STM32CubeIDE/plugins/com.st.stm32cube.ide.mcu.externaltools.gnu-tools-for-stm32.13.3.rel1.win32_1.0.0.202411081344/tools/bin/../lib/gcc/arm-none-eabi/13.3.1/thumb/v7-m/nofp/crtbegin.o
 *(.text*)
 .text.main     0x0800014c      0x134 ./Core/Src/main.o
                0x0800014c                main
 .text.SystemClock_Config
                0x08000280       0xb6 ./Core/Src/main.o
                0x08000280                SystemClock_Config
 *fill*         0x08000336        0x2 
 .text.MX_SPI1_Init
                0x08000338       0x6c ./Core/Src/main.o
 .text.MX_GPIO_Init
                0x080003a4       0x94 ./Core/Src/main.o
 .text.Error_Handler
                0x08000438        0xc ./Core/Src/main.o
                0x08000438                Error_Handler
 .text.LORA_Init
                0x08000444       0xe8 ./Core/Src/myLora.o
                0x08000444                LORA_Init
 .text._loraReadReg
                0x0800052c       0x6c ./Core/Src/myLora.o
                0x0800052c                _loraReadReg
 .text._loraWriteReg
                0x08000598       0x78 ./Core/Src/myLora.o
                0x08000598                _loraWriteReg
 .text.LORA_ReceiveData
                0x08000610      0x168 ./Core/Src/myLora.o
                0x08000610                LORA_ReceiveData
 .text.LORA_TransmitData
                0x08000778       0xb0 ./Core/Src/myLora.o
                0x08000778                LORA_TransmitData
 .text.HAL_MspInit
                0x08000828       0x64 ./Core/Src/stm32f1xx_hal_msp.o
                0x08000828                HAL_MspInit
 .text.HAL_SPI_MspInit
                0x0800088c       0x94 ./Core/Src/stm32f1xx_hal_msp.o
                0x0800088c                HAL_SPI_MspInit
 .text.NMI_Handler
                0x08000920        0x8 ./Core/Src/stm32f1xx_it.o
                0x08000920                NMI_Handler
 .text.HardFault_Handler
                0x08000928        0x8 ./Core/Src/stm32f1xx_it.o
                0x08000928                HardFault_Handler
 .text.MemManage_Handler
                0x08000930        0x8 ./Core/Src/stm32f1xx_it.o
                0x08000930                MemManage_Handler
 .text.BusFault_Handler
                0x08000938        0x8 ./Core/Src/stm32f1xx_it.o
                0x08000938                BusFault_Handler
 .text.UsageFault_Handler
                0x08000940        0x8 ./Core/Src/stm32f1xx_it.o
                0x08000940                UsageFault_Handler
 .text.SVC_Handler
                0x08000948        0xc ./Core/Src/stm32f1xx_it.o
                0x08000948                SVC_Handler
 .text.DebugMon_Handler
                0x08000954        0xc ./Core/Src/stm32f1xx_it.o
                0x08000954                DebugMon_Handler
 .text.PendSV_Handler
                0x08000960        0xc ./Core/Src/stm32f1xx_it.o
                0x08000960                PendSV_Handler
 .text.SysTick_Handler
                0x0800096c        0xc ./Core/Src/stm32f1xx_it.o
                0x0800096c                SysTick_Handler
 .text.USB_LP_CAN1_RX0_IRQHandler
                0x08000978       0x14 ./Core/Src/stm32f1xx_it.o
                0x08000978                USB_LP_CAN1_RX0_IRQHandler
 .text.SystemInit
                0x0800098c        0xc ./Core/Src/system_stm32f1xx.o
                0x0800098c                SystemInit
 .text.Reset_Handler
                0x08000998       0x48 ./Core/Startup/startup_stm32f103cbtx.o
                0x08000998                Reset_Handler
 .text.Default_Handler
                0x080009e0        0x2 ./Core/Startup/startup_stm32f103cbtx.o
                0x080009e0                RTC_Alarm_IRQHandler
                0x080009e0                EXTI2_IRQHandler
                0x080009e0                TIM1_CC_IRQHandler
                0x080009e0                PVD_IRQHandler
                0x080009e0                EXTI3_IRQHandler
                0x080009e0                EXTI0_IRQHandler
                0x080009e0                I2C2_EV_IRQHandler
                0x080009e0                ADC1_2_IRQHandler
                0x080009e0                SPI1_IRQHandler
                0x080009e0                TAMPER_IRQHandler
                0x080009e0                DMA1_Channel4_IRQHandler
                0x080009e0                USART3_IRQHandler
                0x080009e0                RTC_IRQHandler
                0x080009e0                DMA1_Channel7_IRQHandler
                0x080009e0                CAN1_RX1_IRQHandler
                0x080009e0                TIM4_IRQHandler
                0x080009e0                I2C1_EV_IRQHandler
                0x080009e0                DMA1_Channel6_IRQHandler
                0x080009e0                TIM3_IRQHandler
                0x080009e0                RCC_IRQHandler
                0x080009e0                TIM1_TRG_COM_IRQHandler
                0x080009e0                DMA1_Channel1_IRQHandler
                0x080009e0                Default_Handler
                0x080009e0                EXTI15_10_IRQHandler
                0x080009e0                EXTI9_5_IRQHandler
                0x080009e0                SPI2_IRQHandler
                0x080009e0                DMA1_Channel5_IRQHandler
                0x080009e0                EXTI4_IRQHandler
                0x080009e0                USB_HP_CAN1_TX_IRQHandler
                0x080009e0                DMA1_Channel3_IRQHandler
                0x080009e0                TIM1_UP_IRQHandler
                0x080009e0                WWDG_IRQHandler
                0x080009e0                TIM2_IRQHandler
                0x080009e0                TIM1_BRK_IRQHandler
                0x080009e0                EXTI1_IRQHandler
                0x080009e0                USART2_IRQHandler
                0x080009e0                I2C2_ER_IRQHandler
                0x080009e0                DMA1_Channel2_IRQHandler
                0x080009e0                CAN1_SCE_IRQHandler
                0x080009e0                FLASH_IRQHandler
                0x080009e0                USART1_IRQHandler
                0x080009e0                I2C1_ER_IRQHandler
                0x080009e0                USBWakeUp_IRQHandler
 *fill*         0x080009e2        0x2 
 .text.HAL_Init
                0x080009e4       0x2c ./Drivers/STM32F1xx_HAL_Driver/Src/stm32f1xx_hal.o
                0x080009e4                HAL_Init
 .text.HAL_InitTick
                0x08000a10       0x60 ./Drivers/STM32F1xx_HAL_Driver/Src/stm32f1xx_hal.o
                0x08000a10                HAL_InitTick
 .text.HAL_IncTick
                0x08000a70       0x24 ./Drivers/STM32F1xx_HAL_Driver/Src/stm32f1xx_hal.o
                0x08000a70                HAL_IncTick
 .text.HAL_GetTick
                0x08000a94       0x14 ./Drivers/STM32F1xx_HAL_Driver/Src/stm32f1xx_hal.o
                0x08000a94                HAL_GetTick
 .text.HAL_Delay
                0x08000aa8       0x48 ./Drivers/STM32F1xx_HAL_Driver/Src/stm32f1xx_hal.o
                0x08000aa8                HAL_Delay
 .text.__NVIC_SetPriorityGrouping
                0x08000af0       0x48 ./Drivers/STM32F1xx_HAL_Driver/Src/stm32f1xx_hal_cortex.o
 .text.__NVIC_GetPriorityGrouping
                0x08000b38       0x1c ./Drivers/STM32F1xx_HAL_Driver/Src/stm32f1xx_hal_cortex.o
 .text.__NVIC_EnableIRQ
                0x08000b54       0x38 ./Drivers/STM32F1xx_HAL_Driver/Src/stm32f1xx_hal_cortex.o
 .text.__NVIC_SetPriority
                0x08000b8c       0x54 ./Drivers/STM32F1xx_HAL_Driver/Src/stm32f1xx_hal_cortex.o
 .text.NVIC_EncodePriority
                0x08000be0       0x64 ./Drivers/STM32F1xx_HAL_Driver/Src/stm32f1xx_hal_cortex.o
 .text.SysTick_Config
                0x08000c44       0x44 ./Drivers/STM32F1xx_HAL_Driver/Src/stm32f1xx_hal_cortex.o
 .text.HAL_NVIC_SetPriorityGrouping
                0x08000c88       0x16 ./Drivers/STM32F1xx_HAL_Driver/Src/stm32f1xx_hal_cortex.o
                0x08000c88                HAL_NVIC_SetPriorityGrouping
 .text.HAL_NVIC_SetPriority
                0x08000c9e       0x38 ./Drivers/STM32F1xx_HAL_Driver/Src/stm32f1xx_hal_cortex.o
                0x08000c9e                HAL_NVIC_SetPriority
 .text.HAL_NVIC_EnableIRQ
                0x08000cd6       0x1c ./Drivers/STM32F1xx_HAL_Driver/Src/stm32f1xx_hal_cortex.o
                0x08000cd6                HAL_NVIC_EnableIRQ
 .text.HAL_SYSTICK_Config
                0x08000cf2       0x18 ./Drivers/STM32F1xx_HAL_Driver/Src/stm32f1xx_hal_cortex.o
                0x08000cf2                HAL_SYSTICK_Config
 *fill*         0x08000d0a        0x2 
 .text.HAL_GPIO_Init
                0x08000d0c      0x308 ./Drivers/STM32F1xx_HAL_Driver/Src/stm32f1xx_hal_gpio.o
                0x08000d0c                HAL_GPIO_Init
 .text.HAL_GPIO_WritePin
                0x08001014       0x30 ./Drivers/STM32F1xx_HAL_Driver/Src/stm32f1xx_hal_gpio.o
                0x08001014                HAL_GPIO_WritePin
 .text.HAL_GPIO_TogglePin
                0x08001044       0x32 ./Drivers/STM32F1xx_HAL_Driver/Src/stm32f1xx_hal_gpio.o
                0x08001044                HAL_GPIO_TogglePin
 .text.HAL_PCD_Init
                0x08001076      0x1ec ./Drivers/STM32F1xx_HAL_Driver/Src/stm32f1xx_hal_pcd.o
                0x08001076                HAL_PCD_Init
 .text.HAL_PCD_Start
                0x08001262       0x4c ./Drivers/STM32F1xx_HAL_Driver/Src/stm32f1xx_hal_pcd.o
                0x08001262                HAL_PCD_Start
 .text.HAL_PCD_IRQHandler
                0x080012ae      0x260 ./Drivers/STM32F1xx_HAL_Driver/Src/stm32f1xx_hal_pcd.o
                0x080012ae                HAL_PCD_IRQHandler
 .text.HAL_PCD_SetAddress
                0x0800150e       0x48 ./Drivers/STM32F1xx_HAL_Driver/Src/stm32f1xx_hal_pcd.o
                0x0800150e                HAL_PCD_SetAddress
 .text.HAL_PCD_EP_Open
                0x08001556       0xba ./Drivers/STM32F1xx_HAL_Driver/Src/stm32f1xx_hal_pcd.o
                0x08001556                HAL_PCD_EP_Open
 .text.HAL_PCD_EP_Close
                0x08001610       0x90 ./Drivers/STM32F1xx_HAL_Driver/Src/stm32f1xx_hal_pcd.o
                0x08001610                HAL_PCD_EP_Close
 .text.HAL_PCD_EP_Receive
                0x080016a0       0x62 ./Drivers/STM32F1xx_HAL_Driver/Src/stm32f1xx_hal_pcd.o
                0x080016a0                HAL_PCD_EP_Receive
 .text.HAL_PCD_EP_GetRxCount
                0x08001702       0x2e ./Drivers/STM32F1xx_HAL_Driver/Src/stm32f1xx_hal_pcd.o
                0x08001702                HAL_PCD_EP_GetRxCount
 .text.HAL_PCD_EP_Transmit
                0x08001730       0x6e ./Drivers/STM32F1xx_HAL_Driver/Src/stm32f1xx_hal_pcd.o
                0x08001730                HAL_PCD_EP_Transmit
 .text.HAL_PCD_EP_SetStall
                0x0800179e       0xc0 ./Drivers/STM32F1xx_HAL_Driver/Src/stm32f1xx_hal_pcd.o
                0x0800179e                HAL_PCD_EP_SetStall
 .text.HAL_PCD_EP_ClrStall
                0x0800185e       0xa8 ./Drivers/STM32F1xx_HAL_Driver/Src/stm32f1xx_hal_pcd.o
                0x0800185e                HAL_PCD_EP_ClrStall
 .text.PCD_EP_ISR_Handler
                0x08001906      0x79e ./Drivers/STM32F1xx_HAL_Driver/Src/stm32f1xx_hal_pcd.o
 .text.HAL_PCD_EP_DB_Receive
                0x080020a4      0x21a ./Drivers/STM32F1xx_HAL_Driver/Src/stm32f1xx_hal_pcd.o
 .text.HAL_PCD_EP_DB_Transmit
                0x080022be      0x7f4 ./Drivers/STM32F1xx_HAL_Driver/Src/stm32f1xx_hal_pcd.o
 .text.HAL_PCDEx_PMAConfig
                0x08002ab2       0x84 ./Drivers/STM32F1xx_HAL_Driver/Src/stm32f1xx_hal_pcd_ex.o
                0x08002ab2                HAL_PCDEx_PMAConfig
 *fill*         0x08002b36        0x2 
 .text.HAL_RCC_OscConfig
                0x08002b38      0x504 ./Drivers/STM32F1xx_HAL_Driver/Src/stm32f1xx_hal_rcc.o
                0x08002b38                HAL_RCC_OscConfig
 .text.HAL_RCC_ClockConfig
                0x0800303c      0x1d4 ./Drivers/STM32F1xx_HAL_Driver/Src/stm32f1xx_hal_rcc.o
                0x0800303c                HAL_RCC_ClockConfig
 .text.HAL_RCC_GetSysClockFreq
                0x08003210       0xa8 ./Drivers/STM32F1xx_HAL_Driver/Src/stm32f1xx_hal_rcc.o
                0x08003210                HAL_RCC_GetSysClockFreq
 .text.RCC_Delay
                0x080032b8       0x3c ./Drivers/STM32F1xx_HAL_Driver/Src/stm32f1xx_hal_rcc.o
 .text.HAL_RCCEx_PeriphCLKConfig
                0x080032f4      0x16c ./Drivers/STM32F1xx_HAL_Driver/Src/stm32f1xx_hal_rcc_ex.o
                0x080032f4                HAL_RCCEx_PeriphCLKConfig
 .text.HAL_SPI_Init
                0x08003460      0x108 ./Drivers/STM32F1xx_HAL_Driver/Src/stm32f1xx_hal_spi.o
                0x08003460                HAL_SPI_Init
 .text.HAL_SPI_Transmit
                0x08003568      0x288 ./Drivers/STM32F1xx_HAL_Driver/Src/stm32f1xx_hal_spi.o
                0x08003568                HAL_SPI_Transmit
 .text.HAL_SPI_Receive
                0x080037f0      0x232 ./Drivers/STM32F1xx_HAL_Driver/Src/stm32f1xx_hal_spi.o
                0x080037f0                HAL_SPI_Receive
 .text.HAL_SPI_TransmitReceive
                0x08003a22      0x352 ./Drivers/STM32F1xx_HAL_Driver/Src/stm32f1xx_hal_spi.o
                0x08003a22                HAL_SPI_TransmitReceive
 .text.SPI_WaitFlagStateUntilTimeout
                0x08003d74      0x110 ./Drivers/STM32F1xx_HAL_Driver/Src/stm32f1xx_hal_spi.o
 .text.SPI_EndRxTransaction
                0x08003e84       0xa4 ./Drivers/STM32F1xx_HAL_Driver/Src/stm32f1xx_hal_spi.o
 .text.SPI_EndRxTxTransaction
                0x08003f28       0x62 ./Drivers/STM32F1xx_HAL_Driver/Src/stm32f1xx_hal_spi.o
 .text.USB_CoreInit
                0x08003f8a       0x1a ./Drivers/STM32F1xx_HAL_Driver/Src/stm32f1xx_ll_usb.o
                0x08003f8a                USB_CoreInit
 .text.USB_EnableGlobalInt
                0x08003fa4       0x2c ./Drivers/STM32F1xx_HAL_Driver/Src/stm32f1xx_ll_usb.o
                0x08003fa4                USB_EnableGlobalInt
 .text.USB_DisableGlobalInt
                0x08003fd0       0x34 ./Drivers/STM32F1xx_HAL_Driver/Src/stm32f1xx_ll_usb.o
                0x08003fd0                USB_DisableGlobalInt
 .text.USB_SetCurrentMode
                0x08004004       0x18 ./Drivers/STM32F1xx_HAL_Driver/Src/stm32f1xx_ll_usb.o
                0x08004004                USB_SetCurrentMode
 .text.USB_DevInit
                0x0800401c       0x3a ./Drivers/STM32F1xx_HAL_Driver/Src/stm32f1xx_ll_usb.o
                0x0800401c                USB_DevInit
 *fill*         0x08004056        0x2 
 .text.USB_ActivateEndpoint
                0x08004058      0x780 ./Drivers/STM32F1xx_HAL_Driver/Src/stm32f1xx_ll_usb.o
                0x08004058                USB_ActivateEndpoint
 .text.USB_DeactivateEndpoint
                0x080047d8      0x3d8 ./Drivers/STM32F1xx_HAL_Driver/Src/stm32f1xx_ll_usb.o
                0x080047d8                USB_DeactivateEndpoint
 .text.USB_EPStartXfer
                0x08004bb0     0x1762 ./Drivers/STM32F1xx_HAL_Driver/Src/stm32f1xx_ll_usb.o
                0x08004bb0                USB_EPStartXfer
 .text.USB_EPSetStall
                0x08006312       0xa0 ./Drivers/STM32F1xx_HAL_Driver/Src/stm32f1xx_ll_usb.o
                0x08006312                USB_EPSetStall
 .text.USB_EPClearStall
                0x080063b2      0x15a ./Drivers/STM32F1xx_HAL_Driver/Src/stm32f1xx_ll_usb.o
                0x080063b2                USB_EPClearStall
 .text.USB_SetDevAddress
                0x0800650c       0x26 ./Drivers/STM32F1xx_HAL_Driver/Src/stm32f1xx_ll_usb.o
                0x0800650c                USB_SetDevAddress
 .text.USB_DevConnect
                0x08006532       0x14 ./Drivers/STM32F1xx_HAL_Driver/Src/stm32f1xx_ll_usb.o
                0x08006532                USB_DevConnect
 .text.USB_DevDisconnect
                0x08006546       0x14 ./Drivers/STM32F1xx_HAL_Driver/Src/stm32f1xx_ll_usb.o
                0x08006546                USB_DevDisconnect
 .text.USB_ReadInterrupts
                0x0800655a       0x1e ./Drivers/STM32F1xx_HAL_Driver/Src/stm32f1xx_ll_usb.o
                0x0800655a                USB_ReadInterrupts
 .text.USB_EP0_OutStart
                0x08006578       0x16 ./Drivers/STM32F1xx_HAL_Driver/Src/stm32f1xx_ll_usb.o
                0x08006578                USB_EP0_OutStart
 .text.USB_WritePMA
                0x0800658e       0x8c ./Drivers/STM32F1xx_HAL_Driver/Src/stm32f1xx_ll_usb.o
                0x0800658e                USB_WritePMA
 .text.USB_ReadPMA
                0x0800661a       0x9e ./Drivers/STM32F1xx_HAL_Driver/Src/stm32f1xx_ll_usb.o
                0x0800661a                USB_ReadPMA
 .text.USBD_CDC_Init
                0x080066b8       0xf4 ./Middlewares/ST/STM32_USB_Device_Library/Class/CDC/Src/usbd_cdc.o
 .text.USBD_CDC_DeInit
                0x080067ac       0x6e ./Middlewares/ST/STM32_USB_Device_Library/Class/CDC/Src/usbd_cdc.o
 .text.USBD_CDC_Setup
                0x0800681a      0x146 ./Middlewares/ST/STM32_USB_Device_Library/Class/CDC/Src/usbd_cdc.o
 .text.USBD_CDC_DataIn
                0x08006960       0xa6 ./Middlewares/ST/STM32_USB_Device_Library/Class/CDC/Src/usbd_cdc.o
 .text.USBD_CDC_DataOut
                0x08006a06       0x56 ./Middlewares/ST/STM32_USB_Device_Library/Class/CDC/Src/usbd_cdc.o
 .text.USBD_CDC_EP0_RxReady
                0x08006a5c       0x4e ./Middlewares/ST/STM32_USB_Device_Library/Class/CDC/Src/usbd_cdc.o
 *fill*         0x08006aaa        0x2 
 .text.USBD_CDC_GetFSCfgDesc
                0x08006aac       0x20 ./Middlewares/ST/STM32_USB_Device_Library/Class/CDC/Src/usbd_cdc.o
 .text.USBD_CDC_GetHSCfgDesc
                0x08006acc       0x20 ./Middlewares/ST/STM32_USB_Device_Library/Class/CDC/Src/usbd_cdc.o
 .text.USBD_CDC_GetOtherSpeedCfgDesc
                0x08006aec       0x20 ./Middlewares/ST/STM32_USB_Device_Library/Class/CDC/Src/usbd_cdc.o
 .text.USBD_CDC_GetDeviceQualifierDescriptor
                0x08006b0c       0x20 ./Middlewares/ST/STM32_USB_Device_Library/Class/CDC/Src/usbd_cdc.o
                0x08006b0c                USBD_CDC_GetDeviceQualifierDescriptor
 .text.USBD_CDC_RegisterInterface
                0x08006b2c       0x2c ./Middlewares/ST/STM32_USB_Device_Library/Class/CDC/Src/usbd_cdc.o
                0x08006b2c                USBD_CDC_RegisterInterface
 .text.USBD_CDC_SetTxBuffer
                0x08006b58       0x32 ./Middlewares/ST/STM32_USB_Device_Library/Class/CDC/Src/usbd_cdc.o
                0x08006b58                USBD_CDC_SetTxBuffer
 .text.USBD_CDC_SetRxBuffer
                0x08006b8a       0x26 ./Middlewares/ST/STM32_USB_Device_Library/Class/CDC/Src/usbd_cdc.o
                0x08006b8a                USBD_CDC_SetRxBuffer
 .text.USBD_CDC_TransmitPacket
                0x08006bb0       0x5e ./Middlewares/ST/STM32_USB_Device_Library/Class/CDC/Src/usbd_cdc.o
                0x08006bb0                USBD_CDC_TransmitPacket
 .text.USBD_CDC_ReceivePacket
                0x08006c0e       0x54 ./Middlewares/ST/STM32_USB_Device_Library/Class/CDC/Src/usbd_cdc.o
                0x08006c0e                USBD_CDC_ReceivePacket
 .text.USBD_Init
                0x08006c62       0x56 ./Middlewares/ST/STM32_USB_Device_Library/Core/Src/usbd_core.o
                0x08006c62                USBD_Init
 .text.USBD_RegisterClass
                0x08006cb8       0x32 ./Middlewares/ST/STM32_USB_Device_Library/Core/Src/usbd_core.o
                0x08006cb8                USBD_RegisterClass
 .text.USBD_Start
                0x08006cea       0x18 ./Middlewares/ST/STM32_USB_Device_Library/Core/Src/usbd_core.o
                0x08006cea                USBD_Start
 .text.USBD_RunTestMode
                0x08006d02       0x14 ./Middlewares/ST/STM32_USB_Device_Library/Core/Src/usbd_core.o
                0x08006d02                USBD_RunTestMode
 .text.USBD_SetClassConfig
                0x08006d16       0x3e ./Middlewares/ST/STM32_USB_Device_Library/Core/Src/usbd_core.o
                0x08006d16                USBD_SetClassConfig
 .text.USBD_ClrClassConfig
                0x08006d54       0x26 ./Middlewares/ST/STM32_USB_Device_Library/Core/Src/usbd_core.o
                0x08006d54                USBD_ClrClassConfig
 .text.USBD_LL_SetupStage
                0x08006d7a       0x9a ./Middlewares/ST/STM32_USB_Device_Library/Core/Src/usbd_core.o
                0x08006d7a                USBD_LL_SetupStage
 .text.USBD_LL_DataOutStage
                0x08006e14       0xe2 ./Middlewares/ST/STM32_USB_Device_Library/Core/Src/usbd_core.o
                0x08006e14                USBD_LL_DataOutStage
 .text.USBD_LL_DataInStage
                0x08006ef6      0x14a ./Middlewares/ST/STM32_USB_Device_Library/Core/Src/usbd_core.o
                0x08006ef6                USBD_LL_DataInStage
 .text.USBD_LL_Reset
                0x08007040       0x82 ./Middlewares/ST/STM32_USB_Device_Library/Core/Src/usbd_core.o
                0x08007040                USBD_LL_Reset
 .text.USBD_LL_SetSpeed
                0x080070c2       0x1e ./Middlewares/ST/STM32_USB_Device_Library/Core/Src/usbd_core.o
                0x080070c2                USBD_LL_SetSpeed
 .text.USBD_LL_Suspend
                0x080070e0       0x28 ./Middlewares/ST/STM32_USB_Device_Library/Core/Src/usbd_core.o
                0x080070e0                USBD_LL_Suspend
 .text.USBD_LL_Resume
                0x08007108       0x2a ./Middlewares/ST/STM32_USB_Device_Library/Core/Src/usbd_core.o
                0x08007108                USBD_LL_Resume
 .text.USBD_LL_SOF
                0x08007132       0x34 ./Middlewares/ST/STM32_USB_Device_Library/Core/Src/usbd_core.o
                0x08007132                USBD_LL_SOF
 *fill*         0x08007166        0x2 
 .text.USBD_StdDevReq
                0x08007168       0xd4 ./Middlewares/ST/STM32_USB_Device_Library/Core/Src/usbd_ctlreq.o
                0x08007168                USBD_StdDevReq
 .text.USBD_StdItfReq
                0x0800723c       0x90 ./Middlewares/ST/STM32_USB_Device_Library/Core/Src/usbd_ctlreq.o
                0x0800723c                USBD_StdItfReq
 .text.USBD_StdEPReq
                0x080072cc      0x2c6 ./Middlewares/ST/STM32_USB_Device_Library/Core/Src/usbd_ctlreq.o
                0x080072cc                USBD_StdEPReq
 *fill*         0x08007592        0x2 
 .text.USBD_GetDescriptor
                0x08007594      0x2d0 ./Middlewares/ST/STM32_USB_Device_Library/Core/Src/usbd_ctlreq.o
 .text.USBD_SetAddress
                0x08007864       0x86 ./Middlewares/ST/STM32_USB_Device_Library/Core/Src/usbd_ctlreq.o
 *fill*         0x080078ea        0x2 
 .text.USBD_SetConfig
                0x080078ec      0x11c ./Middlewares/ST/STM32_USB_Device_Library/Core/Src/usbd_ctlreq.o
 .text.USBD_GetConfig
                0x08007a08       0x6a ./Middlewares/ST/STM32_USB_Device_Library/Core/Src/usbd_ctlreq.o
 .text.USBD_GetStatus
                0x08007a72       0x66 ./Middlewares/ST/STM32_USB_Device_Library/Core/Src/usbd_ctlreq.o
 .text.USBD_SetFeature
                0x08007ad8       0x28 ./Middlewares/ST/STM32_USB_Device_Library/Core/Src/usbd_ctlreq.o
 .text.USBD_ClrFeature
                0x08007b00       0x42 ./Middlewares/ST/STM32_USB_Device_Library/Core/Src/usbd_ctlreq.o
 .text.USBD_ParseSetupRequest
                0x08007b42       0x72 ./Middlewares/ST/STM32_USB_Device_Library/Core/Src/usbd_ctlreq.o
                0x08007b42                USBD_ParseSetupRequest
 .text.USBD_CtlError
                0x08007bb4       0x22 ./Middlewares/ST/STM32_USB_Device_Library/Core/Src/usbd_ctlreq.o
                0x08007bb4                USBD_CtlError
 .text.USBD_GetString
                0x08007bd6       0x84 ./Middlewares/ST/STM32_USB_Device_Library/Core/Src/usbd_ctlreq.o
                0x08007bd6                USBD_GetString
 .text.USBD_GetLen
                0x08007c5a       0x2e ./Middlewares/ST/STM32_USB_Device_Library/Core/Src/usbd_ctlreq.o
 .text.USBD_CtlSendData
                0x08007c88       0x38 ./Middlewares/ST/STM32_USB_Device_Library/Core/Src/usbd_ioreq.o
                0x08007c88                USBD_CtlSendData
 .text.USBD_CtlContinueSendData
                0x08007cc0       0x24 ./Middlewares/ST/STM32_USB_Device_Library/Core/Src/usbd_ioreq.o
                0x08007cc0                USBD_CtlContinueSendData
 .text.USBD_CtlPrepareRx
                0x08007ce4       0x3c ./Middlewares/ST/STM32_USB_Device_Library/Core/Src/usbd_ioreq.o
                0x08007ce4                USBD_CtlPrepareRx
 .text.USBD_CtlContinueRx
                0x08007d20       0x24 ./Middlewares/ST/STM32_USB_Device_Library/Core/Src/usbd_ioreq.o
                0x08007d20                USBD_CtlContinueRx
 .text.USBD_CtlSendStatus
                0x08007d44       0x26 ./Middlewares/ST/STM32_USB_Device_Library/Core/Src/usbd_ioreq.o
                0x08007d44                USBD_CtlSendStatus
 .text.USBD_CtlReceiveStatus
                0x08007d6a       0x26 ./Middlewares/ST/STM32_USB_Device_Library/Core/Src/usbd_ioreq.o
                0x08007d6a                USBD_CtlReceiveStatus
 .text.MX_USB_DEVICE_Init
                0x08007d90       0x60 ./USB_DEVICE/App/usb_device.o
                0x08007d90                MX_USB_DEVICE_Init
 .text.CDC_Init_FS
                0x08007df0       0x28 ./USB_DEVICE/App/usbd_cdc_if.o
 .text.CDC_DeInit_FS
                0x08007e18        0xe ./USB_DEVICE/App/usbd_cdc_if.o
 *fill*         0x08007e26        0x2 
 .text.CDC_Control_FS
                0x08007e28       0xbc ./USB_DEVICE/App/usbd_cdc_if.o
 .text.CDC_Receive_FS
                0x08007ee4       0x28 ./USB_DEVICE/App/usbd_cdc_if.o
 .text.CDC_Transmit_FS
                0x08007f0c       0x4c ./USB_DEVICE/App/usbd_cdc_if.o
                0x08007f0c                CDC_Transmit_FS
 .text.USBD_FS_DeviceDescriptor
                0x08007f58       0x24 ./USB_DEVICE/App/usbd_desc.o
                0x08007f58                USBD_FS_DeviceDescriptor
 .text.USBD_FS_LangIDStrDescriptor
                0x08007f7c       0x24 ./USB_DEVICE/App/usbd_desc.o
                0x08007f7c                USBD_FS_LangIDStrDescriptor
 .text.USBD_FS_ProductStrDescriptor
                0x08007fa0       0x3c ./USB_DEVICE/App/usbd_desc.o
                0x08007fa0                USBD_FS_ProductStrDescriptor
 .text.USBD_FS_ManufacturerStrDescriptor
                0x08007fdc       0x28 ./USB_DEVICE/App/usbd_desc.o
                0x08007fdc                USBD_FS_ManufacturerStrDescriptor
 .text.USBD_FS_SerialStrDescriptor
                0x08008004       0x24 ./USB_DEVICE/App/usbd_desc.o
                0x08008004                USBD_FS_SerialStrDescriptor
 .text.USBD_FS_ConfigStrDescriptor
                0x08008028       0x3c ./USB_DEVICE/App/usbd_desc.o
                0x08008028                USBD_FS_ConfigStrDescriptor
 .text.USBD_FS_InterfaceStrDescriptor
                0x08008064       0x3c ./USB_DEVICE/App/usbd_desc.o
                0x08008064                USBD_FS_InterfaceStrDescriptor
 .text.Get_SerialNum
                0x080080a0       0x58 ./USB_DEVICE/App/usbd_desc.o
 .text.IntToUnicode
                0x080080f8       0x7c ./USB_DEVICE/App/usbd_desc.o
 .text.HAL_PCD_MspInit
                0x08008174       0x4c ./USB_DEVICE/Target/usbd_conf.o
                0x08008174                HAL_PCD_MspInit
 .text.HAL_PCD_SetupStageCallback
                0x080081c0       0x24 ./USB_DEVICE/Target/usbd_conf.o
                0x080081c0                HAL_PCD_SetupStageCallback
 .text.HAL_PCD_DataOutStageCallback
                0x080081e4       0x36 ./USB_DEVICE/Target/usbd_conf.o
                0x080081e4                HAL_PCD_DataOutStageCallback
 .text.HAL_PCD_DataInStageCallback
                0x0800821a       0x34 ./USB_DEVICE/Target/usbd_conf.o
                0x0800821a                HAL_PCD_DataInStageCallback
 .text.HAL_PCD_SOFCallback
                0x0800824e       0x1c ./USB_DEVICE/Target/usbd_conf.o
                0x0800824e                HAL_PCD_SOFCallback
 .text.HAL_PCD_ResetCallback
                0x0800826a       0x3c ./USB_DEVICE/Target/usbd_conf.o
                0x0800826a                HAL_PCD_ResetCallback
 *fill*         0x080082a6        0x2 
 .text.HAL_PCD_SuspendCallback
                0x080082a8       0x34 ./USB_DEVICE/Target/usbd_conf.o
                0x080082a8                HAL_PCD_SuspendCallback
 .text.HAL_PCD_ResumeCallback
                0x080082dc       0x1c ./USB_DEVICE/Target/usbd_conf.o
                0x080082dc                HAL_PCD_ResumeCallback
 .text.USBD_LL_Init
                0x080082f8       0xb4 ./USB_DEVICE/Target/usbd_conf.o
                0x080082f8                USBD_LL_Init
 .text.USBD_LL_Start
                0x080083ac       0x36 ./USB_DEVICE/Target/usbd_conf.o
                0x080083ac                USBD_LL_Start
 .text.USBD_LL_OpenEP
                0x080083e2       0x4c ./USB_DEVICE/Target/usbd_conf.o
                0x080083e2                USBD_LL_OpenEP
 .text.USBD_LL_CloseEP
                0x0800842e       0x3e ./USB_DEVICE/Target/usbd_conf.o
                0x0800842e                USBD_LL_CloseEP
 .text.USBD_LL_StallEP
                0x0800846c       0x3e ./USB_DEVICE/Target/usbd_conf.o
                0x0800846c                USBD_LL_StallEP
 .text.USBD_LL_ClearStallEP
                0x080084aa       0x3e ./USB_DEVICE/Target/usbd_conf.o
                0x080084aa                USBD_LL_ClearStallEP
 .text.USBD_LL_IsStallEP
                0x080084e8       0x56 ./USB_DEVICE/Target/usbd_conf.o
                0x080084e8                USBD_LL_IsStallEP
 .text.USBD_LL_SetUSBAddress
                0x0800853e       0x3e ./USB_DEVICE/Target/usbd_conf.o
                0x0800853e                USBD_LL_SetUSBAddress
 .text.USBD_LL_Transmit
                0x0800857c       0x46 ./USB_DEVICE/Target/usbd_conf.o
                0x0800857c                USBD_LL_Transmit
 .text.USBD_LL_PrepareReceive
                0x080085c2       0x46 ./USB_DEVICE/Target/usbd_conf.o
                0x080085c2                USBD_LL_PrepareReceive
 .text.USBD_LL_GetRxDataSize
                0x08008608       0x26 ./USB_DEVICE/Target/usbd_conf.o
                0x08008608                USBD_LL_GetRxDataSize
 *fill*         0x0800862e        0x2 
 .text.USBD_static_malloc
                0x08008630       0x18 ./USB_DEVICE/Target/usbd_conf.o
                0x08008630                USBD_static_malloc
 .text.USBD_static_free
                0x08008648       0x12 ./USB_DEVICE/Target/usbd_conf.o
                0x08008648                USBD_static_free
 .text.HAL_PCDEx_SetConnectionState
                0x0800865a       0x16 ./USB_DEVICE/Target/usbd_conf.o
                0x0800865a                HAL_PCDEx_SetConnectionState
 .text.USBD_Get_USB_Status
                0x08008670       0x58 ./USB_DEVICE/Target/usbd_conf.o
 .text.memset   0x080086c8       0x10 C:/ST/STM32CubeIDE_1.18.1/STM32CubeIDE/plugins/com.st.stm32cube.ide.mcu.externaltools.gnu-tools-for-stm32.13.3.rel1.win32_1.0.0.202411081344/tools/bin/../lib/gcc/arm-none-eabi/13.3.1/../../../../arm-none-eabi/lib/thumb/v7-m/nofp\libc_nano.a(libc_a-memset.o)
                0x080086c8                memset
 .text.__libc_init_array
                0x080086d8       0x48 C:/ST/STM32CubeIDE_1.18.1/STM32CubeIDE/plugins/com.st.stm32cube.ide.mcu.externaltools.gnu-tools-for-stm32.13.3.rel1.win32_1.0.0.202411081344/tools/bin/../lib/gcc/arm-none-eabi/13.3.1/../../../../arm-none-eabi/lib/thumb/v7-m/nofp\libc_nano.a(libc_a-init.o)
                0x080086d8                __libc_init_array
 *(.glue_7)
 .glue_7        0x08008720        0x0 linker stubs
 *(.glue_7t)
 .glue_7t       0x08008720        0x0 linker stubs
 *(.eh_frame)
 .eh_frame      0x08008720        0x0 C:/ST/STM32CubeIDE_1.18.1/STM32CubeIDE/plugins/com.st.stm32cube.ide.mcu.externaltools.gnu-tools-for-stm32.13.3.rel1.win32_1.0.0.202411081344/tools/bin/../lib/gcc/arm-none-eabi/13.3.1/thumb/v7-m/nofp/crtbegin.o
 *(.init)
 .init          0x08008720        0x4 C:/ST/STM32CubeIDE_1.18.1/STM32CubeIDE/plugins/com.st.stm32cube.ide.mcu.externaltools.gnu-tools-for-stm32.13.3.rel1.win32_1.0.0.202411081344/tools/bin/../lib/gcc/arm-none-eabi/13.3.1/thumb/v7-m/nofp/crti.o
                0x08008720                _init
 .init          0x08008724        0x8 C:/ST/STM32CubeIDE_1.18.1/STM32CubeIDE/plugins/com.st.stm32cube.ide.mcu.externaltools.gnu-tools-for-stm32.13.3.rel1.win32_1.0.0.202411081344/tools/bin/../lib/gcc/arm-none-eabi/13.3.1/thumb/v7-m/nofp/crtn.o
 *(.fini)
 .fini          0x0800872c        0x4 C:/ST/STM32CubeIDE_1.18.1/STM32CubeIDE/plugins/com.st.stm32cube.ide.mcu.externaltools.gnu-tools-for-stm32.13.3.rel1.win32_1.0.0.202411081344/tools/bin/../lib/gcc/arm-none-eabi/13.3.1/thumb/v7-m/nofp/crti.o
                0x0800872c                _fini
 .fini          0x08008730        0x8 C:/ST/STM32CubeIDE_1.18.1/STM32CubeIDE/plugins/com.st.stm32cube.ide.mcu.externaltools.gnu-tools-for-stm32.13.3.rel1.win32_1.0.0.202411081344/tools/bin/../lib/gcc/arm-none-eabi/13.3.1/thumb/v7-m/nofp/crtn.o
                0x08008738                        . = ALIGN (0x4)
                0x08008738                        _etext = .

.vfp11_veneer   0x08008738        0x0
 .vfp11_veneer  0x08008738        0x0 linker stubs

.v4_bx          0x08008738        0x0
 .v4_bx         0x08008738        0x0 linker stubs

.iplt           0x08008738        0x0
 .iplt          0x08008738        0x0 C:/ST/STM32CubeIDE_1.18.1/STM32CubeIDE/plugins/com.st.stm32cube.ide.mcu.externaltools.gnu-tools-for-stm32.13.3.rel1.win32_1.0.0.202411081344/tools/bin/../lib/gcc/arm-none-eabi/13.3.1/thumb/v7-m/nofp/crtbegin.o

.rodata         0x08008738       0x5c
                0x08008738                        . = ALIGN (0x4)
 *(.rodata)
 .rodata        0x08008738       0x36 ./USB_DEVICE/App/usbd_desc.o
 *(.rodata*)
 *fill*         0x0800876e        0x2 
 .rodata.AHBPrescTable
                0x08008770       0x10 ./Core/Src/system_stm32f1xx.o
                0x08008770                AHBPrescTable
 .rodata.aPLLMULFactorTable.1
                0x08008780       0x10 ./Drivers/STM32F1xx_HAL_Driver/Src/stm32f1xx_hal_rcc.o
 .rodata.aPredivFactorTable.0
                0x08008790        0x2 ./Drivers/STM32F1xx_HAL_Driver/Src/stm32f1xx_hal_rcc.o
                0x08008794                        . = ALIGN (0x4)
 *fill*         0x08008792        0x2 

.ARM.extab      0x08008794        0x0
                0x08008794                        . = ALIGN (0x4)
 *(.ARM.extab* .gnu.linkonce.armextab.*)
                0x08008794                        . = ALIGN (0x4)

.ARM            0x08008794        0x0
                0x08008794                        . = ALIGN (0x4)
                0x08008794                        __exidx_start = .
 *(.ARM.exidx*)
                0x08008794                        __exidx_end = .
                0x08008794                        . = ALIGN (0x4)

.preinit_array  0x08008794        0x0
                0x08008794                        . = ALIGN (0x4)
                0x08008794                        PROVIDE (__preinit_array_start = .)
 *(.preinit_array*)
                0x08008794                        PROVIDE (__preinit_array_end = .)
                0x08008794                        . = ALIGN (0x4)

.init_array     0x08008794        0x4
                0x08008794                        . = ALIGN (0x4)
                0x08008794                        PROVIDE (__init_array_start = .)
 *(SORT_BY_NAME(.init_array.*))
 *(.init_array*)
 .init_array    0x08008794        0x4 C:/ST/STM32CubeIDE_1.18.1/STM32CubeIDE/plugins/com.st.stm32cube.ide.mcu.externaltools.gnu-tools-for-stm32.13.3.rel1.win32_1.0.0.202411081344/tools/bin/../lib/gcc/arm-none-eabi/13.3.1/thumb/v7-m/nofp/crtbegin.o
                0x08008798                        PROVIDE (__init_array_end = .)
                0x08008798                        . = ALIGN (0x4)

.fini_array     0x08008798        0x4
                0x08008798                        . = ALIGN (0x4)
                [!provide]                        PROVIDE (__fini_array_start = .)
 *(SORT_BY_NAME(.fini_array.*))
 *(.fini_array*)
 .fini_array    0x08008798        0x4 C:/ST/STM32CubeIDE_1.18.1/STM32CubeIDE/plugins/com.st.stm32cube.ide.mcu.externaltools.gnu-tools-for-stm32.13.3.rel1.win32_1.0.0.202411081344/tools/bin/../lib/gcc/arm-none-eabi/13.3.1/thumb/v7-m/nofp/crtbegin.o
                [!provide]                        PROVIDE (__fini_array_end = .)
                0x0800879c                        . = ALIGN (0x4)
                0x0800879c                        _sidata = LOADADDR (.data)

.rel.dyn        0x0800879c        0x0
 .rel.iplt      0x0800879c        0x0 C:/ST/STM32CubeIDE_1.18.1/STM32CubeIDE/plugins/com.st.stm32cube.ide.mcu.externaltools.gnu-tools-for-stm32.13.3.rel1.win32_1.0.0.202411081344/tools/bin/../lib/gcc/arm-none-eabi/13.3.1/thumb/v7-m/nofp/crtbegin.o

.data           0x20000000      0x17c load address 0x0800879c
                0x20000000                        . = ALIGN (0x4)
                0x20000000                        _sdata = .
 *(.data)
 *(.data*)
 .data.SystemCoreClock
                0x20000000        0x4 ./Core/Src/system_stm32f1xx.o
                0x20000000                SystemCoreClock
 .data.uwTickPrio
                0x20000004        0x4 ./Drivers/STM32F1xx_HAL_Driver/Src/stm32f1xx_hal.o
                0x20000004                uwTickPrio
 .data.uwTickFreq
                0x20000008        0x1 ./Drivers/STM32F1xx_HAL_Driver/Src/stm32f1xx_hal.o
                0x20000008                uwTickFreq
 *fill*         0x20000009        0x3 
 .data.USBD_CDC_DeviceQualifierDesc
                0x2000000c        0xa ./Middlewares/ST/STM32_USB_Device_Library/Class/CDC/Src/usbd_cdc.o
 *fill*         0x20000016        0x2 
 .data.USBD_CDC
                0x20000018       0x38 ./Middlewares/ST/STM32_USB_Device_Library/Class/CDC/Src/usbd_cdc.o
                0x20000018                USBD_CDC
 .data.USBD_CDC_CfgHSDesc
                0x20000050       0x43 ./Middlewares/ST/STM32_USB_Device_Library/Class/CDC/Src/usbd_cdc.o
                0x20000050                USBD_CDC_CfgHSDesc
 *fill*         0x20000093        0x1 
 .data.USBD_CDC_CfgFSDesc
                0x20000094       0x43 ./Middlewares/ST/STM32_USB_Device_Library/Class/CDC/Src/usbd_cdc.o
                0x20000094                USBD_CDC_CfgFSDesc
 *fill*         0x200000d7        0x1 
 .data.USBD_CDC_OtherSpeedCfgDesc
                0x200000d8       0x43 ./Middlewares/ST/STM32_USB_Device_Library/Class/CDC/Src/usbd_cdc.o
                0x200000d8                USBD_CDC_OtherSpeedCfgDesc
 *fill*         0x2000011b        0x1 
 .data.USBD_Interface_fops_FS
                0x2000011c       0x10 ./USB_DEVICE/App/usbd_cdc_if.o
                0x2000011c                USBD_Interface_fops_FS
 .data.FS_Desc  0x2000012c       0x1c ./USB_DEVICE/App/usbd_desc.o
                0x2000012c                FS_Desc
 .data.USBD_FS_DeviceDesc
                0x20000148       0x12 ./USB_DEVICE/App/usbd_desc.o
                0x20000148                USBD_FS_DeviceDesc
 *fill*         0x2000015a        0x2 
 .data.USBD_LangIDDesc
                0x2000015c        0x4 ./USB_DEVICE/App/usbd_desc.o
                0x2000015c                USBD_LangIDDesc
 .data.USBD_StringSerial
                0x20000160       0x1a ./USB_DEVICE/App/usbd_desc.o
                0x20000160                USBD_StringSerial
 *(.RamFunc)
 *(.RamFunc*)
                0x2000017c                        . = ALIGN (0x4)
 *fill*         0x2000017a        0x2 
                0x2000017c                        _edata = .

.igot.plt       0x2000017c        0x0 load address 0x08008918
 .igot.plt      0x2000017c        0x0 C:/ST/STM32CubeIDE_1.18.1/STM32CubeIDE/plugins/com.st.stm32cube.ide.mcu.externaltools.gnu-tools-for-stm32.13.3.rel1.win32_1.0.0.202411081344/tools/bin/../lib/gcc/arm-none-eabi/13.3.1/thumb/v7-m/nofp/crtbegin.o
                0x2000017c                        . = ALIGN (0x4)

.bss            0x2000017c     0x1348 load address 0x08008918
                0x2000017c                        _sbss = .
                0x2000017c                        __bss_start__ = _sbss
 *(.bss)
 .bss           0x2000017c       0x1c C:/ST/STM32CubeIDE_1.18.1/STM32CubeIDE/plugins/com.st.stm32cube.ide.mcu.externaltools.gnu-tools-for-stm32.13.3.rel1.win32_1.0.0.202411081344/tools/bin/../lib/gcc/arm-none-eabi/13.3.1/thumb/v7-m/nofp/crtbegin.o
 *(.bss*)
 .bss.hspi1     0x20000198       0x58 ./Core/Src/main.o
                0x20000198                hspi1
 .bss.receiveData
                0x200001f0       0xff ./Core/Src/main.o
                0x200001f0                receiveData
 *fill*         0x200002ef        0x1 
 .bss.hCDC      0x200002f0        0x4 ./Core/Src/main.o
                0x200002f0                hCDC
 .bss._hspi     0x200002f4        0x4 ./Core/Src/myLora.o
                0x200002f4                _hspi
 .bss._nssPort  0x200002f8        0x4 ./Core/Src/myLora.o
                0x200002f8                _nssPort
 .bss._nssPin   0x200002fc        0x2 ./Core/Src/myLora.o
                0x200002fc                _nssPin
 *fill*         0x200002fe        0x2 
 .bss.uwTick    0x20000300        0x4 ./Drivers/STM32F1xx_HAL_Driver/Src/stm32f1xx_hal.o
                0x20000300                uwTick
 .bss.cfgidx.0  0x20000304        0x1 ./Middlewares/ST/STM32_USB_Device_Library/Core/Src/usbd_ctlreq.o
 *fill*         0x20000305        0x3 
 .bss.hUsbDeviceFS
                0x20000308      0x2c4 ./USB_DEVICE/App/usb_device.o
                0x20000308                hUsbDeviceFS
 .bss.UserRxBufferFS
                0x200005cc      0x400 ./USB_DEVICE/App/usbd_cdc_if.o
                0x200005cc                UserRxBufferFS
 .bss.UserTxBufferFS
                0x200009cc      0x400 ./USB_DEVICE/App/usbd_cdc_if.o
                0x200009cc                UserTxBufferFS
 .bss.USBD_StrDesc
                0x20000dcc      0x200 ./USB_DEVICE/App/usbd_desc.o
                0x20000dcc                USBD_StrDesc
 .bss.hpcd_USB_FS
                0x20000fcc      0x2d8 ./USB_DEVICE/Target/usbd_conf.o
                0x20000fcc                hpcd_USB_FS
 .bss.mem.0     0x200012a4      0x220 ./USB_DEVICE/Target/usbd_conf.o
 *(COMMON)
                0x200014c4                        . = ALIGN (0x4)
                0x200014c4                        _ebss = .
                0x200014c4                        __bss_end__ = _ebss

._user_heap_stack
                0x200014c4      0x604 load address 0x08008918
                0x200014c8                        . = ALIGN (0x8)
 *fill*         0x200014c4        0x4 
                [!provide]                        PROVIDE (end = .)
                0x200014c8                        PROVIDE (_end = .)
                0x200016c8                        . = (. + _Min_Heap_Size)
 *fill*         0x200014c8      0x200 
                0x20001ac8                        . = (. + _Min_Stack_Size)
 *fill*         0x200016c8      0x400 
                0x20001ac8                        . = ALIGN (0x8)

/DISCARD/
 libc.a(*)
 libm.a(*)
 libgcc.a(*)

.ARM.attributes
                0x00000000       0x29
 *(.ARM.attributes)
 .ARM.attributes
                0x00000000       0x1d C:/ST/STM32CubeIDE_1.18.1/STM32CubeIDE/plugins/com.st.stm32cube.ide.mcu.externaltools.gnu-tools-for-stm32.13.3.rel1.win32_1.0.0.202411081344/tools/bin/../lib/gcc/arm-none-eabi/13.3.1/thumb/v7-m/nofp/crti.o
 .ARM.attributes
                0x0000001d       0x2d C:/ST/STM32CubeIDE_1.18.1/STM32CubeIDE/plugins/com.st.stm32cube.ide.mcu.externaltools.gnu-tools-for-stm32.13.3.rel1.win32_1.0.0.202411081344/tools/bin/../lib/gcc/arm-none-eabi/13.3.1/thumb/v7-m/nofp/crtbegin.o
 .ARM.attributes
                0x0000004a       0x2d ./Core/Src/main.o
 .ARM.attributes
                0x00000077       0x2d ./Core/Src/myLora.o
 .ARM.attributes
                0x000000a4       0x2d ./Core/Src/stm32f1xx_hal_msp.o
 .ARM.attributes
                0x000000d1       0x2d ./Core/Src/stm32f1xx_it.o
 .ARM.attributes
                0x000000fe       0x2d ./Core/Src/system_stm32f1xx.o
 .ARM.attributes
                0x0000012b       0x21 ./Core/Startup/startup_stm32f103cbtx.o
 .ARM.attributes
                0x0000014c       0x2d ./Drivers/STM32F1xx_HAL_Driver/Src/stm32f1xx_hal.o
 .ARM.attributes
                0x00000179       0x2d ./Drivers/STM32F1xx_HAL_Driver/Src/stm32f1xx_hal_cortex.o
 .ARM.attributes
                0x000001a6       0x2d ./Drivers/STM32F1xx_HAL_Driver/Src/stm32f1xx_hal_gpio.o
 .ARM.attributes
                0x000001d3       0x2d ./Drivers/STM32F1xx_HAL_Driver/Src/stm32f1xx_hal_pcd.o
 .ARM.attributes
                0x00000200       0x2d ./Drivers/STM32F1xx_HAL_Driver/Src/stm32f1xx_hal_pcd_ex.o
 .ARM.attributes
                0x0000022d       0x2d ./Drivers/STM32F1xx_HAL_Driver/Src/stm32f1xx_hal_rcc.o
 .ARM.attributes
                0x0000025a       0x2d ./Drivers/STM32F1xx_HAL_Driver/Src/stm32f1xx_hal_rcc_ex.o
 .ARM.attributes
                0x00000287       0x2d ./Drivers/STM32F1xx_HAL_Driver/Src/stm32f1xx_hal_spi.o
 .ARM.attributes
                0x000002b4       0x2d ./Drivers/STM32F1xx_HAL_Driver/Src/stm32f1xx_ll_usb.o
 .ARM.attributes
                0x000002e1       0x2d ./Middlewares/ST/STM32_USB_Device_Library/Class/CDC/Src/usbd_cdc.o
 .ARM.attributes
                0x0000030e       0x2d ./Middlewares/ST/STM32_USB_Device_Library/Core/Src/usbd_core.o
 .ARM.attributes
                0x0000033b       0x2d ./Middlewares/ST/STM32_USB_Device_Library/Core/Src/usbd_ctlreq.o
 .ARM.attributes
                0x00000368       0x2d ./Middlewares/ST/STM32_USB_Device_Library/Core/Src/usbd_ioreq.o
 .ARM.attributes
                0x00000395       0x2d ./USB_DEVICE/App/usb_device.o
 .ARM.attributes
                0x000003c2       0x2d ./USB_DEVICE/App/usbd_cdc_if.o
 .ARM.attributes
                0x000003ef       0x2d ./USB_DEVICE/App/usbd_desc.o
 .ARM.attributes
                0x0000041c       0x2d ./USB_DEVICE/Target/usbd_conf.o
 .ARM.attributes
                0x00000449       0x2d C:/ST/STM32CubeIDE_1.18.1/STM32CubeIDE/plugins/com.st.stm32cube.ide.mcu.externaltools.gnu-tools-for-stm32.13.3.rel1.win32_1.0.0.202411081344/tools/bin/../lib/gcc/arm-none-eabi/13.3.1/../../../../arm-none-eabi/lib/thumb/v7-m/nofp\libc_nano.a(libc_a-memset.o)
 .ARM.attributes
                0x00000476       0x2d C:/ST/STM32CubeIDE_1.18.1/STM32CubeIDE/plugins/com.st.stm32cube.ide.mcu.externaltools.gnu-tools-for-stm32.13.3.rel1.win32_1.0.0.202411081344/tools/bin/../lib/gcc/arm-none-eabi/13.3.1/../../../../arm-none-eabi/lib/thumb/v7-m/nofp\libc_nano.a(libc_a-init.o)
 .ARM.attributes
                0x000004a3       0x1d C:/ST/STM32CubeIDE_1.18.1/STM32CubeIDE/plugins/com.st.stm32cube.ide.mcu.externaltools.gnu-tools-for-stm32.13.3.rel1.win32_1.0.0.202411081344/tools/bin/../lib/gcc/arm-none-eabi/13.3.1/thumb/v7-m/nofp/crtn.o
OUTPUT(Lora_Priemka.elf elf32-littlearm)
LOAD linker stubs
LOAD C:/ST/STM32CubeIDE_1.18.1/STM32CubeIDE/plugins/com.st.stm32cube.ide.mcu.externaltools.gnu-tools-for-stm32.13.3.rel1.win32_1.0.0.202411081344/tools/bin/../lib/gcc/arm-none-eabi/13.3.1/../../../../arm-none-eabi/lib/thumb/v7-m/nofp\libc.a
LOAD C:/ST/STM32CubeIDE_1.18.1/STM32CubeIDE/plugins/com.st.stm32cube.ide.mcu.externaltools.gnu-tools-for-stm32.13.3.rel1.win32_1.0.0.202411081344/tools/bin/../lib/gcc/arm-none-eabi/13.3.1/../../../../arm-none-eabi/lib/thumb/v7-m/nofp\libm.a
LOAD C:/ST/STM32CubeIDE_1.18.1/STM32CubeIDE/plugins/com.st.stm32cube.ide.mcu.externaltools.gnu-tools-for-stm32.13.3.rel1.win32_1.0.0.202411081344/tools/bin/../lib/gcc/arm-none-eabi/13.3.1/thumb/v7-m/nofp\libgcc.a

.debug_info     0x00000000     0xe943
 .debug_info    0x00000000      0xfb1 ./Core/Src/main.o
 .debug_info    0x00000fb1      0x7b2 ./Core/Src/myLora.o
 .debug_info    0x00001763      0x81f ./Core/Src/stm32f1xx_hal_msp.o
 .debug_info    0x00001f82      0x602 ./Core/Src/stm32f1xx_it.o
 .debug_info    0x00002584      0x222 ./Core/Src/system_stm32f1xx.o
 .debug_info    0x000027a6       0x30 ./Core/Startup/startup_stm32f103cbtx.o
 .debug_info    0x000027d6      0x704 ./Drivers/STM32F1xx_HAL_Driver/Src/stm32f1xx_hal.o
 .debug_info    0x00002eda      0xa87 ./Drivers/STM32F1xx_HAL_Driver/Src/stm32f1xx_hal_cortex.o
 .debug_info    0x00003961      0x5ab ./Drivers/STM32F1xx_HAL_Driver/Src/stm32f1xx_hal_gpio.o
 .debug_info    0x00003f0c     0x16dc ./Drivers/STM32F1xx_HAL_Driver/Src/stm32f1xx_hal_pcd.o
 .debug_info    0x000055e8      0x6c3 ./Drivers/STM32F1xx_HAL_Driver/Src/stm32f1xx_hal_pcd_ex.o
 .debug_info    0x00005cab      0x7d5 ./Drivers/STM32F1xx_HAL_Driver/Src/stm32f1xx_hal_rcc.o
 .debug_info    0x00006480      0x3c0 ./Drivers/STM32F1xx_HAL_Driver/Src/stm32f1xx_hal_rcc_ex.o
 .debug_info    0x00006840     0x142d ./Drivers/STM32F1xx_HAL_Driver/Src/stm32f1xx_hal_spi.o
 .debug_info    0x00007c6d     0x17ae ./Drivers/STM32F1xx_HAL_Driver/Src/stm32f1xx_ll_usb.o
 .debug_info    0x0000941b     0x1043 ./Middlewares/ST/STM32_USB_Device_Library/Class/CDC/Src/usbd_cdc.o
 .debug_info    0x0000a45e      0xa52 ./Middlewares/ST/STM32_USB_Device_Library/Core/Src/usbd_core.o
 .debug_info    0x0000aeb0      0x91c ./Middlewares/ST/STM32_USB_Device_Library/Core/Src/usbd_ctlreq.o
 .debug_info    0x0000b7cc      0x6a0 ./Middlewares/ST/STM32_USB_Device_Library/Core/Src/usbd_ioreq.o
 .debug_info    0x0000be6c      0x63d ./USB_DEVICE/App/usb_device.o
 .debug_info    0x0000c4a9      0x7ec ./USB_DEVICE/App/usbd_cdc_if.o
 .debug_info    0x0000cc95      0x44a ./USB_DEVICE/App/usbd_desc.o
 .debug_info    0x0000d0df     0x1864 ./USB_DEVICE/Target/usbd_conf.o

.debug_abbrev   0x00000000     0x2f2c
 .debug_abbrev  0x00000000      0x2e5 ./Core/Src/main.o
 .debug_abbrev  0x000002e5      0x1d8 ./Core/Src/myLora.o
 .debug_abbrev  0x000004bd      0x1ac ./Core/Src/stm32f1xx_hal_msp.o
 .debug_abbrev  0x00000669      0x192 ./Core/Src/stm32f1xx_it.o
 .debug_abbrev  0x000007fb      0x13f ./Core/Src/system_stm32f1xx.o
 .debug_abbrev  0x0000093a       0x24 ./Core/Startup/startup_stm32f103cbtx.o
 .debug_abbrev  0x0000095e      0x201 ./Drivers/STM32F1xx_HAL_Driver/Src/stm32f1xx_hal.o
 .debug_abbrev  0x00000b5f      0x2f8 ./Drivers/STM32F1xx_HAL_Driver/Src/stm32f1xx_hal_cortex.o
 .debug_abbrev  0x00000e57      0x1ca ./Drivers/STM32F1xx_HAL_Driver/Src/stm32f1xx_hal_gpio.o
 .debug_abbrev  0x00001021      0x2d6 ./Drivers/STM32F1xx_HAL_Driver/Src/stm32f1xx_hal_pcd.o
 .debug_abbrev  0x000012f7      0x189 ./Drivers/STM32F1xx_HAL_Driver/Src/stm32f1xx_hal_pcd_ex.o
 .debug_abbrev  0x00001480      0x2b3 ./Drivers/STM32F1xx_HAL_Driver/Src/stm32f1xx_hal_rcc.o
 .debug_abbrev  0x00001733      0x188 ./Drivers/STM32F1xx_HAL_Driver/Src/stm32f1xx_hal_rcc_ex.o
 .debug_abbrev  0x000018bb      0x27a ./Drivers/STM32F1xx_HAL_Driver/Src/stm32f1xx_hal_spi.o
 .debug_abbrev  0x00001b35      0x1de ./Drivers/STM32F1xx_HAL_Driver/Src/stm32f1xx_ll_usb.o
 .debug_abbrev  0x00001d13      0x2d3 ./Middlewares/ST/STM32_USB_Device_Library/Class/CDC/Src/usbd_cdc.o
 .debug_abbrev  0x00001fe6      0x24a ./Middlewares/ST/STM32_USB_Device_Library/Core/Src/usbd_core.o
 .debug_abbrev  0x00002230      0x26b ./Middlewares/ST/STM32_USB_Device_Library/Core/Src/usbd_ctlreq.o
 .debug_abbrev  0x0000249b      0x192 ./Middlewares/ST/STM32_USB_Device_Library/Core/Src/usbd_ioreq.o
 .debug_abbrev  0x0000262d      0x18d ./USB_DEVICE/App/usb_device.o
 .debug_abbrev  0x000027ba      0x25d ./USB_DEVICE/App/usbd_cdc_if.o
 .debug_abbrev  0x00002a17      0x1ff ./USB_DEVICE/App/usbd_desc.o
 .debug_abbrev  0x00002c16      0x316 ./USB_DEVICE/Target/usbd_conf.o

.debug_aranges  0x00000000      0xc98
 .debug_aranges
                0x00000000       0x40 ./Core/Src/main.o
 .debug_aranges
                0x00000040       0x40 ./Core/Src/myLora.o
 .debug_aranges
                0x00000080       0x30 ./Core/Src/stm32f1xx_hal_msp.o
 .debug_aranges
                0x000000b0       0x68 ./Core/Src/stm32f1xx_it.o
 .debug_aranges
                0x00000118       0x28 ./Core/Src/system_stm32f1xx.o
 .debug_aranges
                0x00000140       0x28 ./Core/Startup/startup_stm32f103cbtx.o
 .debug_aranges
                0x00000168       0xe0 ./Drivers/STM32F1xx_HAL_Driver/Src/stm32f1xx_hal.o
 .debug_aranges
                0x00000248      0x100 ./Drivers/STM32F1xx_HAL_Driver/Src/stm32f1xx_hal_cortex.o
 .debug_aranges
                0x00000348       0x58 ./Drivers/STM32F1xx_HAL_Driver/Src/stm32f1xx_hal_gpio.o
 .debug_aranges
                0x000003a0      0x140 ./Drivers/STM32F1xx_HAL_Driver/Src/stm32f1xx_hal_pcd.o
 .debug_aranges
                0x000004e0       0x38 ./Drivers/STM32F1xx_HAL_Driver/Src/stm32f1xx_hal_pcd_ex.o
 .debug_aranges
                0x00000518       0x90 ./Drivers/STM32F1xx_HAL_Driver/Src/stm32f1xx_hal_rcc.o
 .debug_aranges
                0x000005a8       0x30 ./Drivers/STM32F1xx_HAL_Driver/Src/stm32f1xx_hal_rcc_ex.o
 .debug_aranges
                0x000005d8      0x1d0 ./Drivers/STM32F1xx_HAL_Driver/Src/stm32f1xx_hal_spi.o
 .debug_aranges
                0x000007a8       0xf8 ./Drivers/STM32F1xx_HAL_Driver/Src/stm32f1xx_ll_usb.o
 .debug_aranges
                0x000008a0       0x90 ./Middlewares/ST/STM32_USB_Device_Library/Class/CDC/Src/usbd_cdc.o
 .debug_aranges
                0x00000930       0xb8 ./Middlewares/ST/STM32_USB_Device_Library/Core/Src/usbd_core.o
 .debug_aranges
                0x000009e8       0x88 ./Middlewares/ST/STM32_USB_Device_Library/Core/Src/usbd_ctlreq.o
 .debug_aranges
                0x00000a70       0x50 ./Middlewares/ST/STM32_USB_Device_Library/Core/Src/usbd_ioreq.o
 .debug_aranges
                0x00000ac0       0x20 ./USB_DEVICE/App/usb_device.o
 .debug_aranges
                0x00000ae0       0x40 ./USB_DEVICE/App/usbd_cdc_if.o
 .debug_aranges
                0x00000b20       0x60 ./USB_DEVICE/App/usbd_desc.o
 .debug_aranges
                0x00000b80      0x118 ./USB_DEVICE/Target/usbd_conf.o

.debug_rnglists
                0x00000000      0x949
 .debug_rnglists
                0x00000000       0x2e ./Core/Src/main.o
 .debug_rnglists
                0x0000002e       0x2e ./Core/Src/myLora.o
 .debug_rnglists
                0x0000005c       0x20 ./Core/Src/stm32f1xx_hal_msp.o
 .debug_rnglists
                0x0000007c       0x49 ./Core/Src/stm32f1xx_it.o
 .debug_rnglists
                0x000000c5       0x1a ./Core/Src/system_stm32f1xx.o
 .debug_rnglists
                0x000000df       0x19 ./Core/Startup/startup_stm32f103cbtx.o
 .debug_rnglists
                0x000000f8       0xa3 ./Drivers/STM32F1xx_HAL_Driver/Src/stm32f1xx_hal.o
 .debug_rnglists
                0x0000019b       0xbb ./Drivers/STM32F1xx_HAL_Driver/Src/stm32f1xx_hal_cortex.o
 .debug_rnglists
                0x00000256       0x3f ./Drivers/STM32F1xx_HAL_Driver/Src/stm32f1xx_hal_gpio.o
 .debug_rnglists
                0x00000295       0xf4 ./Drivers/STM32F1xx_HAL_Driver/Src/stm32f1xx_hal_pcd.o
 .debug_rnglists
                0x00000389       0x26 ./Drivers/STM32F1xx_HAL_Driver/Src/stm32f1xx_hal_pcd_ex.o
 .debug_rnglists
                0x000003af       0x6c ./Drivers/STM32F1xx_HAL_Driver/Src/stm32f1xx_hal_rcc.o
 .debug_rnglists
                0x0000041b       0x21 ./Drivers/STM32F1xx_HAL_Driver/Src/stm32f1xx_hal_rcc_ex.o
 .debug_rnglists
                0x0000043c      0x16e ./Drivers/STM32F1xx_HAL_Driver/Src/stm32f1xx_hal_spi.o
 .debug_rnglists
                0x000005aa       0xbd ./Drivers/STM32F1xx_HAL_Driver/Src/stm32f1xx_ll_usb.o
 .debug_rnglists
                0x00000667       0x6a ./Middlewares/ST/STM32_USB_Device_Library/Class/CDC/Src/usbd_cdc.o
 .debug_rnglists
                0x000006d1       0x89 ./Middlewares/ST/STM32_USB_Device_Library/Core/Src/usbd_core.o
 .debug_rnglists
                0x0000075a       0x68 ./Middlewares/ST/STM32_USB_Device_Library/Core/Src/usbd_ctlreq.o
 .debug_rnglists
                0x000007c2       0x37 ./Middlewares/ST/STM32_USB_Device_Library/Core/Src/usbd_ioreq.o
 .debug_rnglists
                0x000007f9       0x13 ./USB_DEVICE/App/usb_device.o
 .debug_rnglists
                0x0000080c       0x2c ./USB_DEVICE/App/usbd_cdc_if.o
 .debug_rnglists
                0x00000838       0x43 ./USB_DEVICE/App/usbd_desc.o
 .debug_rnglists
                0x0000087b       0xce ./USB_DEVICE/Target/usbd_conf.o

.debug_macro    0x00000000    0x19921
 .debug_macro   0x00000000      0x383 ./Core/Src/main.o
 .debug_macro   0x00000383      0xacc ./Core/Src/main.o
 .debug_macro   0x00000e4f      0x21b ./Core/Src/main.o
 .debug_macro   0x0000106a       0x2e ./Core/Src/main.o
 .debug_macro   0x00001098       0x22 ./Core/Src/main.o
 .debug_macro   0x000010ba       0x22 ./Core/Src/main.o
 .debug_macro   0x000010dc       0x8e ./Core/Src/main.o
 .debug_macro   0x0000116a       0x51 ./Core/Src/main.o
 .debug_macro   0x000011bb      0x103 ./Core/Src/main.o
 .debug_macro   0x000012be       0x6a ./Core/Src/main.o
 .debug_macro   0x00001328      0x1df ./Core/Src/main.o
 .debug_macro   0x00001507       0x1c ./Core/Src/main.o
 .debug_macro   0x00001523       0x22 ./Core/Src/main.o
 .debug_macro   0x00001545       0xbd ./Core/Src/main.o
 .debug_macro   0x00001602      0xd23 ./Core/Src/main.o
 .debug_macro   0x00002325     0xe09e ./Core/Src/main.o
 .debug_macro   0x000103c3       0x6d ./Core/Src/main.o
 .debug_macro   0x00010430     0x34a2 ./Core/Src/main.o
 .debug_macro   0x000138d2      0x190 ./Core/Src/main.o
 .debug_macro   0x00013a62       0x5c ./Core/Src/main.o
 .debug_macro   0x00013abe      0x5bc ./Core/Src/main.o
 .debug_macro   0x0001407a      0x289 ./Core/Src/main.o
 .debug_macro   0x00014303      0x1cb ./Core/Src/main.o
 .debug_macro   0x000144ce      0x114 ./Core/Src/main.o
 .debug_macro   0x000145e2      0x1b2 ./Core/Src/main.o
 .debug_macro   0x00014794       0x27 ./Core/Src/main.o
 .debug_macro   0x000147bb      0x136 ./Core/Src/main.o
 .debug_macro   0x000148f1      0x1bc ./Core/Src/main.o
 .debug_macro   0x00014aad       0x34 ./Core/Src/main.o
 .debug_macro   0x00014ae1       0x3c ./Core/Src/main.o
 .debug_macro   0x00014b1d       0x57 ./Core/Src/main.o
 .debug_macro   0x00014b74       0x87 ./Core/Src/main.o
 .debug_macro   0x00014bfb      0x240 ./Core/Src/main.o
 .debug_macro   0x00014e3b      0x140 ./Core/Src/main.o
 .debug_macro   0x00014f7b      0x217 ./Core/Src/main.o
 .debug_macro   0x00015192       0xb7 ./Core/Src/main.o
 .debug_macro   0x00015249      0x242 ./Core/Src/main.o
 .debug_macro   0x0001548b       0x83 ./Core/Src/main.o
 .debug_macro   0x0001550e       0x40 ./Core/Src/main.o
 .debug_macro   0x0001554e       0x61 ./Core/Src/main.o
 .debug_macro   0x000155af       0x24 ./Core/Src/main.o
 .debug_macro   0x000155d3       0x43 ./Core/Src/main.o
 .debug_macro   0x00015616       0x34 ./Core/Src/main.o
 .debug_macro   0x0001564a       0x16 ./Core/Src/main.o
 .debug_macro   0x00015660       0x3c ./Core/Src/main.o
 .debug_macro   0x0001569c      0x370 ./Core/Src/main.o
 .debug_macro   0x00015a0c       0x10 ./Core/Src/main.o
 .debug_macro   0x00015a1c       0x16 ./Core/Src/main.o
 .debug_macro   0x00015a32       0x4a ./Core/Src/main.o
 .debug_macro   0x00015a7c       0x34 ./Core/Src/main.o
 .debug_macro   0x00015ab0       0x10 ./Core/Src/main.o
 .debug_macro   0x00015ac0       0x58 ./Core/Src/main.o
 .debug_macro   0x00015b18       0x8e ./Core/Src/main.o
 .debug_macro   0x00015ba6       0x1c ./Core/Src/main.o
 .debug_macro   0x00015bc2      0x185 ./Core/Src/main.o
 .debug_macro   0x00015d47       0x16 ./Core/Src/main.o
 .debug_macro   0x00015d5d       0x16 ./Core/Src/main.o
 .debug_macro   0x00015d73      0x146 ./Core/Src/main.o
 .debug_macro   0x00015eb9       0x16 ./Core/Src/main.o
 .debug_macro   0x00015ecf       0x16 ./Core/Src/main.o
 .debug_macro   0x00015ee5       0x29 ./Core/Src/main.o
 .debug_macro   0x00015f0e       0x16 ./Core/Src/main.o
 .debug_macro   0x00015f24       0x20 ./Core/Src/main.o
 .debug_macro   0x00015f44       0x5f ./Core/Src/main.o
 .debug_macro   0x00015fa3      0x1c8 ./Core/Src/main.o
 .debug_macro   0x0001616b      0x112 ./Core/Src/main.o
 .debug_macro   0x0001627d       0x22 ./Core/Src/main.o
 .debug_macro   0x0001629f       0x8f ./Core/Src/main.o
 .debug_macro   0x0001632e       0x16 ./Core/Src/main.o
 .debug_macro   0x00016344      0x1ca ./Core/Src/myLora.o
 .debug_macro   0x0001650e      0x1c1 ./Core/Src/stm32f1xx_hal_msp.o
 .debug_macro   0x000166cf      0x1cb ./Core/Src/stm32f1xx_it.o
 .debug_macro   0x0001689a      0x1b2 ./Core/Src/system_stm32f1xx.o
 .debug_macro   0x00016a4c      0x1d6 ./Drivers/STM32F1xx_HAL_Driver/Src/stm32f1xx_hal.o
 .debug_macro   0x00016c22      0x1b2 ./Drivers/STM32F1xx_HAL_Driver/Src/stm32f1xx_hal_cortex.o
 .debug_macro   0x00016dd4      0x21d ./Drivers/STM32F1xx_HAL_Driver/Src/stm32f1xx_hal_gpio.o
 .debug_macro   0x00016ff1      0x1be ./Drivers/STM32F1xx_HAL_Driver/Src/stm32f1xx_hal_pcd.o
 .debug_macro   0x000171af      0x1b2 ./Drivers/STM32F1xx_HAL_Driver/Src/stm32f1xx_hal_pcd_ex.o
 .debug_macro   0x00017361      0x1c4 ./Drivers/STM32F1xx_HAL_Driver/Src/stm32f1xx_hal_rcc.o
 .debug_macro   0x00017525      0x1b2 ./Drivers/STM32F1xx_HAL_Driver/Src/stm32f1xx_hal_rcc_ex.o
 .debug_macro   0x000176d7      0x1ba ./Drivers/STM32F1xx_HAL_Driver/Src/stm32f1xx_hal_spi.o
 .debug_macro   0x00017891      0x1b2 ./Drivers/STM32F1xx_HAL_Driver/Src/stm32f1xx_ll_usb.o
 .debug_macro   0x00017a43      0x350 ./Middlewares/ST/STM32_USB_Device_Library/Class/CDC/Src/usbd_cdc.o
 .debug_macro   0x00017d93       0x9e ./Middlewares/ST/STM32_USB_Device_Library/Class/CDC/Src/usbd_cdc.o
 .debug_macro   0x00017e31      0x112 ./Middlewares/ST/STM32_USB_Device_Library/Class/CDC/Src/usbd_cdc.o
 .debug_macro   0x00017f43       0x56 ./Middlewares/ST/STM32_USB_Device_Library/Class/CDC/Src/usbd_cdc.o
 .debug_macro   0x00017f99      0x337 ./Middlewares/ST/STM32_USB_Device_Library/Core/Src/usbd_core.o
 .debug_macro   0x000182d0      0x1ce ./Middlewares/ST/STM32_USB_Device_Library/Core/Src/usbd_core.o
 .debug_macro   0x0001849e      0x341 ./Middlewares/ST/STM32_USB_Device_Library/Core/Src/usbd_ctlreq.o
 .debug_macro   0x000187df      0x33d ./Middlewares/ST/STM32_USB_Device_Library/Core/Src/usbd_ioreq.o
 .debug_macro   0x00018b1c      0x370 ./USB_DEVICE/App/usb_device.o
 .debug_macro   0x00018e8c       0x46 ./USB_DEVICE/App/usb_device.o
 .debug_macro   0x00018ed2      0x35b ./USB_DEVICE/App/usbd_cdc_if.o
 .debug_macro   0x0001922d       0x10 ./USB_DEVICE/App/usbd_cdc_if.o
 .debug_macro   0x0001923d      0x374 ./USB_DEVICE/App/usbd_desc.o
 .debug_macro   0x000195b1       0x1c ./USB_DEVICE/App/usbd_desc.o
 .debug_macro   0x000195cd      0x354 ./USB_DEVICE/Target/usbd_conf.o

.debug_line     0x00000000    0x10baf
 .debug_line    0x00000000      0xb6d ./Core/Src/main.o
 .debug_line    0x00000b6d      0x89c ./Core/Src/myLora.o
 .debug_line    0x00001409      0x765 ./Core/Src/stm32f1xx_hal_msp.o
 .debug_line    0x00001b6e      0x7d8 ./Core/Src/stm32f1xx_it.o
 .debug_line    0x00002346      0x790 ./Core/Src/system_stm32f1xx.o
 .debug_line    0x00002ad6       0x78 ./Core/Startup/startup_stm32f103cbtx.o
 .debug_line    0x00002b4e      0x9c1 ./Drivers/STM32F1xx_HAL_Driver/Src/stm32f1xx_hal.o
 .debug_line    0x0000350f      0xb8b ./Drivers/STM32F1xx_HAL_Driver/Src/stm32f1xx_hal_cortex.o
 .debug_line    0x0000409a      0xa1e ./Drivers/STM32F1xx_HAL_Driver/Src/stm32f1xx_hal_gpio.o
 .debug_line    0x00004ab8     0x1346 ./Drivers/STM32F1xx_HAL_Driver/Src/stm32f1xx_hal_pcd.o
 .debug_line    0x00005dfe      0x78b ./Drivers/STM32F1xx_HAL_Driver/Src/stm32f1xx_hal_pcd_ex.o
 .debug_line    0x00006589      0xe7a ./Drivers/STM32F1xx_HAL_Driver/Src/stm32f1xx_hal_rcc.o
 .debug_line    0x00007403      0x92b ./Drivers/STM32F1xx_HAL_Driver/Src/stm32f1xx_hal_rcc_ex.o
 .debug_line    0x00007d2e     0x1c58 ./Drivers/STM32F1xx_HAL_Driver/Src/stm32f1xx_hal_spi.o
 .debug_line    0x00009986     0x1131 ./Drivers/STM32F1xx_HAL_Driver/Src/stm32f1xx_ll_usb.o
 .debug_line    0x0000aab7      0xd1a ./Middlewares/ST/STM32_USB_Device_Library/Class/CDC/Src/usbd_cdc.o
 .debug_line    0x0000b7d1      0xd6f ./Middlewares/ST/STM32_USB_Device_Library/Core/Src/usbd_core.o
 .debug_line    0x0000c540      0xfb9 ./Middlewares/ST/STM32_USB_Device_Library/Core/Src/usbd_ctlreq.o
 .debug_line    0x0000d4f9      0xa25 ./Middlewares/ST/STM32_USB_Device_Library/Core/Src/usbd_ioreq.o
 .debug_line    0x0000df1e      0x9f5 ./USB_DEVICE/App/usb_device.o
 .debug_line    0x0000e913      0xa2d ./USB_DEVICE/App/usbd_cdc_if.o
 .debug_line    0x0000f340      0xa9e ./USB_DEVICE/App/usbd_desc.o
 .debug_line    0x0000fdde      0xdd1 ./USB_DEVICE/Target/usbd_conf.o

.debug_str      0x00000000    0x869b9
 .debug_str     0x00000000    0x869b9 ./Core/Src/main.o
                              0x84266 (size before relaxing)
 .debug_str     0x000869b9    0x7f570 ./Core/Src/myLora.o
 .debug_str     0x000869b9    0x7f130 ./Core/Src/stm32f1xx_hal_msp.o
 .debug_str     0x000869b9    0x7f0b4 ./Core/Src/stm32f1xx_it.o
 .debug_str     0x000869b9    0x7ec18 ./Core/Src/system_stm32f1xx.o
 .debug_str     0x000869b9       0x61 ./Core/Startup/startup_stm32f103cbtx.o
 .debug_str     0x000869b9    0x7f34b ./Drivers/STM32F1xx_HAL_Driver/Src/stm32f1xx_hal.o
 .debug_str     0x000869b9    0x7f297 ./Drivers/STM32F1xx_HAL_Driver/Src/stm32f1xx_hal_cortex.o
 .debug_str     0x000869b9    0x7ef9e ./Drivers/STM32F1xx_HAL_Driver/Src/stm32f1xx_hal_gpio.o
 .debug_str     0x000869b9    0x7f535 ./Drivers/STM32F1xx_HAL_Driver/Src/stm32f1xx_hal_pcd.o
 .debug_str     0x000869b9    0x7f097 ./Drivers/STM32F1xx_HAL_Driver/Src/stm32f1xx_hal_pcd_ex.o
 .debug_str     0x000869b9    0x7f047 ./Drivers/STM32F1xx_HAL_Driver/Src/stm32f1xx_hal_rcc.o
 .debug_str     0x000869b9    0x7ed97 ./Drivers/STM32F1xx_HAL_Driver/Src/stm32f1xx_hal_rcc_ex.o
 .debug_str     0x000869b9    0x7f53e ./Drivers/STM32F1xx_HAL_Driver/Src/stm32f1xx_hal_spi.o
 .debug_str     0x000869b9    0x7f0e9 ./Drivers/STM32F1xx_HAL_Driver/Src/stm32f1xx_ll_usb.o
 .debug_str     0x000869b9    0x83c6c ./Middlewares/ST/STM32_USB_Device_Library/Class/CDC/Src/usbd_cdc.o
 .debug_str     0x000869b9    0x8359c ./Middlewares/ST/STM32_USB_Device_Library/Core/Src/usbd_core.o
 .debug_str     0x000869b9    0x834b6 ./Middlewares/ST/STM32_USB_Device_Library/Core/Src/usbd_ctlreq.o
 .debug_str     0x000869b9    0x833e3 ./Middlewares/ST/STM32_USB_Device_Library/Core/Src/usbd_ioreq.o
 .debug_str     0x000869b9    0x8376e ./USB_DEVICE/App/usb_device.o
 .debug_str     0x000869b9    0x83794 ./USB_DEVICE/App/usbd_cdc_if.o
 .debug_str     0x000869b9    0x83311 ./USB_DEVICE/App/usbd_desc.o
 .debug_str     0x000869b9    0x841f9 ./USB_DEVICE/Target/usbd_conf.o

.comment        0x00000000       0x43
 .comment       0x00000000       0x43 ./Core/Src/main.o
                                 0x44 (size before relaxing)
 .comment       0x00000043       0x44 ./Core/Src/myLora.o
 .comment       0x00000043       0x44 ./Core/Src/stm32f1xx_hal_msp.o
 .comment       0x00000043       0x44 ./Core/Src/stm32f1xx_it.o
 .comment       0x00000043       0x44 ./Core/Src/system_stm32f1xx.o
 .comment       0x00000043       0x44 ./Drivers/STM32F1xx_HAL_Driver/Src/stm32f1xx_hal.o
 .comment       0x00000043       0x44 ./Drivers/STM32F1xx_HAL_Driver/Src/stm32f1xx_hal_cortex.o
 .comment       0x00000043       0x44 ./Drivers/STM32F1xx_HAL_Driver/Src/stm32f1xx_hal_gpio.o
 .comment       0x00000043       0x44 ./Drivers/STM32F1xx_HAL_Driver/Src/stm32f1xx_hal_pcd.o
 .comment       0x00000043       0x44 ./Drivers/STM32F1xx_HAL_Driver/Src/stm32f1xx_hal_pcd_ex.o
 .comment       0x00000043       0x44 ./Drivers/STM32F1xx_HAL_Driver/Src/stm32f1xx_hal_rcc.o
 .comment       0x00000043       0x44 ./Drivers/STM32F1xx_HAL_Driver/Src/stm32f1xx_hal_rcc_ex.o
 .comment       0x00000043       0x44 ./Drivers/STM32F1xx_HAL_Driver/Src/stm32f1xx_hal_spi.o
 .comment       0x00000043       0x44 ./Drivers/STM32F1xx_HAL_Driver/Src/stm32f1xx_ll_usb.o
 .comment       0x00000043       0x44 ./Middlewares/ST/STM32_USB_Device_Library/Class/CDC/Src/usbd_cdc.o
 .comment       0x00000043       0x44 ./Middlewares/ST/STM32_USB_Device_Library/Core/Src/usbd_core.o
 .comment       0x00000043       0x44 ./Middlewares/ST/STM32_USB_Device_Library/Core/Src/usbd_ctlreq.o
 .comment       0x00000043       0x44 ./Middlewares/ST/STM32_USB_Device_Library/Core/Src/usbd_ioreq.o
 .comment       0x00000043       0x44 ./USB_DEVICE/App/usb_device.o
 .comment       0x00000043       0x44 ./USB_DEVICE/App/usbd_cdc_if.o
 .comment       0x00000043       0x44 ./USB_DEVICE/App/usbd_desc.o
 .comment       0x00000043       0x44 ./USB_DEVICE/Target/usbd_conf.o

.debug_frame    0x00000000     0x3124
 .debug_frame   0x00000000       0xac ./Core/Src/main.o
 .debug_frame   0x000000ac       0xc4 ./Core/Src/myLora.o
 .debug_frame   0x00000170       0x80 ./Core/Src/stm32f1xx_hal_msp.o
 .debug_frame   0x000001f0      0x120 ./Core/Src/stm32f1xx_it.o
 .debug_frame   0x00000310       0x58 ./Core/Src/system_stm32f1xx.o
 .debug_frame   0x00000368      0x334 ./Drivers/STM32F1xx_HAL_Driver/Src/stm32f1xx_hal.o
 .debug_frame   0x0000069c      0x428 ./Drivers/STM32F1xx_HAL_Driver/Src/stm32f1xx_hal_cortex.o
 .debug_frame   0x00000ac4      0x14c ./Drivers/STM32F1xx_HAL_Driver/Src/stm32f1xx_hal_gpio.o
 .debug_frame   0x00000c10      0x594 ./Drivers/STM32F1xx_HAL_Driver/Src/stm32f1xx_hal_pcd.o
 .debug_frame   0x000011a4       0xb0 ./Drivers/STM32F1xx_HAL_Driver/Src/stm32f1xx_hal_pcd_ex.o
 .debug_frame   0x00001254      0x218 ./Drivers/STM32F1xx_HAL_Driver/Src/stm32f1xx_hal_rcc.o
 .debug_frame   0x0000146c       0x80 ./Drivers/STM32F1xx_HAL_Driver/Src/stm32f1xx_hal_rcc_ex.o
 .debug_frame   0x000014ec      0x824 ./Drivers/STM32F1xx_HAL_Driver/Src/stm32f1xx_hal_spi.o
 .debug_frame   0x00001d10      0x470 ./Drivers/STM32F1xx_HAL_Driver/Src/stm32f1xx_ll_usb.o
 .debug_frame   0x00002180      0x248 ./Middlewares/ST/STM32_USB_Device_Library/Class/CDC/Src/usbd_cdc.o
 .debug_frame   0x000023c8      0x300 ./Middlewares/ST/STM32_USB_Device_Library/Core/Src/usbd_core.o
 .debug_frame   0x000026c8      0x218 ./Middlewares/ST/STM32_USB_Device_Library/Core/Src/usbd_ctlreq.o
 .debug_frame   0x000028e0      0x10c ./Middlewares/ST/STM32_USB_Device_Library/Core/Src/usbd_ioreq.o
 .debug_frame   0x000029ec       0x2c ./USB_DEVICE/App/usb_device.o
 .debug_frame   0x00002a18       0xbc ./USB_DEVICE/App/usbd_cdc_if.o
 .debug_frame   0x00002ad4      0x160 ./USB_DEVICE/App/usbd_desc.o
 .debug_frame   0x00002c34      0x4a4 ./USB_DEVICE/Target/usbd_conf.o
 .debug_frame   0x000030d8       0x20 C:/ST/STM32CubeIDE_1.18.1/STM32CubeIDE/plugins/com.st.stm32cube.ide.mcu.externaltools.gnu-tools-for-stm32.13.3.rel1.win32_1.0.0.202411081344/tools/bin/../lib/gcc/arm-none-eabi/13.3.1/../../../../arm-none-eabi/lib/thumb/v7-m/nofp\libc_nano.a(libc_a-memset.o)
 .debug_frame   0x000030f8       0x2c C:/ST/STM32CubeIDE_1.18.1/STM32CubeIDE/plugins/com.st.stm32cube.ide.mcu.externaltools.gnu-tools-for-stm32.13.3.rel1.win32_1.0.0.202411081344/tools/bin/../lib/gcc/arm-none-eabi/13.3.1/../../../../arm-none-eabi/lib/thumb/v7-m/nofp\libc_nano.a(libc_a-init.o)

.debug_line_str
                0x00000000       0x45
 .debug_line_str
                0x00000000       0x45 ./Core/Startup/startup_stm32f103cbtx.o
