../Core/Src/main.c:83:5:main	8	static
../Core/Src/main.c:137:6:SystemClock_Config	88	static
../Core/Src/main.c:184:13:MX_ADC1_Init	24	static
../Core/Src/main.c:236:13:MX_I2C1_Init	8	static
../Core/Src/main.c:270:13:MX_SDIO_SD_Init	4	static
../Core/Src/main.c:298:13:MX_SPI1_Init	8	static
../Core/Src/main.c:336:13:MX_USART1_UART_Init	8	static
../Core/Src/main.c:369:13:MX_USART6_UART_Init	8	static
../Core/Src/main.c:402:13:MX_GPIO_Init	48	static
../Core/Src/main.c:477:6:Error_Handler	4	static,ignoring_inline_asm
