../Core/Src/main.c:117:5:main	8	static
../Core/Src/main.c:173:6:SystemClock_Config	88	static
../Core/Src/main.c:216:13:MX_SDIO_SD_Init	4	static
../Core/Src/main.c:243:13:MX_SPI1_Init	8	static
../Core/Src/main.c:279:13:MX_GPIO_Init	48	static
../Core/Src/main.c:338:6:writeSD	16	static
../Core/Src/main.c:348:6:readData	8	static
../Core/Src/main.c:381:6:writeData	216	dynamic
../Core/Src/main.c:434:6:recieveTransmitData	40	static
../Core/Src/main.c:450:6:cheakAll	8	static
../Core/Src/main.c:515:6:initVariables	8	static
../Core/Src/main.c:530:6:Error_Handler	4	static,ignoring_inline_asm
