../Core/Src/main.c:110:5:main	8	static
../Core/Src/main.c:166:6:SystemClock_Config	88	static
../Core/Src/main.c:209:13:MX_SDIO_SD_Init	4	static
../Core/Src/main.c:236:13:MX_SPI1_Init	8	static
../Core/Src/main.c:272:13:MX_GPIO_Init	48	static
../Core/Src/main.c:331:6:writeSD	16	static
../Core/Src/main.c:341:6:readData	8	static
../Core/Src/main.c:374:6:writeData	88	dynamic
../Core/Src/main.c:391:6:recieveTransmitData	40	static
../Core/Src/main.c:407:6:cheakAll	8	static
../Core/Src/main.c:471:6:getSeaLvlPress	8	static
../Core/Src/main.c:482:6:Error_Handler	4	static,ignoring_inline_asm
